{
  "Entries": [
    {
      "RequestUri": "/subscriptions/c9cbd920-c00c-427c-852b-8aaf38badaeb/resourcegroups/RGName-ps637?api-version=2016-02-01",
      "EncodedRequestUri": "L3N1YnNjcmlwdGlvbnMvYzljYmQ5MjAtYzAwYy00MjdjLTg1MmItOGFhZjM4YmFkYWViL3Jlc291cmNlZ3JvdXBzL1JHTmFtZS1wczYzNz9hcGktdmVyc2lvbj0yMDE2LTAyLTAx",
      "RequestMethod": "PUT",
      "RequestBody": "{\r\n  \"location\": \"westus2\"\r\n}",
      "RequestHeaders": {
        "Content-Type": [
          "application/json; charset=utf-8"
        ],
        "Content-Length": [
          "29"
        ],
        "User-Agent": [
          "Microsoft.Azure.Management.Resources.ResourceManagementClient/2.0.0.0"
        ]
      },
      "ResponseBody": "{\r\n  \"id\": \"/subscriptions/c9cbd920-c00c-427c-852b-8aaf38badaeb/resourceGroups/RGName-ps637\",\r\n  \"name\": \"RGName-ps637\",\r\n  \"location\": \"westus2\",\r\n  \"properties\": {\r\n    \"provisioningState\": \"Succeeded\"\r\n  }\r\n}",
      "ResponseHeaders": {
        "Content-Length": [
          "178"
        ],
        "Content-Type": [
          "application/json; charset=utf-8"
        ],
        "Expires": [
          "-1"
        ],
        "Pragma": [
          "no-cache"
        ],
        "x-ms-ratelimit-remaining-subscription-writes": [
          "1199"
        ],
        "x-ms-request-id": [
          "89265392-f27d-49bb-98e5-10b6bccb4746"
        ],
        "x-ms-correlation-request-id": [
          "89265392-f27d-49bb-98e5-10b6bccb4746"
        ],
        "x-ms-routing-request-id": [
          "WESTUS2:20180209T175250Z:89265392-f27d-49bb-98e5-10b6bccb4746"
        ],
        "Strict-Transport-Security": [
          "max-age=31536000; includeSubDomains"
        ],
        "Cache-Control": [
          "no-cache"
        ],
        "Date": [
          "Fri, 09 Feb 2018 17:52:50 GMT"
        ]
      },
      "StatusCode": 201
    },
    {
      "RequestUri": "//subscriptions/c9cbd920-c00c-427c-852b-8aaf38badaeb/resourceGroups/RGName-ps637/providers/Microsoft.EventGrid/eventSubscriptions/EventSubscription-ps7015?api-version=2017-09-15-preview",
      "EncodedRequestUri": "Ly9zdWJzY3JpcHRpb25zL2M5Y2JkOTIwLWMwMGMtNDI3Yy04NTJiLThhYWYzOGJhZGFlYi9yZXNvdXJjZUdyb3Vwcy9SR05hbWUtcHM2MzcvcHJvdmlkZXJzL01pY3Jvc29mdC5FdmVudEdyaWQvZXZlbnRTdWJzY3JpcHRpb25zL0V2ZW50U3Vic2NyaXB0aW9uLXBzNzAxNT9hcGktdmVyc2lvbj0yMDE3LTA5LTE1LXByZXZpZXc=",
      "RequestMethod": "PUT",
      "RequestBody": "{\r\n  \"properties\": {\r\n    \"destination\": {\r\n      \"endpointType\": \"WebHook\",\r\n      \"properties\": {\r\n        \"endpointUrl\": \"https://requestb.in/19qlscd1\"\r\n      }\r\n    },\r\n    \"filter\": {\r\n      \"includedEventTypes\": [\r\n        \"All\"\r\n      ],\r\n      \"isSubjectCaseSensitive\": false\r\n    },\r\n    \"labels\": [\r\n      \"Finance\",\r\n      \"HR\"\r\n    ]\r\n  }\r\n}",
      "RequestHeaders": {
        "Content-Type": [
          "application/json; charset=utf-8"
        ],
        "Content-Length": [
          "353"
        ],
        "x-ms-client-request-id": [
          "5e2e7e3f-2ec3-405d-b928-285cfca2d0f1"
        ],
        "accept-language": [
          "en-US"
        ],
        "User-Agent": [
          "FxVersion/4.7.2600.0",
          "OSName/Windows10Enterprise",
          "OSVersion/6.3.16299",
          "Microsoft.Azure.Management.EventGrid.EventGridManagementClient/1.1.0.0"
        ]
      },
      "ResponseBody": "{\r\n  \"properties\": {\r\n    \"topic\": \"/subscriptions/c9cbd920-c00c-427c-852b-8aaf38badaeb/resourceGroups/rgname-ps637\",\r\n    \"provisioningState\": \"Creating\",\r\n    \"destination\": {\r\n      \"properties\": {\r\n        \"endpointUrl\": null,\r\n        \"endpointBaseUrl\": \"https://requestb.in/19qlscd1\"\r\n      },\r\n      \"endpointType\": \"WebHook\"\r\n    },\r\n    \"filter\": {\r\n      \"includedEventTypes\": [\r\n        \"All\"\r\n      ]\r\n    },\r\n    \"labels\": [\r\n      \"Finance\",\r\n      \"HR\"\r\n    ]\r\n  },\r\n  \"id\": \"/subscriptions/c9cbd920-c00c-427c-852b-8aaf38badaeb/resourceGroups/RGName-ps637/providers/Microsoft.EventGrid/eventSubscriptions/EventSubscription-ps7015\",\r\n  \"name\": \"EventSubscription-ps7015\",\r\n  \"type\": \"Microsoft.EventGrid/eventSubscriptions\"\r\n}",
      "ResponseHeaders": {
        "Content-Length": [
          "570"
        ],
        "Content-Type": [
          "application/json; charset=utf-8"
        ],
        "Expires": [
          "-1"
        ],
        "Pragma": [
          "no-cache"
        ],
        "Retry-After": [
          "10"
        ],
        "Azure-AsyncOperation": [
          "https://management.azure.com:443/subscriptions/c9cbd920-c00c-427c-852b-8aaf38badaeb/providers/Microsoft.EventGrid/operationsStatus/F131D4C1-69A0-46EB-ADAC-43D60E5D6645?api-version=2017-09-15-preview"
        ],
        "x-ms-request-id": [
          "11509ea0-dea1-460e-a022-464cfdc8cd2d"
        ],
        "x-ms-ratelimit-remaining-subscription-writes": [
          "1197"
        ],
        "x-ms-correlation-request-id": [
          "7fd9c74a-af16-4459-b278-2d71a92c091a"
        ],
        "x-ms-routing-request-id": [
          "WESTUS2:20180209T175252Z:7fd9c74a-af16-4459-b278-2d71a92c091a"
        ],
        "Strict-Transport-Security": [
          "max-age=31536000; includeSubDomains"
        ],
        "Cache-Control": [
          "no-cache"
        ],
        "Date": [
          "Fri, 09 Feb 2018 17:52:52 GMT"
        ],
        "Server": [
          "Microsoft-HTTPAPI/2.0"
        ]
      },
      "StatusCode": 201
    },
    {
      "RequestUri": "/subscriptions/c9cbd920-c00c-427c-852b-8aaf38badaeb/providers/Microsoft.EventGrid/operationsStatus/F131D4C1-69A0-46EB-ADAC-43D60E5D6645?api-version=2017-09-15-preview",
      "EncodedRequestUri": "L3N1YnNjcmlwdGlvbnMvYzljYmQ5MjAtYzAwYy00MjdjLTg1MmItOGFhZjM4YmFkYWViL3Byb3ZpZGVycy9NaWNyb3NvZnQuRXZlbnRHcmlkL29wZXJhdGlvbnNTdGF0dXMvRjEzMUQ0QzEtNjlBMC00NkVCLUFEQUMtNDNENjBFNUQ2NjQ1P2FwaS12ZXJzaW9uPTIwMTctMDktMTUtcHJldmlldw==",
      "RequestMethod": "GET",
      "RequestBody": "",
      "RequestHeaders": {
        "User-Agent": [
          "FxVersion/4.7.2600.0",
          "OSName/Windows10Enterprise",
          "OSVersion/6.3.16299",
          "Microsoft.Azure.Management.EventGrid.EventGridManagementClient/1.1.0.0"
        ]
      },
      "ResponseBody": "{\r\n  \"id\": \"https://management.azure.com/subscriptions/c9cbd920-c00c-427c-852b-8aaf38badaeb/providers/Microsoft.EventGrid/operationsStatus/F131D4C1-69A0-46EB-ADAC-43D60E5D6645?api-version=2017-09-15-preview\",\r\n  \"name\": \"f131d4c1-69a0-46eb-adac-43d60e5d6645\",\r\n  \"status\": \"InProgress\"\r\n}",
      "ResponseHeaders": {
        "Content-Length": [
          "271"
        ],
        "Content-Type": [
          "application/json; charset=utf-8"
        ],
        "Expires": [
          "-1"
        ],
        "Pragma": [
          "no-cache"
        ],
        "x-ms-request-id": [
          "f43763a6-1d0f-4b11-8432-f8f77765976a"
        ],
        "x-ms-ratelimit-remaining-subscription-reads": [
          "14994"
        ],
        "x-ms-correlation-request-id": [
          "fd6241c3-a983-4fe8-a7ec-f2eab98ce28c"
        ],
        "x-ms-routing-request-id": [
          "WESTUS2:20180209T175302Z:fd6241c3-a983-4fe8-a7ec-f2eab98ce28c"
        ],
        "Strict-Transport-Security": [
          "max-age=31536000; includeSubDomains"
        ],
        "Cache-Control": [
          "no-cache"
        ],
        "Date": [
          "Fri, 09 Feb 2018 17:53:01 GMT"
        ],
        "Server": [
          "Microsoft-HTTPAPI/2.0"
        ]
      },
      "StatusCode": 200
    },
    {
      "RequestUri": "/subscriptions/c9cbd920-c00c-427c-852b-8aaf38badaeb/providers/Microsoft.EventGrid/operationsStatus/F131D4C1-69A0-46EB-ADAC-43D60E5D6645?api-version=2017-09-15-preview",
      "EncodedRequestUri": "L3N1YnNjcmlwdGlvbnMvYzljYmQ5MjAtYzAwYy00MjdjLTg1MmItOGFhZjM4YmFkYWViL3Byb3ZpZGVycy9NaWNyb3NvZnQuRXZlbnRHcmlkL29wZXJhdGlvbnNTdGF0dXMvRjEzMUQ0QzEtNjlBMC00NkVCLUFEQUMtNDNENjBFNUQ2NjQ1P2FwaS12ZXJzaW9uPTIwMTctMDktMTUtcHJldmlldw==",
      "RequestMethod": "GET",
      "RequestBody": "",
      "RequestHeaders": {
        "User-Agent": [
          "FxVersion/4.7.2600.0",
          "OSName/Windows10Enterprise",
          "OSVersion/6.3.16299",
          "Microsoft.Azure.Management.EventGrid.EventGridManagementClient/1.1.0.0"
        ]
      },
      "ResponseBody": "{\r\n  \"id\": \"https://management.azure.com/subscriptions/c9cbd920-c00c-427c-852b-8aaf38badaeb/providers/Microsoft.EventGrid/operationsStatus/F131D4C1-69A0-46EB-ADAC-43D60E5D6645?api-version=2017-09-15-preview\",\r\n  \"name\": \"f131d4c1-69a0-46eb-adac-43d60e5d6645\",\r\n  \"status\": \"Succeeded\"\r\n}",
      "ResponseHeaders": {
        "Content-Length": [
          "270"
        ],
        "Content-Type": [
          "application/json; charset=utf-8"
        ],
        "Expires": [
          "-1"
        ],
        "Pragma": [
          "no-cache"
        ],
        "x-ms-request-id": [
          "ec729423-b54b-4aa1-b2ee-af06b80d4075"
        ],
        "x-ms-ratelimit-remaining-subscription-reads": [
          "14993"
        ],
        "x-ms-correlation-request-id": [
          "5fe81ce4-ed61-4e7d-9303-95e2d86a9676"
        ],
        "x-ms-routing-request-id": [
          "WESTUS2:20180209T175312Z:5fe81ce4-ed61-4e7d-9303-95e2d86a9676"
        ],
        "Strict-Transport-Security": [
          "max-age=31536000; includeSubDomains"
        ],
        "Cache-Control": [
          "no-cache"
        ],
        "Date": [
          "Fri, 09 Feb 2018 17:53:11 GMT"
        ],
        "Server": [
          "Microsoft-HTTPAPI/2.0"
        ]
      },
      "StatusCode": 200
    },
    {
      "RequestUri": "//subscriptions/c9cbd920-c00c-427c-852b-8aaf38badaeb/resourceGroups/RGName-ps637/providers/Microsoft.EventGrid/eventSubscriptions/EventSubscription-ps7015?api-version=2017-09-15-preview",
      "EncodedRequestUri": "Ly9zdWJzY3JpcHRpb25zL2M5Y2JkOTIwLWMwMGMtNDI3Yy04NTJiLThhYWYzOGJhZGFlYi9yZXNvdXJjZUdyb3Vwcy9SR05hbWUtcHM2MzcvcHJvdmlkZXJzL01pY3Jvc29mdC5FdmVudEdyaWQvZXZlbnRTdWJzY3JpcHRpb25zL0V2ZW50U3Vic2NyaXB0aW9uLXBzNzAxNT9hcGktdmVyc2lvbj0yMDE3LTA5LTE1LXByZXZpZXc=",
      "RequestMethod": "GET",
      "RequestBody": "",
      "RequestHeaders": {
        "User-Agent": [
          "FxVersion/4.7.2600.0",
          "OSName/Windows10Enterprise",
          "OSVersion/6.3.16299",
          "Microsoft.Azure.Management.EventGrid.EventGridManagementClient/1.1.0.0"
        ]
      },
      "ResponseBody": "{\r\n  \"properties\": {\r\n    \"topic\": \"/subscriptions/c9cbd920-c00c-427c-852b-8aaf38badaeb/resourceGroups/rgname-ps637\",\r\n    \"provisioningState\": \"Succeeded\",\r\n    \"destination\": {\r\n      \"properties\": {\r\n        \"endpointUrl\": null,\r\n        \"endpointBaseUrl\": \"https://requestb.in/19qlscd1\"\r\n      },\r\n      \"endpointType\": \"WebHook\"\r\n    },\r\n    \"filter\": {\r\n      \"subjectBeginsWith\": \"\",\r\n      \"subjectEndsWith\": \"\",\r\n      \"includedEventTypes\": [\r\n        \"All\"\r\n      ]\r\n    },\r\n    \"labels\": [\r\n      \"Finance\",\r\n      \"HR\"\r\n    ]\r\n  },\r\n  \"id\": \"/subscriptions/c9cbd920-c00c-427c-852b-8aaf38badaeb/resourceGroups/RGName-ps637/providers/Microsoft.EventGrid/eventSubscriptions/EventSubscription-ps7015\",\r\n  \"name\": \"EventSubscription-ps7015\",\r\n  \"type\": \"Microsoft.EventGrid/eventSubscriptions\"\r\n}",
      "ResponseHeaders": {
        "Content-Length": [
          "615"
        ],
        "Content-Type": [
          "application/json; charset=utf-8"
        ],
        "Expires": [
          "-1"
        ],
        "Pragma": [
          "no-cache"
        ],
        "x-ms-request-id": [
          "26293796-9cf5-4149-9959-da2f3dd2ee73"
        ],
        "x-ms-ratelimit-remaining-subscription-reads": [
          "14992"
        ],
        "x-ms-correlation-request-id": [
          "ef596076-b445-42e9-b0d1-dd399eb024c7"
        ],
        "x-ms-routing-request-id": [
          "WESTUS2:20180209T175312Z:ef596076-b445-42e9-b0d1-dd399eb024c7"
        ],
        "Strict-Transport-Security": [
          "max-age=31536000; includeSubDomains"
        ],
        "Cache-Control": [
          "no-cache"
        ],
        "Date": [
          "Fri, 09 Feb 2018 17:53:11 GMT"
        ],
        "Server": [
          "Microsoft-HTTPAPI/2.0"
        ]
      },
      "StatusCode": 200
    },
    {
      "RequestUri": "//subscriptions/c9cbd920-c00c-427c-852b-8aaf38badaeb/resourceGroups/RGName-ps637/providers/Microsoft.EventGrid/eventSubscriptions/EventSubscription-ps7015?api-version=2017-09-15-preview",
      "EncodedRequestUri": "Ly9zdWJzY3JpcHRpb25zL2M5Y2JkOTIwLWMwMGMtNDI3Yy04NTJiLThhYWYzOGJhZGFlYi9yZXNvdXJjZUdyb3Vwcy9SR05hbWUtcHM2MzcvcHJvdmlkZXJzL01pY3Jvc29mdC5FdmVudEdyaWQvZXZlbnRTdWJzY3JpcHRpb25zL0V2ZW50U3Vic2NyaXB0aW9uLXBzNzAxNT9hcGktdmVyc2lvbj0yMDE3LTA5LTE1LXByZXZpZXc=",
      "RequestMethod": "GET",
      "RequestBody": "",
      "RequestHeaders": {
        "x-ms-client-request-id": [
          "c7e2342c-22ce-427b-9935-5034f6ce10a3"
        ],
        "accept-language": [
          "en-US"
        ],
        "User-Agent": [
          "FxVersion/4.7.2600.0",
          "OSName/Windows10Enterprise",
          "OSVersion/6.3.16299",
          "Microsoft.Azure.Management.EventGrid.EventGridManagementClient/1.1.0.0"
        ]
      },
      "ResponseBody": "{\r\n  \"properties\": {\r\n    \"topic\": \"/subscriptions/c9cbd920-c00c-427c-852b-8aaf38badaeb/resourceGroups/rgname-ps637\",\r\n    \"provisioningState\": \"Succeeded\",\r\n    \"destination\": {\r\n      \"properties\": {\r\n        \"endpointUrl\": null,\r\n        \"endpointBaseUrl\": \"https://requestb.in/19qlscd1\"\r\n      },\r\n      \"endpointType\": \"WebHook\"\r\n    },\r\n    \"filter\": {\r\n      \"subjectBeginsWith\": \"\",\r\n      \"subjectEndsWith\": \"\",\r\n      \"includedEventTypes\": [\r\n        \"All\"\r\n      ]\r\n    },\r\n    \"labels\": [\r\n      \"Finance\",\r\n      \"HR\"\r\n    ]\r\n  },\r\n  \"id\": \"/subscriptions/c9cbd920-c00c-427c-852b-8aaf38badaeb/resourceGroups/RGName-ps637/providers/Microsoft.EventGrid/eventSubscriptions/EventSubscription-ps7015\",\r\n  \"name\": \"EventSubscription-ps7015\",\r\n  \"type\": \"Microsoft.EventGrid/eventSubscriptions\"\r\n}",
      "ResponseHeaders": {
        "Content-Length": [
          "615"
        ],
        "Content-Type": [
          "application/json; charset=utf-8"
        ],
        "Expires": [
          "-1"
        ],
        "Pragma": [
          "no-cache"
        ],
        "x-ms-request-id": [
          "49a32973-e5c9-4fa1-bbda-0a163e097e2d"
        ],
        "x-ms-ratelimit-remaining-subscription-reads": [
          "14985"
        ],
        "x-ms-correlation-request-id": [
          "74a07e73-559b-4054-985a-7becc8af1f8b"
        ],
        "x-ms-routing-request-id": [
          "WESTUS2:20180209T175404Z:74a07e73-559b-4054-985a-7becc8af1f8b"
        ],
        "Strict-Transport-Security": [
          "max-age=31536000; includeSubDomains"
        ],
        "Cache-Control": [
          "no-cache"
        ],
        "Date": [
          "Fri, 09 Feb 2018 17:54:03 GMT"
        ],
        "Server": [
          "Microsoft-HTTPAPI/2.0"
        ]
      },
      "StatusCode": 200
    },
    {
      "RequestUri": "//subscriptions/c9cbd920-c00c-427c-852b-8aaf38badaeb/resourceGroups/RGName-ps637/providers/Microsoft.EventGrid/eventSubscriptions/EventSubscription-ps7981?api-version=2017-09-15-preview",
      "EncodedRequestUri": "Ly9zdWJzY3JpcHRpb25zL2M5Y2JkOTIwLWMwMGMtNDI3Yy04NTJiLThhYWYzOGJhZGFlYi9yZXNvdXJjZUdyb3Vwcy9SR05hbWUtcHM2MzcvcHJvdmlkZXJzL01pY3Jvc29mdC5FdmVudEdyaWQvZXZlbnRTdWJzY3JpcHRpb25zL0V2ZW50U3Vic2NyaXB0aW9uLXBzNzk4MT9hcGktdmVyc2lvbj0yMDE3LTA5LTE1LXByZXZpZXc=",
      "RequestMethod": "PUT",
      "RequestBody": "{\r\n  \"properties\": {\r\n    \"destination\": {\r\n      \"endpointType\": \"WebHook\",\r\n      \"properties\": {\r\n        \"endpointUrl\": \"https://requestb.in/19qlscd1\"\r\n      }\r\n    },\r\n    \"filter\": {\r\n      \"includedEventTypes\": [\r\n        \"Microsoft.Resources.ResourceWriteFailure\",\r\n        \"Microsoft.Resources.ResourceWriteSuccess\"\r\n      ],\r\n      \"isSubjectCaseSensitive\": false\r\n    }\r\n  }\r\n}",
      "RequestHeaders": {
        "Content-Type": [
          "application/json; charset=utf-8"
        ],
        "Content-Length": [
          "388"
        ],
        "x-ms-client-request-id": [
          "d2502e17-61b0-4c1f-9a41-49906b18fba8"
        ],
        "accept-language": [
          "en-US"
        ],
        "User-Agent": [
          "FxVersion/4.7.2600.0",
          "OSName/Windows10Enterprise",
          "OSVersion/6.3.16299",
          "Microsoft.Azure.Management.EventGrid.EventGridManagementClient/1.1.0.0"
        ]
      },
      "ResponseBody": "{\r\n  \"properties\": {\r\n    \"topic\": \"/subscriptions/c9cbd920-c00c-427c-852b-8aaf38badaeb/resourceGroups/rgname-ps637\",\r\n    \"provisioningState\": \"Creating\",\r\n    \"destination\": {\r\n      \"properties\": {\r\n        \"endpointUrl\": null,\r\n        \"endpointBaseUrl\": \"https://requestb.in/19qlscd1\"\r\n      },\r\n      \"endpointType\": \"WebHook\"\r\n    },\r\n    \"filter\": {\r\n      \"includedEventTypes\": [\r\n        \"Microsoft.Resources.ResourceWriteFailure\",\r\n        \"Microsoft.Resources.ResourceWriteSuccess\"\r\n      ]\r\n    },\r\n    \"labels\": null\r\n  },\r\n  \"id\": \"/subscriptions/c9cbd920-c00c-427c-852b-8aaf38badaeb/resourceGroups/RGName-ps637/providers/Microsoft.EventGrid/eventSubscriptions/EventSubscription-ps7981\",\r\n  \"name\": \"EventSubscription-ps7981\",\r\n  \"type\": \"Microsoft.EventGrid/eventSubscriptions\"\r\n}",
      "ResponseHeaders": {
        "Content-Length": [
          "638"
        ],
        "Content-Type": [
          "application/json; charset=utf-8"
        ],
        "Expires": [
          "-1"
        ],
        "Pragma": [
          "no-cache"
        ],
        "Retry-After": [
          "10"
        ],
        "Azure-AsyncOperation": [
          "https://management.azure.com:443/subscriptions/c9cbd920-c00c-427c-852b-8aaf38badaeb/providers/Microsoft.EventGrid/operationsStatus/D6A31569-6877-412B-9319-A162272930BC?api-version=2017-09-15-preview"
        ],
        "x-ms-request-id": [
          "5ba6de19-3270-488a-9ca3-5a96fe16eb5c"
        ],
        "x-ms-ratelimit-remaining-subscription-writes": [
          "1196"
        ],
        "x-ms-correlation-request-id": [
          "605e0847-d75b-45fd-b42e-4689c5d71492"
        ],
        "x-ms-routing-request-id": [
          "WESTUS2:20180209T175313Z:605e0847-d75b-45fd-b42e-4689c5d71492"
        ],
        "Strict-Transport-Security": [
          "max-age=31536000; includeSubDomains"
        ],
        "Cache-Control": [
          "no-cache"
        ],
        "Date": [
          "Fri, 09 Feb 2018 17:53:12 GMT"
        ],
        "Server": [
          "Microsoft-HTTPAPI/2.0"
        ]
      },
      "StatusCode": 201
    },
    {
      "RequestUri": "/subscriptions/c9cbd920-c00c-427c-852b-8aaf38badaeb/providers/Microsoft.EventGrid/operationsStatus/D6A31569-6877-412B-9319-A162272930BC?api-version=2017-09-15-preview",
      "EncodedRequestUri": "L3N1YnNjcmlwdGlvbnMvYzljYmQ5MjAtYzAwYy00MjdjLTg1MmItOGFhZjM4YmFkYWViL3Byb3ZpZGVycy9NaWNyb3NvZnQuRXZlbnRHcmlkL29wZXJhdGlvbnNTdGF0dXMvRDZBMzE1NjktNjg3Ny00MTJCLTkzMTktQTE2MjI3MjkzMEJDP2FwaS12ZXJzaW9uPTIwMTctMDktMTUtcHJldmlldw==",
      "RequestMethod": "GET",
      "RequestBody": "",
      "RequestHeaders": {
        "User-Agent": [
          "FxVersion/4.7.2600.0",
          "OSName/Windows10Enterprise",
          "OSVersion/6.3.16299",
          "Microsoft.Azure.Management.EventGrid.EventGridManagementClient/1.1.0.0"
        ]
      },
      "ResponseBody": "{\r\n  \"id\": \"https://management.azure.com/subscriptions/c9cbd920-c00c-427c-852b-8aaf38badaeb/providers/Microsoft.EventGrid/operationsStatus/D6A31569-6877-412B-9319-A162272930BC?api-version=2017-09-15-preview\",\r\n  \"name\": \"d6a31569-6877-412b-9319-a162272930bc\",\r\n  \"status\": \"Active\"\r\n}",
      "ResponseHeaders": {
        "Content-Length": [
          "267"
        ],
        "Content-Type": [
          "application/json; charset=utf-8"
        ],
        "Expires": [
          "-1"
        ],
        "Pragma": [
          "no-cache"
        ],
        "x-ms-request-id": [
          "cf55add3-2d47-4ff9-a64b-2683d19e0ef2"
        ],
        "x-ms-ratelimit-remaining-subscription-reads": [
          "14991"
        ],
        "x-ms-correlation-request-id": [
          "169e0c80-7a65-407d-9af3-274774fabdf9"
        ],
        "x-ms-routing-request-id": [
          "WESTUS2:20180209T175323Z:169e0c80-7a65-407d-9af3-274774fabdf9"
        ],
        "Strict-Transport-Security": [
          "max-age=31536000; includeSubDomains"
        ],
        "Cache-Control": [
          "no-cache"
        ],
        "Date": [
          "Fri, 09 Feb 2018 17:53:22 GMT"
        ],
        "Server": [
          "Microsoft-HTTPAPI/2.0"
        ]
      },
      "StatusCode": 200
    },
    {
      "RequestUri": "/subscriptions/c9cbd920-c00c-427c-852b-8aaf38badaeb/providers/Microsoft.EventGrid/operationsStatus/D6A31569-6877-412B-9319-A162272930BC?api-version=2017-09-15-preview",
      "EncodedRequestUri": "L3N1YnNjcmlwdGlvbnMvYzljYmQ5MjAtYzAwYy00MjdjLTg1MmItOGFhZjM4YmFkYWViL3Byb3ZpZGVycy9NaWNyb3NvZnQuRXZlbnRHcmlkL29wZXJhdGlvbnNTdGF0dXMvRDZBMzE1NjktNjg3Ny00MTJCLTkzMTktQTE2MjI3MjkzMEJDP2FwaS12ZXJzaW9uPTIwMTctMDktMTUtcHJldmlldw==",
      "RequestMethod": "GET",
      "RequestBody": "",
      "RequestHeaders": {
        "User-Agent": [
          "FxVersion/4.7.2600.0",
          "OSName/Windows10Enterprise",
          "OSVersion/6.3.16299",
          "Microsoft.Azure.Management.EventGrid.EventGridManagementClient/1.1.0.0"
        ]
      },
      "ResponseBody": "{\r\n  \"id\": \"https://management.azure.com/subscriptions/c9cbd920-c00c-427c-852b-8aaf38badaeb/providers/Microsoft.EventGrid/operationsStatus/D6A31569-6877-412B-9319-A162272930BC?api-version=2017-09-15-preview\",\r\n  \"name\": \"d6a31569-6877-412b-9319-a162272930bc\",\r\n  \"status\": \"InProgress\"\r\n}",
      "ResponseHeaders": {
        "Content-Length": [
          "271"
        ],
        "Content-Type": [
          "application/json; charset=utf-8"
        ],
        "Expires": [
          "-1"
        ],
        "Pragma": [
          "no-cache"
        ],
        "x-ms-request-id": [
          "108d66fc-0a78-4e9e-82c9-2ced6174032d"
        ],
        "x-ms-ratelimit-remaining-subscription-reads": [
          "14990"
        ],
        "x-ms-correlation-request-id": [
          "3b8117c4-847a-43d0-b7c8-a03d81967f57"
        ],
        "x-ms-routing-request-id": [
          "WESTUS2:20180209T175333Z:3b8117c4-847a-43d0-b7c8-a03d81967f57"
        ],
        "Strict-Transport-Security": [
          "max-age=31536000; includeSubDomains"
        ],
        "Cache-Control": [
          "no-cache"
        ],
        "Date": [
          "Fri, 09 Feb 2018 17:53:33 GMT"
        ],
        "Server": [
          "Microsoft-HTTPAPI/2.0"
        ]
      },
      "StatusCode": 200
    },
    {
      "RequestUri": "/subscriptions/c9cbd920-c00c-427c-852b-8aaf38badaeb/providers/Microsoft.EventGrid/operationsStatus/D6A31569-6877-412B-9319-A162272930BC?api-version=2017-09-15-preview",
      "EncodedRequestUri": "L3N1YnNjcmlwdGlvbnMvYzljYmQ5MjAtYzAwYy00MjdjLTg1MmItOGFhZjM4YmFkYWViL3Byb3ZpZGVycy9NaWNyb3NvZnQuRXZlbnRHcmlkL29wZXJhdGlvbnNTdGF0dXMvRDZBMzE1NjktNjg3Ny00MTJCLTkzMTktQTE2MjI3MjkzMEJDP2FwaS12ZXJzaW9uPTIwMTctMDktMTUtcHJldmlldw==",
      "RequestMethod": "GET",
      "RequestBody": "",
      "RequestHeaders": {
        "User-Agent": [
          "FxVersion/4.7.2600.0",
          "OSName/Windows10Enterprise",
          "OSVersion/6.3.16299",
          "Microsoft.Azure.Management.EventGrid.EventGridManagementClient/1.1.0.0"
        ]
      },
      "ResponseBody": "{\r\n  \"id\": \"https://management.azure.com/subscriptions/c9cbd920-c00c-427c-852b-8aaf38badaeb/providers/Microsoft.EventGrid/operationsStatus/D6A31569-6877-412B-9319-A162272930BC?api-version=2017-09-15-preview\",\r\n  \"name\": \"d6a31569-6877-412b-9319-a162272930bc\",\r\n  \"status\": \"InProgress\"\r\n}",
      "ResponseHeaders": {
        "Content-Length": [
          "271"
        ],
        "Content-Type": [
          "application/json; charset=utf-8"
        ],
        "Expires": [
          "-1"
        ],
        "Pragma": [
          "no-cache"
        ],
        "x-ms-request-id": [
          "8df95b24-a23e-4eb6-b8b0-fae09176ea49"
        ],
        "x-ms-ratelimit-remaining-subscription-reads": [
          "14989"
        ],
        "x-ms-correlation-request-id": [
          "f64aa716-b53c-498d-81c4-edcc6e4c87e7"
        ],
        "x-ms-routing-request-id": [
          "WESTUS2:20180209T175343Z:f64aa716-b53c-498d-81c4-edcc6e4c87e7"
        ],
        "Strict-Transport-Security": [
          "max-age=31536000; includeSubDomains"
        ],
        "Cache-Control": [
          "no-cache"
        ],
        "Date": [
          "Fri, 09 Feb 2018 17:53:43 GMT"
        ],
        "Server": [
          "Microsoft-HTTPAPI/2.0"
        ]
      },
      "StatusCode": 200
    },
    {
      "RequestUri": "/subscriptions/c9cbd920-c00c-427c-852b-8aaf38badaeb/providers/Microsoft.EventGrid/operationsStatus/D6A31569-6877-412B-9319-A162272930BC?api-version=2017-09-15-preview",
      "EncodedRequestUri": "L3N1YnNjcmlwdGlvbnMvYzljYmQ5MjAtYzAwYy00MjdjLTg1MmItOGFhZjM4YmFkYWViL3Byb3ZpZGVycy9NaWNyb3NvZnQuRXZlbnRHcmlkL29wZXJhdGlvbnNTdGF0dXMvRDZBMzE1NjktNjg3Ny00MTJCLTkzMTktQTE2MjI3MjkzMEJDP2FwaS12ZXJzaW9uPTIwMTctMDktMTUtcHJldmlldw==",
      "RequestMethod": "GET",
      "RequestBody": "",
      "RequestHeaders": {
        "User-Agent": [
          "FxVersion/4.7.2600.0",
          "OSName/Windows10Enterprise",
          "OSVersion/6.3.16299",
          "Microsoft.Azure.Management.EventGrid.EventGridManagementClient/1.1.0.0"
        ]
      },
      "ResponseBody": "{\r\n  \"id\": \"https://management.azure.com/subscriptions/c9cbd920-c00c-427c-852b-8aaf38badaeb/providers/Microsoft.EventGrid/operationsStatus/D6A31569-6877-412B-9319-A162272930BC?api-version=2017-09-15-preview\",\r\n  \"name\": \"d6a31569-6877-412b-9319-a162272930bc\",\r\n  \"status\": \"InProgress\"\r\n}",
      "ResponseHeaders": {
        "Content-Length": [
          "271"
        ],
        "Content-Type": [
          "application/json; charset=utf-8"
        ],
        "Expires": [
          "-1"
        ],
        "Pragma": [
          "no-cache"
        ],
        "x-ms-request-id": [
          "e65a09d0-37a5-41a3-acb3-2db20344ec4f"
        ],
        "x-ms-ratelimit-remaining-subscription-reads": [
          "14988"
        ],
        "x-ms-correlation-request-id": [
          "207b1ab7-6b29-4857-b592-9c51eae867fc"
        ],
        "x-ms-routing-request-id": [
          "WESTUS2:20180209T175353Z:207b1ab7-6b29-4857-b592-9c51eae867fc"
        ],
        "Strict-Transport-Security": [
          "max-age=31536000; includeSubDomains"
        ],
        "Cache-Control": [
          "no-cache"
        ],
        "Date": [
          "Fri, 09 Feb 2018 17:53:53 GMT"
        ],
        "Server": [
          "Microsoft-HTTPAPI/2.0"
        ]
      },
      "StatusCode": 200
    },
    {
      "RequestUri": "/subscriptions/c9cbd920-c00c-427c-852b-8aaf38badaeb/providers/Microsoft.EventGrid/operationsStatus/D6A31569-6877-412B-9319-A162272930BC?api-version=2017-09-15-preview",
      "EncodedRequestUri": "L3N1YnNjcmlwdGlvbnMvYzljYmQ5MjAtYzAwYy00MjdjLTg1MmItOGFhZjM4YmFkYWViL3Byb3ZpZGVycy9NaWNyb3NvZnQuRXZlbnRHcmlkL29wZXJhdGlvbnNTdGF0dXMvRDZBMzE1NjktNjg3Ny00MTJCLTkzMTktQTE2MjI3MjkzMEJDP2FwaS12ZXJzaW9uPTIwMTctMDktMTUtcHJldmlldw==",
      "RequestMethod": "GET",
      "RequestBody": "",
      "RequestHeaders": {
        "User-Agent": [
          "FxVersion/4.7.2600.0",
          "OSName/Windows10Enterprise",
          "OSVersion/6.3.16299",
          "Microsoft.Azure.Management.EventGrid.EventGridManagementClient/1.1.0.0"
        ]
      },
      "ResponseBody": "{\r\n  \"id\": \"https://management.azure.com/subscriptions/c9cbd920-c00c-427c-852b-8aaf38badaeb/providers/Microsoft.EventGrid/operationsStatus/D6A31569-6877-412B-9319-A162272930BC?api-version=2017-09-15-preview\",\r\n  \"name\": \"d6a31569-6877-412b-9319-a162272930bc\",\r\n  \"status\": \"Succeeded\"\r\n}",
      "ResponseHeaders": {
        "Content-Length": [
          "270"
        ],
        "Content-Type": [
          "application/json; charset=utf-8"
        ],
        "Expires": [
          "-1"
        ],
        "Pragma": [
          "no-cache"
        ],
        "x-ms-request-id": [
          "575f3a8d-2b65-4e13-b866-0fbeffe845d1"
        ],
        "x-ms-ratelimit-remaining-subscription-reads": [
          "14987"
        ],
        "x-ms-correlation-request-id": [
          "33a89606-9d7f-4798-a8a0-10416f0891ef"
        ],
        "x-ms-routing-request-id": [
          "WESTUS2:20180209T175403Z:33a89606-9d7f-4798-a8a0-10416f0891ef"
        ],
        "Strict-Transport-Security": [
          "max-age=31536000; includeSubDomains"
        ],
        "Cache-Control": [
          "no-cache"
        ],
        "Date": [
          "Fri, 09 Feb 2018 17:54:02 GMT"
        ],
        "Server": [
          "Microsoft-HTTPAPI/2.0"
        ]
      },
      "StatusCode": 200
    },
    {
      "RequestUri": "//subscriptions/c9cbd920-c00c-427c-852b-8aaf38badaeb/resourceGroups/RGName-ps637/providers/Microsoft.EventGrid/eventSubscriptions/EventSubscription-ps7981?api-version=2017-09-15-preview",
      "EncodedRequestUri": "Ly9zdWJzY3JpcHRpb25zL2M5Y2JkOTIwLWMwMGMtNDI3Yy04NTJiLThhYWYzOGJhZGFlYi9yZXNvdXJjZUdyb3Vwcy9SR05hbWUtcHM2MzcvcHJvdmlkZXJzL01pY3Jvc29mdC5FdmVudEdyaWQvZXZlbnRTdWJzY3JpcHRpb25zL0V2ZW50U3Vic2NyaXB0aW9uLXBzNzk4MT9hcGktdmVyc2lvbj0yMDE3LTA5LTE1LXByZXZpZXc=",
      "RequestMethod": "GET",
      "RequestBody": "",
      "RequestHeaders": {
        "User-Agent": [
          "FxVersion/4.7.2600.0",
          "OSName/Windows10Enterprise",
          "OSVersion/6.3.16299",
          "Microsoft.Azure.Management.EventGrid.EventGridManagementClient/1.1.0.0"
        ]
      },
      "ResponseBody": "{\r\n  \"properties\": {\r\n    \"topic\": \"/subscriptions/c9cbd920-c00c-427c-852b-8aaf38badaeb/resourceGroups/rgname-ps637\",\r\n    \"provisioningState\": \"Succeeded\",\r\n    \"destination\": {\r\n      \"properties\": {\r\n        \"endpointUrl\": null,\r\n        \"endpointBaseUrl\": \"https://requestb.in/19qlscd1\"\r\n      },\r\n      \"endpointType\": \"WebHook\"\r\n    },\r\n    \"filter\": {\r\n      \"subjectBeginsWith\": \"\",\r\n      \"subjectEndsWith\": \"\",\r\n      \"includedEventTypes\": [\r\n        \"Microsoft.Resources.ResourceWriteFailure\",\r\n        \"Microsoft.Resources.ResourceWriteSuccess\"\r\n      ]\r\n    },\r\n    \"labels\": null\r\n  },\r\n  \"id\": \"/subscriptions/c9cbd920-c00c-427c-852b-8aaf38badaeb/resourceGroups/RGName-ps637/providers/Microsoft.EventGrid/eventSubscriptions/EventSubscription-ps7981\",\r\n  \"name\": \"EventSubscription-ps7981\",\r\n  \"type\": \"Microsoft.EventGrid/eventSubscriptions\"\r\n}",
      "ResponseHeaders": {
        "Content-Length": [
          "683"
        ],
        "Content-Type": [
          "application/json; charset=utf-8"
        ],
        "Expires": [
          "-1"
        ],
        "Pragma": [
          "no-cache"
        ],
        "x-ms-request-id": [
          "1ae01639-58d8-4209-86de-f10796d2775e"
        ],
        "x-ms-ratelimit-remaining-subscription-reads": [
          "14986"
        ],
        "x-ms-correlation-request-id": [
          "62b75dee-984e-4bc7-b488-9007aa3ce62c"
        ],
        "x-ms-routing-request-id": [
          "WESTUS2:20180209T175404Z:62b75dee-984e-4bc7-b488-9007aa3ce62c"
        ],
        "Strict-Transport-Security": [
          "max-age=31536000; includeSubDomains"
        ],
        "Cache-Control": [
          "no-cache"
        ],
        "Date": [
          "Fri, 09 Feb 2018 17:54:03 GMT"
        ],
        "Server": [
          "Microsoft-HTTPAPI/2.0"
        ]
      },
      "StatusCode": 200
    },
    {
      "RequestUri": "//subscriptions/c9cbd920-c00c-427c-852b-8aaf38badaeb/resourceGroups/RGName-ps637/providers/Microsoft.EventGrid/eventSubscriptions/EventSubscription-ps7015/getFullUrl?api-version=2017-09-15-preview",
      "EncodedRequestUri": "Ly9zdWJzY3JpcHRpb25zL2M5Y2JkOTIwLWMwMGMtNDI3Yy04NTJiLThhYWYzOGJhZGFlYi9yZXNvdXJjZUdyb3Vwcy9SR05hbWUtcHM2MzcvcHJvdmlkZXJzL01pY3Jvc29mdC5FdmVudEdyaWQvZXZlbnRTdWJzY3JpcHRpb25zL0V2ZW50U3Vic2NyaXB0aW9uLXBzNzAxNS9nZXRGdWxsVXJsP2FwaS12ZXJzaW9uPTIwMTctMDktMTUtcHJldmlldw==",
      "RequestMethod": "POST",
      "RequestBody": "",
      "RequestHeaders": {
        "x-ms-client-request-id": [
          "28143233-0fdb-4803-933e-a82a5350d190"
        ],
        "accept-language": [
          "en-US"
        ],
        "User-Agent": [
          "FxVersion/4.7.2600.0",
          "OSName/Windows10Enterprise",
          "OSVersion/6.3.16299",
          "Microsoft.Azure.Management.EventGrid.EventGridManagementClient/1.1.0.0"
        ]
      },
      "ResponseBody": "{\r\n  \"endpointUrl\": \"https://requestb.in/19qlscd1\"\r\n}",
      "ResponseHeaders": {
        "Content-Length": [
          "46"
        ],
        "Content-Type": [
          "application/json; charset=utf-8"
        ],
        "Expires": [
          "-1"
        ],
        "Pragma": [
          "no-cache"
        ],
        "x-ms-request-id": [
          "20e35b67-4c2a-40d7-bb48-37d64156f585"
        ],
        "x-ms-ratelimit-remaining-subscription-writes": [
          "1195"
        ],
        "x-ms-correlation-request-id": [
          "f3dbbdce-9a20-4550-868f-526863001760"
        ],
        "x-ms-routing-request-id": [
          "WESTUS2:20180209T175404Z:f3dbbdce-9a20-4550-868f-526863001760"
        ],
        "Strict-Transport-Security": [
          "max-age=31536000; includeSubDomains"
        ],
        "Cache-Control": [
          "no-cache"
        ],
        "Date": [
          "Fri, 09 Feb 2018 17:54:03 GMT"
        ],
        "Server": [
          "Microsoft-HTTPAPI/2.0"
        ]
      },
      "StatusCode": 200
    },
    {
      "RequestUri": "/subscriptions/c9cbd920-c00c-427c-852b-8aaf38badaeb/resourceGroups/RGName-ps637/providers/Microsoft.EventGrid/eventSubscriptions?api-version=2017-09-15-preview",
      "EncodedRequestUri": "L3N1YnNjcmlwdGlvbnMvYzljYmQ5MjAtYzAwYy00MjdjLTg1MmItOGFhZjM4YmFkYWViL3Jlc291cmNlR3JvdXBzL1JHTmFtZS1wczYzNy9wcm92aWRlcnMvTWljcm9zb2Z0LkV2ZW50R3JpZC9ldmVudFN1YnNjcmlwdGlvbnM/YXBpLXZlcnNpb249MjAxNy0wOS0xNS1wcmV2aWV3",
      "RequestMethod": "GET",
      "RequestBody": "",
      "RequestHeaders": {
        "x-ms-client-request-id": [
          "8e400a44-420a-46e5-b82a-dbc2f295b73a"
        ],
        "accept-language": [
          "en-US"
        ],
        "User-Agent": [
          "FxVersion/4.7.2600.0",
          "OSName/Windows10Enterprise",
          "OSVersion/6.3.16299",
          "Microsoft.Azure.Management.EventGrid.EventGridManagementClient/1.1.0.0"
        ]
      },
      "ResponseBody": "{\r\n  \"value\": [\r\n    {\r\n      \"properties\": {\r\n        \"topic\": \"/subscriptions/c9cbd920-c00c-427c-852b-8aaf38badaeb/resourceGroups/rgname-ps637\",\r\n        \"provisioningState\": \"Succeeded\",\r\n        \"destination\": {\r\n          \"properties\": {\r\n            \"endpointUrl\": null,\r\n            \"endpointBaseUrl\": \"https://requestb.in/19qlscd1\"\r\n          },\r\n          \"endpointType\": \"WebHook\"\r\n        },\r\n        \"filter\": {\r\n          \"subjectBeginsWith\": \"\",\r\n          \"subjectEndsWith\": \"\",\r\n          \"includedEventTypes\": [\r\n            \"All\"\r\n          ]\r\n        },\r\n        \"labels\": [\r\n          \"Finance\",\r\n          \"HR\"\r\n        ]\r\n      },\r\n      \"id\": \"/subscriptions/c9cbd920-c00c-427c-852b-8aaf38badaeb/resourceGroups/RGName-ps637/providers/Microsoft.EventGrid/eventSubscriptions/EventSubscription-ps7015\",\r\n      \"name\": \"EventSubscription-ps7015\",\r\n      \"type\": \"Microsoft.EventGrid/eventSubscriptions\"\r\n    },\r\n    {\r\n      \"properties\": {\r\n        \"topic\": \"/subscriptions/c9cbd920-c00c-427c-852b-8aaf38badaeb/resourceGroups/rgname-ps637\",\r\n        \"provisioningState\": \"Succeeded\",\r\n        \"destination\": {\r\n          \"properties\": {\r\n            \"endpointUrl\": null,\r\n            \"endpointBaseUrl\": \"https://requestb.in/19qlscd1\"\r\n          },\r\n          \"endpointType\": \"WebHook\"\r\n        },\r\n        \"filter\": {\r\n          \"subjectBeginsWith\": \"\",\r\n          \"subjectEndsWith\": \"\",\r\n          \"includedEventTypes\": [\r\n            \"Microsoft.Resources.ResourceWriteFailure\",\r\n            \"Microsoft.Resources.ResourceWriteSuccess\"\r\n          ]\r\n        },\r\n        \"labels\": null\r\n      },\r\n      \"id\": \"/subscriptions/c9cbd920-c00c-427c-852b-8aaf38badaeb/resourceGroups/RGName-ps637/providers/Microsoft.EventGrid/eventSubscriptions/EventSubscription-ps7981\",\r\n      \"name\": \"EventSubscription-ps7981\",\r\n      \"type\": \"Microsoft.EventGrid/eventSubscriptions\"\r\n    }\r\n  ]\r\n}",
      "ResponseHeaders": {
        "Content-Length": [
          "1311"
        ],
        "Content-Type": [
          "application/json; charset=utf-8"
        ],
        "Expires": [
          "-1"
        ],
        "Pragma": [
          "no-cache"
        ],
        "x-ms-request-id": [
          "0ef39f26-bb5d-4e36-9fcf-9a964524a930"
        ],
        "x-ms-ratelimit-remaining-subscription-reads": [
          "14984"
        ],
        "x-ms-correlation-request-id": [
          "4438f9f5-ea73-4d25-b657-d5a7aa9d03b8"
        ],
        "x-ms-routing-request-id": [
          "WESTUS2:20180209T175404Z:4438f9f5-ea73-4d25-b657-d5a7aa9d03b8"
        ],
        "Strict-Transport-Security": [
          "max-age=31536000; includeSubDomains"
        ],
        "Cache-Control": [
          "no-cache"
        ],
        "Date": [
          "Fri, 09 Feb 2018 17:54:03 GMT"
        ],
        "Server": [
          "Microsoft-HTTPAPI/2.0"
        ]
      },
      "StatusCode": 200
    },
    {
      "RequestUri": "/subscriptions/c9cbd920-c00c-427c-852b-8aaf38badaeb/resourceGroups/RGName-ps637/providers/Microsoft.EventGrid/eventSubscriptions?api-version=2017-09-15-preview",
      "EncodedRequestUri": "L3N1YnNjcmlwdGlvbnMvYzljYmQ5MjAtYzAwYy00MjdjLTg1MmItOGFhZjM4YmFkYWViL3Jlc291cmNlR3JvdXBzL1JHTmFtZS1wczYzNy9wcm92aWRlcnMvTWljcm9zb2Z0LkV2ZW50R3JpZC9ldmVudFN1YnNjcmlwdGlvbnM/YXBpLXZlcnNpb249MjAxNy0wOS0xNS1wcmV2aWV3",
      "RequestMethod": "GET",
      "RequestBody": "",
      "RequestHeaders": {
        "x-ms-client-request-id": [
          "1552ed48-c31e-4762-bc2a-1ee540faf208"
        ],
        "accept-language": [
          "en-US"
        ],
        "User-Agent": [
          "FxVersion/4.7.2600.0",
          "OSName/Windows10Enterprise",
          "OSVersion/6.3.16299",
          "Microsoft.Azure.Management.EventGrid.EventGridManagementClient/1.1.0.0"
        ]
      },
      "ResponseBody": "{\r\n  \"value\": []\r\n}",
      "ResponseHeaders": {
        "Content-Length": [
          "12"
        ],
        "Content-Type": [
          "application/json; charset=utf-8"
        ],
        "Expires": [
          "-1"
        ],
        "Pragma": [
          "no-cache"
        ],
        "x-ms-request-id": [
          "4a92341e-101e-4790-8851-e9868ae0aedd"
        ],
        "x-ms-ratelimit-remaining-subscription-reads": [
          "14981"
        ],
        "x-ms-correlation-request-id": [
          "40b0ef01-7f19-4600-a012-72e18e0c4c24"
        ],
        "x-ms-routing-request-id": [
          "WESTUS2:20180209T175425Z:40b0ef01-7f19-4600-a012-72e18e0c4c24"
        ],
        "Strict-Transport-Security": [
          "max-age=31536000; includeSubDomains"
        ],
        "Cache-Control": [
          "no-cache"
        ],
        "Date": [
          "Fri, 09 Feb 2018 17:54:25 GMT"
        ],
        "Server": [
          "Microsoft-HTTPAPI/2.0"
        ]
      },
      "StatusCode": 200
    },
    {
      "RequestUri": "//subscriptions/c9cbd920-c00c-427c-852b-8aaf38badaeb/resourceGroups/RGName-ps637/providers/Microsoft.EventGrid/eventSubscriptions/EventSubscription-ps7015?api-version=2017-09-15-preview",
      "EncodedRequestUri": "Ly9zdWJzY3JpcHRpb25zL2M5Y2JkOTIwLWMwMGMtNDI3Yy04NTJiLThhYWYzOGJhZGFlYi9yZXNvdXJjZUdyb3Vwcy9SR05hbWUtcHM2MzcvcHJvdmlkZXJzL01pY3Jvc29mdC5FdmVudEdyaWQvZXZlbnRTdWJzY3JpcHRpb25zL0V2ZW50U3Vic2NyaXB0aW9uLXBzNzAxNT9hcGktdmVyc2lvbj0yMDE3LTA5LTE1LXByZXZpZXc=",
      "RequestMethod": "DELETE",
      "RequestBody": "",
      "RequestHeaders": {
        "x-ms-client-request-id": [
          "912e6bfd-65a5-4ede-9632-5c8582ca0e35"
        ],
        "accept-language": [
          "en-US"
        ],
        "User-Agent": [
          "FxVersion/4.7.2600.0",
          "OSName/Windows10Enterprise",
          "OSVersion/6.3.16299",
          "Microsoft.Azure.Management.EventGrid.EventGridManagementClient/1.1.0.0"
        ]
      },
      "ResponseBody": "",
      "ResponseHeaders": {
        "Content-Length": [
          "0"
        ],
        "Expires": [
          "-1"
        ],
        "Pragma": [
          "no-cache"
        ],
        "Retry-After": [
          "10"
        ],
        "x-ms-ratelimit-remaining-subscription-writes": [
          "1194"
        ],
        "x-ms-request-id": [
          "242a09b1-928a-41a6-8009-8ccebdcb324f"
        ],
        "x-ms-correlation-request-id": [
          "242a09b1-928a-41a6-8009-8ccebdcb324f"
        ],
        "x-ms-routing-request-id": [
          "WESTUS2:20180209T175405Z:242a09b1-928a-41a6-8009-8ccebdcb324f"
        ],
        "Strict-Transport-Security": [
          "max-age=31536000; includeSubDomains"
        ],
        "Cache-Control": [
          "no-cache"
        ],
        "Date": [
          "Fri, 09 Feb 2018 17:54:04 GMT"
        ],
        "Location": [
          "https://management.azure.com/subscriptions/c9cbd920-c00c-427c-852b-8aaf38badaeb/providers/Microsoft.EventGrid/operationResults/C3928AAC-C6A6-489F-95F8-4F5147F1CA28?api-version=2017-09-15-preview"
        ],
        "Server": [
          "Microsoft-HTTPAPI/2.0"
        ]
      },
      "StatusCode": 202
    },
    {
      "RequestUri": "/subscriptions/c9cbd920-c00c-427c-852b-8aaf38badaeb/providers/Microsoft.EventGrid/operationResults/C3928AAC-C6A6-489F-95F8-4F5147F1CA28?api-version=2017-09-15-preview",
      "EncodedRequestUri": "L3N1YnNjcmlwdGlvbnMvYzljYmQ5MjAtYzAwYy00MjdjLTg1MmItOGFhZjM4YmFkYWViL3Byb3ZpZGVycy9NaWNyb3NvZnQuRXZlbnRHcmlkL29wZXJhdGlvblJlc3VsdHMvQzM5MjhBQUMtQzZBNi00ODlGLTk1RjgtNEY1MTQ3RjFDQTI4P2FwaS12ZXJzaW9uPTIwMTctMDktMTUtcHJldmlldw==",
      "RequestMethod": "GET",
      "RequestBody": "",
      "RequestHeaders": {
        "User-Agent": [
          "FxVersion/4.7.2600.0",
          "OSName/Windows10Enterprise",
          "OSVersion/6.3.16299",
          "Microsoft.Azure.Management.EventGrid.EventGridManagementClient/1.1.0.0"
        ]
      },
      "ResponseBody": "",
      "ResponseHeaders": {
        "Content-Length": [
          "0"
        ],
        "Expires": [
          "-1"
        ],
        "Pragma": [
          "no-cache"
        ],
        "x-ms-request-id": [
          "70734c54-9086-47b8-97da-04c7b59d04e5"
        ],
        "x-ms-ratelimit-remaining-subscription-reads": [
          "14983"
        ],
        "x-ms-correlation-request-id": [
          "6d66b432-310b-4096-8d80-00e70a62695e"
        ],
        "x-ms-routing-request-id": [
          "WESTUS2:20180209T175415Z:6d66b432-310b-4096-8d80-00e70a62695e"
        ],
        "Strict-Transport-Security": [
          "max-age=31536000; includeSubDomains"
        ],
        "Cache-Control": [
          "no-cache"
        ],
        "Date": [
          "Fri, 09 Feb 2018 17:54:14 GMT"
        ],
        "Server": [
          "Microsoft-HTTPAPI/2.0"
        ]
      },
      "StatusCode": 200
    },
    {
      "RequestUri": "//subscriptions/c9cbd920-c00c-427c-852b-8aaf38badaeb/resourceGroups/RGName-ps637/providers/Microsoft.EventGrid/eventSubscriptions/EventSubscription-ps7981?api-version=2017-09-15-preview",
      "EncodedRequestUri": "Ly9zdWJzY3JpcHRpb25zL2M5Y2JkOTIwLWMwMGMtNDI3Yy04NTJiLThhYWYzOGJhZGFlYi9yZXNvdXJjZUdyb3Vwcy9SR05hbWUtcHM2MzcvcHJvdmlkZXJzL01pY3Jvc29mdC5FdmVudEdyaWQvZXZlbnRTdWJzY3JpcHRpb25zL0V2ZW50U3Vic2NyaXB0aW9uLXBzNzk4MT9hcGktdmVyc2lvbj0yMDE3LTA5LTE1LXByZXZpZXc=",
      "RequestMethod": "DELETE",
      "RequestBody": "",
      "RequestHeaders": {
        "x-ms-client-request-id": [
          "a8509a54-fa4a-4e79-89f4-e803308ab4ae"
        ],
        "accept-language": [
          "en-US"
        ],
        "User-Agent": [
          "FxVersion/4.7.2600.0",
          "OSName/Windows10Enterprise",
          "OSVersion/6.3.16299",
          "Microsoft.Azure.Management.EventGrid.EventGridManagementClient/1.1.0.0"
        ]
      },
      "ResponseBody": "",
      "ResponseHeaders": {
        "Content-Length": [
          "0"
        ],
        "Expires": [
          "-1"
        ],
        "Pragma": [
          "no-cache"
        ],
        "Retry-After": [
          "10"
        ],
        "x-ms-ratelimit-remaining-subscription-writes": [
          "1193"
        ],
        "x-ms-request-id": [
          "74f36730-4ca0-4827-8af5-379184e98e10"
        ],
        "x-ms-correlation-request-id": [
          "74f36730-4ca0-4827-8af5-379184e98e10"
        ],
        "x-ms-routing-request-id": [
          "WESTUS2:20180209T175415Z:74f36730-4ca0-4827-8af5-379184e98e10"
        ],
        "Strict-Transport-Security": [
          "max-age=31536000; includeSubDomains"
        ],
        "Cache-Control": [
          "no-cache"
        ],
        "Date": [
          "Fri, 09 Feb 2018 17:54:14 GMT"
        ],
        "Location": [
          "https://management.azure.com/subscriptions/c9cbd920-c00c-427c-852b-8aaf38badaeb/providers/Microsoft.EventGrid/operationResults/ADFBBA1C-82E8-4C1E-8359-3F60509C096E?api-version=2017-09-15-preview"
        ],
        "Server": [
          "Microsoft-HTTPAPI/2.0"
        ]
      },
      "StatusCode": 202
    },
    {
      "RequestUri": "/subscriptions/c9cbd920-c00c-427c-852b-8aaf38badaeb/providers/Microsoft.EventGrid/operationResults/ADFBBA1C-82E8-4C1E-8359-3F60509C096E?api-version=2017-09-15-preview",
      "EncodedRequestUri": "L3N1YnNjcmlwdGlvbnMvYzljYmQ5MjAtYzAwYy00MjdjLTg1MmItOGFhZjM4YmFkYWViL3Byb3ZpZGVycy9NaWNyb3NvZnQuRXZlbnRHcmlkL29wZXJhdGlvblJlc3VsdHMvQURGQkJBMUMtODJFOC00QzFFLTgzNTktM0Y2MDUwOUMwOTZFP2FwaS12ZXJzaW9uPTIwMTctMDktMTUtcHJldmlldw==",
      "RequestMethod": "GET",
      "RequestBody": "",
      "RequestHeaders": {
        "User-Agent": [
          "FxVersion/4.7.2600.0",
          "OSName/Windows10Enterprise",
          "OSVersion/6.3.16299",
          "Microsoft.Azure.Management.EventGrid.EventGridManagementClient/1.1.0.0"
        ]
      },
      "ResponseBody": "",
      "ResponseHeaders": {
        "Content-Length": [
          "0"
        ],
        "Expires": [
          "-1"
        ],
        "Pragma": [
          "no-cache"
        ],
        "x-ms-request-id": [
          "deb34ed7-1943-4bfb-becb-1051644f797e"
        ],
        "x-ms-ratelimit-remaining-subscription-reads": [
          "14982"
        ],
        "x-ms-correlation-request-id": [
          "64f16e47-755d-4a22-836a-bdde330fb974"
        ],
        "x-ms-routing-request-id": [
          "WESTUS2:20180209T175425Z:64f16e47-755d-4a22-836a-bdde330fb974"
        ],
        "Strict-Transport-Security": [
          "max-age=31536000; includeSubDomains"
        ],
        "Cache-Control": [
          "no-cache"
        ],
        "Date": [
          "Fri, 09 Feb 2018 17:54:25 GMT"
        ],
        "Server": [
          "Microsoft-HTTPAPI/2.0"
        ]
      },
      "StatusCode": 200
    },
    {
      "RequestUri": "/subscriptions/c9cbd920-c00c-427c-852b-8aaf38badaeb/resourcegroups/RGName-ps637?api-version=2016-02-01",
      "EncodedRequestUri": "L3N1YnNjcmlwdGlvbnMvYzljYmQ5MjAtYzAwYy00MjdjLTg1MmItOGFhZjM4YmFkYWViL3Jlc291cmNlZ3JvdXBzL1JHTmFtZS1wczYzNz9hcGktdmVyc2lvbj0yMDE2LTAyLTAx",
      "RequestMethod": "DELETE",
      "RequestBody": "",
      "RequestHeaders": {
        "User-Agent": [
          "Microsoft.Azure.Management.Resources.ResourceManagementClient/2.0.0.0"
        ]
      },
      "ResponseBody": "",
      "ResponseHeaders": {
        "Content-Length": [
          "0"
        ],
        "Expires": [
          "-1"
        ],
        "Pragma": [
          "no-cache"
        ],
        "Retry-After": [
          "15"
        ],
        "x-ms-ratelimit-remaining-subscription-writes": [
          "1198"
        ],
        "x-ms-request-id": [
          "211c183f-4527-462f-bb68-8ca766e4ee68"
        ],
        "x-ms-correlation-request-id": [
          "211c183f-4527-462f-bb68-8ca766e4ee68"
        ],
        "x-ms-routing-request-id": [
          "WESTUS2:20180209T175425Z:211c183f-4527-462f-bb68-8ca766e4ee68"
        ],
        "Strict-Transport-Security": [
          "max-age=31536000; includeSubDomains"
        ],
        "Cache-Control": [
          "no-cache"
        ],
        "Date": [
          "Fri, 09 Feb 2018 17:54:25 GMT"
        ],
        "Location": [
          "https://management.azure.com/subscriptions/c9cbd920-c00c-427c-852b-8aaf38badaeb/operationresults/eyJqb2JJZCI6IlJFU09VUkNFR1JPVVBERUxFVElPTkpPQi1SR05BTUU6MkRQUzYzNy1XRVNUVVMyIiwiam9iTG9jYXRpb24iOiJ3ZXN0dXMyIn0?api-version=2016-02-01"
        ]
      },
      "StatusCode": 202
    },
    {
      "RequestUri": "/subscriptions/c9cbd920-c00c-427c-852b-8aaf38badaeb/operationresults/eyJqb2JJZCI6IlJFU09VUkNFR1JPVVBERUxFVElPTkpPQi1SR05BTUU6MkRQUzYzNy1XRVNUVVMyIiwiam9iTG9jYXRpb24iOiJ3ZXN0dXMyIn0?api-version=2016-02-01",
      "EncodedRequestUri": "L3N1YnNjcmlwdGlvbnMvYzljYmQ5MjAtYzAwYy00MjdjLTg1MmItOGFhZjM4YmFkYWViL29wZXJhdGlvbnJlc3VsdHMvZXlKcWIySkpaQ0k2SWxKRlUwOVZVa05GUjFKUFZWQkVSVXhGVkVsUFRrcFBRaTFTUjA1QlRVVTZNa1JRVXpZek55MVhSVk5VVlZNeUlpd2lhbTlpVEc5allYUnBiMjRpT2lKM1pYTjBkWE15SW4wP2FwaS12ZXJzaW9uPTIwMTYtMDItMDE=",
      "RequestMethod": "GET",
      "RequestBody": "",
      "RequestHeaders": {
        "x-ms-version": [
          "2016-02-01"
        ],
        "User-Agent": [
          "Microsoft.Azure.Management.Resources.ResourceManagementClient/2.0.0.0"
        ]
      },
      "ResponseBody": "",
      "ResponseHeaders": {
        "Content-Length": [
          "0"
        ],
        "Expires": [
          "-1"
        ],
        "Pragma": [
          "no-cache"
        ],
        "Retry-After": [
          "15"
        ],
        "x-ms-ratelimit-remaining-subscription-reads": [
          "14994"
        ],
        "x-ms-request-id": [
          "00bf480a-2636-4389-a32f-febc9118fc15"
        ],
        "x-ms-correlation-request-id": [
          "00bf480a-2636-4389-a32f-febc9118fc15"
        ],
        "x-ms-routing-request-id": [
          "WESTUS2:20180209T175426Z:00bf480a-2636-4389-a32f-febc9118fc15"
        ],
        "Strict-Transport-Security": [
          "max-age=31536000; includeSubDomains"
        ],
        "Cache-Control": [
          "no-cache"
        ],
        "Date": [
          "Fri, 09 Feb 2018 17:54:25 GMT"
        ],
        "Location": [
          "https://management.azure.com/subscriptions/c9cbd920-c00c-427c-852b-8aaf38badaeb/operationresults/eyJqb2JJZCI6IlJFU09VUkNFR1JPVVBERUxFVElPTkpPQi1SR05BTUU6MkRQUzYzNy1XRVNUVVMyIiwiam9iTG9jYXRpb24iOiJ3ZXN0dXMyIn0?api-version=2016-02-01"
        ]
      },
      "StatusCode": 202
    },
    {
      "RequestUri": "/subscriptions/c9cbd920-c00c-427c-852b-8aaf38badaeb/operationresults/eyJqb2JJZCI6IlJFU09VUkNFR1JPVVBERUxFVElPTkpPQi1SR05BTUU6MkRQUzYzNy1XRVNUVVMyIiwiam9iTG9jYXRpb24iOiJ3ZXN0dXMyIn0?api-version=2016-02-01",
      "EncodedRequestUri": "L3N1YnNjcmlwdGlvbnMvYzljYmQ5MjAtYzAwYy00MjdjLTg1MmItOGFhZjM4YmFkYWViL29wZXJhdGlvbnJlc3VsdHMvZXlKcWIySkpaQ0k2SWxKRlUwOVZVa05GUjFKUFZWQkVSVXhGVkVsUFRrcFBRaTFTUjA1QlRVVTZNa1JRVXpZek55MVhSVk5VVlZNeUlpd2lhbTlpVEc5allYUnBiMjRpT2lKM1pYTjBkWE15SW4wP2FwaS12ZXJzaW9uPTIwMTYtMDItMDE=",
      "RequestMethod": "GET",
      "RequestBody": "",
      "RequestHeaders": {
        "x-ms-version": [
          "2016-02-01"
        ],
        "User-Agent": [
          "Microsoft.Azure.Management.Resources.ResourceManagementClient/2.0.0.0"
        ]
      },
      "ResponseBody": "",
      "ResponseHeaders": {
        "Content-Length": [
          "0"
        ],
        "Expires": [
          "-1"
        ],
        "Pragma": [
          "no-cache"
        ],
        "Retry-After": [
          "15"
        ],
        "x-ms-ratelimit-remaining-subscription-reads": [
          "14993"
        ],
        "x-ms-request-id": [
          "7b6743ee-ed2b-492e-8102-2fed1733a447"
        ],
        "x-ms-correlation-request-id": [
          "7b6743ee-ed2b-492e-8102-2fed1733a447"
        ],
        "x-ms-routing-request-id": [
          "WESTUS2:20180209T175441Z:7b6743ee-ed2b-492e-8102-2fed1733a447"
        ],
        "Strict-Transport-Security": [
          "max-age=31536000; includeSubDomains"
        ],
        "Cache-Control": [
          "no-cache"
        ],
        "Date": [
          "Fri, 09 Feb 2018 17:54:40 GMT"
        ],
        "Location": [
          "https://management.azure.com/subscriptions/c9cbd920-c00c-427c-852b-8aaf38badaeb/operationresults/eyJqb2JJZCI6IlJFU09VUkNFR1JPVVBERUxFVElPTkpPQi1SR05BTUU6MkRQUzYzNy1XRVNUVVMyIiwiam9iTG9jYXRpb24iOiJ3ZXN0dXMyIn0?api-version=2016-02-01"
        ]
      },
      "StatusCode": 202
    },
    {
      "RequestUri": "/subscriptions/c9cbd920-c00c-427c-852b-8aaf38badaeb/operationresults/eyJqb2JJZCI6IlJFU09VUkNFR1JPVVBERUxFVElPTkpPQi1SR05BTUU6MkRQUzYzNy1XRVNUVVMyIiwiam9iTG9jYXRpb24iOiJ3ZXN0dXMyIn0?api-version=2016-02-01",
      "EncodedRequestUri": "L3N1YnNjcmlwdGlvbnMvYzljYmQ5MjAtYzAwYy00MjdjLTg1MmItOGFhZjM4YmFkYWViL29wZXJhdGlvbnJlc3VsdHMvZXlKcWIySkpaQ0k2SWxKRlUwOVZVa05GUjFKUFZWQkVSVXhGVkVsUFRrcFBRaTFTUjA1QlRVVTZNa1JRVXpZek55MVhSVk5VVlZNeUlpd2lhbTlpVEc5allYUnBiMjRpT2lKM1pYTjBkWE15SW4wP2FwaS12ZXJzaW9uPTIwMTYtMDItMDE=",
      "RequestMethod": "GET",
      "RequestBody": "",
      "RequestHeaders": {
        "x-ms-version": [
          "2016-02-01"
        ],
        "User-Agent": [
          "Microsoft.Azure.Management.Resources.ResourceManagementClient/2.0.0.0"
        ]
      },
      "ResponseBody": "",
      "ResponseHeaders": {
        "Content-Length": [
          "0"
        ],
        "Expires": [
          "-1"
        ],
        "Pragma": [
          "no-cache"
        ],
        "Retry-After": [
          "15"
        ],
        "x-ms-ratelimit-remaining-subscription-reads": [
          "14992"
        ],
        "x-ms-request-id": [
          "fc109acc-95d8-4e73-8ff1-d2d3b514add9"
        ],
        "x-ms-correlation-request-id": [
          "fc109acc-95d8-4e73-8ff1-d2d3b514add9"
        ],
        "x-ms-routing-request-id": [
          "WESTUS2:20180209T175456Z:fc109acc-95d8-4e73-8ff1-d2d3b514add9"
        ],
        "Strict-Transport-Security": [
          "max-age=31536000; includeSubDomains"
        ],
        "Cache-Control": [
          "no-cache"
        ],
        "Date": [
          "Fri, 09 Feb 2018 17:54:55 GMT"
        ],
        "Location": [
          "https://management.azure.com/subscriptions/c9cbd920-c00c-427c-852b-8aaf38badaeb/operationresults/eyJqb2JJZCI6IlJFU09VUkNFR1JPVVBERUxFVElPTkpPQi1SR05BTUU6MkRQUzYzNy1XRVNUVVMyIiwiam9iTG9jYXRpb24iOiJ3ZXN0dXMyIn0?api-version=2016-02-01"
        ]
      },
      "StatusCode": 202
    },
    {
      "RequestUri": "/subscriptions/c9cbd920-c00c-427c-852b-8aaf38badaeb/operationresults/eyJqb2JJZCI6IlJFU09VUkNFR1JPVVBERUxFVElPTkpPQi1SR05BTUU6MkRQUzYzNy1XRVNUVVMyIiwiam9iTG9jYXRpb24iOiJ3ZXN0dXMyIn0?api-version=2016-02-01",
      "EncodedRequestUri": "L3N1YnNjcmlwdGlvbnMvYzljYmQ5MjAtYzAwYy00MjdjLTg1MmItOGFhZjM4YmFkYWViL29wZXJhdGlvbnJlc3VsdHMvZXlKcWIySkpaQ0k2SWxKRlUwOVZVa05GUjFKUFZWQkVSVXhGVkVsUFRrcFBRaTFTUjA1QlRVVTZNa1JRVXpZek55MVhSVk5VVlZNeUlpd2lhbTlpVEc5allYUnBiMjRpT2lKM1pYTjBkWE15SW4wP2FwaS12ZXJzaW9uPTIwMTYtMDItMDE=",
      "RequestMethod": "GET",
      "RequestBody": "",
      "RequestHeaders": {
        "x-ms-version": [
          "2016-02-01"
        ],
        "User-Agent": [
          "Microsoft.Azure.Management.Resources.ResourceManagementClient/2.0.0.0"
        ]
      },
      "ResponseBody": "",
      "ResponseHeaders": {
        "Content-Length": [
          "0"
        ],
        "Expires": [
          "-1"
        ],
        "Pragma": [
          "no-cache"
        ],
        "x-ms-ratelimit-remaining-subscription-reads": [
          "14992"
        ],
        "x-ms-request-id": [
          "92032279-f20e-4b76-a2e0-f5ffe0d8ab13"
        ],
        "x-ms-correlation-request-id": [
          "92032279-f20e-4b76-a2e0-f5ffe0d8ab13"
        ],
        "x-ms-routing-request-id": [
          "WESTUS2:20180209T175511Z:92032279-f20e-4b76-a2e0-f5ffe0d8ab13"
        ],
        "Strict-Transport-Security": [
          "max-age=31536000; includeSubDomains"
        ],
        "Cache-Control": [
          "no-cache"
        ],
        "Date": [
          "Fri, 09 Feb 2018 17:55:10 GMT"
        ]
      },
      "StatusCode": 200
    }
  ],
  "Names": {
    "": [
      "ps7015",
      "ps7981",
      "ps637"
    ]
  },
  "Variables": {
    "SubscriptionId": "c9cbd920-c00c-427c-852b-8aaf38badaeb"
  }
}