{
  "Entries": [
    {
      "RequestUri": "/subscriptions/5b4b650e-28b9-4790-b3ab-ddbd88d727c4/resourcegroups/RGName-ps4972?api-version=2016-09-01",
      "EncodedRequestUri": "L3N1YnNjcmlwdGlvbnMvNWI0YjY1MGUtMjhiOS00NzkwLWIzYWItZGRiZDg4ZDcyN2M0L3Jlc291cmNlZ3JvdXBzL1JHTmFtZS1wczQ5NzI/YXBpLXZlcnNpb249MjAxNi0wOS0wMQ==",
      "RequestMethod": "PUT",
      "RequestBody": "{\r\n  \"location\": \"centraluseuap\"\r\n}",
      "RequestHeaders": {
        "x-ms-client-request-id": [
          "5d34638c-11ac-43f2-a910-174e8c85bab0"
        ],
        "Accept-Language": [
          "en-US"
        ],
        "User-Agent": [
          "FxVersion/4.6.27129.04",
          "OSName/Windows",
          "OSVersion/Microsoft.Windows.10.0.17763.",
          "Microsoft.Azure.Management.Internal.Resources.ResourceManagementClient/1.1.17"
        ],
        "Content-Type": [
          "application/json; charset=utf-8"
        ],
        "Content-Length": [
          "35"
        ]
      },
      "ResponseHeaders": {
        "Cache-Control": [
          "no-cache"
        ],
        "Pragma": [
          "no-cache"
        ],
        "x-ms-ratelimit-remaining-subscription-writes": [
          "1199"
        ],
        "x-ms-request-id": [
          "d015db5d-ed02-48f2-ab5a-0379338b0b25"
        ],
        "x-ms-correlation-request-id": [
          "d015db5d-ed02-48f2-ab5a-0379338b0b25"
        ],
        "x-ms-routing-request-id": [
          "WESTUS2:20190323T004825Z:d015db5d-ed02-48f2-ab5a-0379338b0b25"
        ],
        "Strict-Transport-Security": [
          "max-age=31536000; includeSubDomains"
        ],
        "X-Content-Type-Options": [
          "nosniff"
        ],
        "Date": [
          "Sat, 23 Mar 2019 00:48:25 GMT"
        ],
        "Content-Length": [
          "186"
        ],
        "Content-Type": [
          "application/json; charset=utf-8"
        ],
        "Expires": [
          "-1"
        ]
      },
      "ResponseBody": "{\r\n  \"id\": \"/subscriptions/5b4b650e-28b9-4790-b3ab-ddbd88d727c4/resourceGroups/RGName-ps4972\",\r\n  \"name\": \"RGName-ps4972\",\r\n  \"location\": \"centraluseuap\",\r\n  \"properties\": {\r\n    \"provisioningState\": \"Succeeded\"\r\n  }\r\n}",
      "StatusCode": 201
    },
    {
      "RequestUri": "//subscriptions/5b4b650e-28b9-4790-b3ab-ddbd88d727c4/resourceGroups/RGName-ps4972/providers/Microsoft.EventGrid/eventSubscriptions/EventSubscription-ps6137?api-version=2019-02-01-preview",
      "EncodedRequestUri": "Ly9zdWJzY3JpcHRpb25zLzViNGI2NTBlLTI4YjktNDc5MC1iM2FiLWRkYmQ4OGQ3MjdjNC9yZXNvdXJjZUdyb3Vwcy9SR05hbWUtcHM0OTcyL3Byb3ZpZGVycy9NaWNyb3NvZnQuRXZlbnRHcmlkL2V2ZW50U3Vic2NyaXB0aW9ucy9FdmVudFN1YnNjcmlwdGlvbi1wczYxMzc/YXBpLXZlcnNpb249MjAxOS0wMi0wMS1wcmV2aWV3",
      "RequestMethod": "PUT",
      "RequestBody": "{\r\n  \"properties\": {\r\n    \"destination\": {\r\n      \"endpointType\": \"WebHook\",\r\n      \"properties\": {\r\n        \"endpointUrl\": \"https://devexpfuncappdestination.azurewebsites.net/runtime/webhooks/EventGrid?functionName=EventGridTrigger1&code=<HIDDEN>\"\r\n      }\r\n    },\r\n    \"filter\": {\r\n      \"isSubjectCaseSensitive\": false\r\n    },\r\n    \"labels\": [\r\n      \"Finance\",\r\n      \"HR\"\r\n    ],\r\n    \"eventDeliverySchema\": \"EventGridSchema\"\r\n  }\r\n}",
      "RequestHeaders": {
        "x-ms-client-request-id": [
          "e0ec1f7e-f45c-4a2d-8c4e-96a67c391e87"
        ],
        "Accept-Language": [
          "en-US"
        ],
        "User-Agent": [
          "FxVersion/4.6.27129.04",
          "OSName/Windows",
          "OSVersion/Microsoft.Windows.10.0.17763.",
          "Microsoft.Azure.Management.EventGrid.EventGridManagementClient/4.0.0.0"
        ],
        "Content-Type": [
          "application/json; charset=utf-8"
        ],
        "Content-Length": [
          "486"
        ]
      },
      "ResponseHeaders": {
        "Cache-Control": [
          "no-cache"
        ],
        "Pragma": [
          "no-cache"
        ],
        "Retry-After": [
          "10"
        ],
        "Strict-Transport-Security": [
          "max-age=31536000; includeSubDomains"
        ],
        "Azure-AsyncOperation": [
          "https://management.azure.com:443/subscriptions/5b4b650e-28b9-4790-b3ab-ddbd88d727c4/providers/Microsoft.EventGrid/operationsStatus/2FAC2FA4-D1AB-4F56-A53E-EA794B2EEAEB?api-version=2019-02-01-preview"
        ],
        "x-ms-request-id": [
          "c4d840b4-f547-4ee3-b9f7-ee617f9d596f"
        ],
        "Server": [
          "Microsoft-HTTPAPI/2.0"
        ],
        "x-ms-ratelimit-remaining-subscription-writes": [
          "1199"
        ],
        "x-ms-correlation-request-id": [
          "0a333492-2393-4810-99d6-a398b717de0c"
        ],
        "x-ms-routing-request-id": [
          "WESTUS2:20190323T004826Z:0a333492-2393-4810-99d6-a398b717de0c"
        ],
        "X-Content-Type-Options": [
          "nosniff"
        ],
        "Date": [
          "Sat, 23 Mar 2019 00:48:25 GMT"
        ],
        "Content-Length": [
          "1045"
        ],
        "Content-Type": [
          "application/json; charset=utf-8"
        ],
        "Expires": [
          "-1"
        ]
      },
      "ResponseBody": "{\r\n  \"properties\": {\r\n    \"topic\": \"/subscriptions/5b4b650e-28b9-4790-b3ab-ddbd88d727c4/resourceGroups/rgname-ps4972\",\r\n    \"provisioningState\": \"Creating\",\r\n    \"destination\": {\r\n      \"properties\": {\r\n        \"endpointUrl\": null,\r\n        \"endpointBaseUrl\": \"https://devexpfuncappdestination.azurewebsites.net/runtime/webhooks/EventGrid\"\r\n      },\r\n      \"endpointType\": \"WebHook\"\r\n    },\r\n    \"filter\": {\r\n      \"includedEventTypes\": [\r\n        \"Microsoft.Resources.ResourceWriteSuccess\",\r\n        \"Microsoft.Resources.ResourceWriteFailure\",\r\n        \"Microsoft.Resources.ResourceWriteCancel\",\r\n        \"Microsoft.Resources.ResourceDeleteSuccess\",\r\n        \"Microsoft.Resources.ResourceDeleteFailure\",\r\n        \"Microsoft.Resources.ResourceDeleteCancel\",\r\n        \"Microsoft.Resources.ResourceActionSuccess\",\r\n        \"Microsoft.Resources.ResourceActionFailure\",\r\n        \"Microsoft.Resources.ResourceActionCancel\"\r\n      ]\r\n    },\r\n    \"labels\": [\r\n      \"Finance\",\r\n      \"HR\"\r\n    ],\r\n    \"eventDeliverySchema\": \"EventGridSchema\"\r\n  },\r\n  \"id\": \"/subscriptions/5b4b650e-28b9-4790-b3ab-ddbd88d727c4/resourceGroups/RGName-ps4972/providers/Microsoft.EventGrid/eventSubscriptions/EventSubscription-ps6137\",\r\n  \"name\": \"EventSubscription-ps6137\",\r\n  \"type\": \"Microsoft.EventGrid/eventSubscriptions\"\r\n}",
      "StatusCode": 201
    },
    {
      "RequestUri": "/subscriptions/5b4b650e-28b9-4790-b3ab-ddbd88d727c4/providers/Microsoft.EventGrid/operationsStatus/2FAC2FA4-D1AB-4F56-A53E-EA794B2EEAEB?api-version=2019-02-01-preview",
      "EncodedRequestUri": "L3N1YnNjcmlwdGlvbnMvNWI0YjY1MGUtMjhiOS00NzkwLWIzYWItZGRiZDg4ZDcyN2M0L3Byb3ZpZGVycy9NaWNyb3NvZnQuRXZlbnRHcmlkL29wZXJhdGlvbnNTdGF0dXMvMkZBQzJGQTQtRDFBQi00RjU2LUE1M0UtRUE3OTRCMkVFQUVCP2FwaS12ZXJzaW9uPTIwMTktMDItMDEtcHJldmlldw==",
      "RequestMethod": "GET",
      "RequestBody": "",
      "RequestHeaders": {
        "User-Agent": [
          "FxVersion/4.6.27129.04",
          "OSName/Windows",
          "OSVersion/Microsoft.Windows.10.0.17763.",
          "Microsoft.Azure.Management.EventGrid.EventGridManagementClient/4.0.0.0"
        ]
      },
      "ResponseHeaders": {
        "Cache-Control": [
          "no-cache"
        ],
        "Pragma": [
          "no-cache"
        ],
        "Strict-Transport-Security": [
          "max-age=31536000; includeSubDomains"
        ],
        "x-ms-request-id": [
          "162de2e3-78ea-41fb-86b1-e1e31b666893"
        ],
        "Server": [
          "Microsoft-HTTPAPI/2.0"
        ],
        "x-ms-ratelimit-remaining-subscription-reads": [
          "11996"
        ],
        "x-ms-correlation-request-id": [
          "0c9fccf5-4dfc-4663-a1cc-a133bdb9052f"
        ],
        "x-ms-routing-request-id": [
          "WESTUS2:20190323T004836Z:0c9fccf5-4dfc-4663-a1cc-a133bdb9052f"
        ],
        "X-Content-Type-Options": [
          "nosniff"
        ],
        "Date": [
          "Sat, 23 Mar 2019 00:48:36 GMT"
        ],
        "Content-Length": [
          "270"
        ],
        "Content-Type": [
          "application/json; charset=utf-8"
        ],
        "Expires": [
          "-1"
        ]
      },
      "ResponseBody": "{\r\n  \"id\": \"https://management.azure.com/subscriptions/5b4b650e-28b9-4790-b3ab-ddbd88d727c4/providers/Microsoft.EventGrid/operationsStatus/2FAC2FA4-D1AB-4F56-A53E-EA794B2EEAEB?api-version=2019-02-01-preview\",\r\n  \"name\": \"2fac2fa4-d1ab-4f56-a53e-ea794b2eeaeb\",\r\n  \"status\": \"Succeeded\"\r\n}",
      "StatusCode": 200
    },
    {
      "RequestUri": "//subscriptions/5b4b650e-28b9-4790-b3ab-ddbd88d727c4/resourceGroups/RGName-ps4972/providers/Microsoft.EventGrid/eventSubscriptions/EventSubscription-ps6137?api-version=2019-02-01-preview",
      "EncodedRequestUri": "Ly9zdWJzY3JpcHRpb25zLzViNGI2NTBlLTI4YjktNDc5MC1iM2FiLWRkYmQ4OGQ3MjdjNC9yZXNvdXJjZUdyb3Vwcy9SR05hbWUtcHM0OTcyL3Byb3ZpZGVycy9NaWNyb3NvZnQuRXZlbnRHcmlkL2V2ZW50U3Vic2NyaXB0aW9ucy9FdmVudFN1YnNjcmlwdGlvbi1wczYxMzc/YXBpLXZlcnNpb249MjAxOS0wMi0wMS1wcmV2aWV3",
      "RequestMethod": "GET",
      "RequestBody": "",
      "RequestHeaders": {
        "User-Agent": [
          "FxVersion/4.6.27129.04",
          "OSName/Windows",
          "OSVersion/Microsoft.Windows.10.0.17763.",
          "Microsoft.Azure.Management.EventGrid.EventGridManagementClient/4.0.0.0"
        ]
      },
      "ResponseHeaders": {
        "Cache-Control": [
          "no-cache"
        ],
        "Pragma": [
          "no-cache"
        ],
        "Strict-Transport-Security": [
          "max-age=31536000; includeSubDomains"
        ],
        "x-ms-request-id": [
          "e2f926c9-07a5-40eb-ae18-7b494c6ad413"
        ],
        "Server": [
          "Microsoft-HTTPAPI/2.0"
        ],
        "x-ms-ratelimit-remaining-subscription-reads": [
          "11995"
        ],
        "x-ms-correlation-request-id": [
          "2604e889-d9a3-4cf5-b047-6c0ad14781b0"
        ],
        "x-ms-routing-request-id": [
          "WESTUS2:20190323T004836Z:2604e889-d9a3-4cf5-b047-6c0ad14781b0"
        ],
        "X-Content-Type-Options": [
          "nosniff"
        ],
        "Date": [
          "Sat, 23 Mar 2019 00:48:36 GMT"
        ],
        "Content-Length": [
          "1163"
        ],
        "Content-Type": [
          "application/json; charset=utf-8"
        ],
        "Expires": [
          "-1"
        ]
      },
      "ResponseBody": "{\r\n  \"properties\": {\r\n    \"topic\": \"/subscriptions/5b4b650e-28b9-4790-b3ab-ddbd88d727c4/resourceGroups/rgname-ps4972\",\r\n    \"provisioningState\": \"Succeeded\",\r\n    \"destination\": {\r\n      \"properties\": {\r\n        \"endpointUrl\": null,\r\n        \"endpointBaseUrl\": \"https://devexpfuncappdestination.azurewebsites.net/runtime/webhooks/EventGrid\"\r\n      },\r\n      \"endpointType\": \"WebHook\"\r\n    },\r\n    \"filter\": {\r\n      \"subjectBeginsWith\": \"\",\r\n      \"subjectEndsWith\": \"\",\r\n      \"includedEventTypes\": [\r\n        \"Microsoft.Resources.ResourceWriteSuccess\",\r\n        \"Microsoft.Resources.ResourceWriteFailure\",\r\n        \"Microsoft.Resources.ResourceWriteCancel\",\r\n        \"Microsoft.Resources.ResourceDeleteSuccess\",\r\n        \"Microsoft.Resources.ResourceDeleteFailure\",\r\n        \"Microsoft.Resources.ResourceDeleteCancel\",\r\n        \"Microsoft.Resources.ResourceActionSuccess\",\r\n        \"Microsoft.Resources.ResourceActionFailure\",\r\n        \"Microsoft.Resources.ResourceActionCancel\"\r\n      ]\r\n    },\r\n    \"labels\": [\r\n      \"Finance\",\r\n      \"HR\"\r\n    ],\r\n    \"eventDeliverySchema\": \"EventGridSchema\",\r\n    \"retryPolicy\": {\r\n      \"maxDeliveryAttempts\": 30,\r\n      \"eventTimeToLiveInMinutes\": 1440\r\n    }\r\n  },\r\n  \"id\": \"/subscriptions/5b4b650e-28b9-4790-b3ab-ddbd88d727c4/resourceGroups/RGName-ps4972/providers/Microsoft.EventGrid/eventSubscriptions/EventSubscription-ps6137\",\r\n  \"name\": \"EventSubscription-ps6137\",\r\n  \"type\": \"Microsoft.EventGrid/eventSubscriptions\"\r\n}",
      "StatusCode": 200
    },
    {
      "RequestUri": "//subscriptions/5b4b650e-28b9-4790-b3ab-ddbd88d727c4/resourceGroups/RGName-ps4972/providers/Microsoft.EventGrid/eventSubscriptions/EventSubscription-ps6137?api-version=2019-02-01-preview",
      "EncodedRequestUri": "Ly9zdWJzY3JpcHRpb25zLzViNGI2NTBlLTI4YjktNDc5MC1iM2FiLWRkYmQ4OGQ3MjdjNC9yZXNvdXJjZUdyb3Vwcy9SR05hbWUtcHM0OTcyL3Byb3ZpZGVycy9NaWNyb3NvZnQuRXZlbnRHcmlkL2V2ZW50U3Vic2NyaXB0aW9ucy9FdmVudFN1YnNjcmlwdGlvbi1wczYxMzc/YXBpLXZlcnNpb249MjAxOS0wMi0wMS1wcmV2aWV3",
      "RequestMethod": "GET",
      "RequestBody": "",
      "RequestHeaders": {
        "x-ms-client-request-id": [
          "45a833a5-8974-4411-b5da-4a334df740ea"
        ],
        "Accept-Language": [
          "en-US"
        ],
        "User-Agent": [
          "FxVersion/4.6.27129.04",
          "OSName/Windows",
          "OSVersion/Microsoft.Windows.10.0.17763.",
          "Microsoft.Azure.Management.EventGrid.EventGridManagementClient/4.0.0.0"
        ]
      },
      "ResponseHeaders": {
        "Cache-Control": [
          "no-cache"
        ],
        "Pragma": [
          "no-cache"
        ],
        "Strict-Transport-Security": [
          "max-age=31536000; includeSubDomains"
        ],
        "x-ms-request-id": [
          "f16b2d88-c6d4-4fc8-a66e-092630755556"
        ],
        "Server": [
          "Microsoft-HTTPAPI/2.0"
        ],
        "x-ms-ratelimit-remaining-subscription-reads": [
          "11992"
        ],
        "x-ms-correlation-request-id": [
          "5e4dad15-022c-4532-b75c-f97040645774"
        ],
        "x-ms-routing-request-id": [
          "WESTUS2:20190323T004847Z:5e4dad15-022c-4532-b75c-f97040645774"
        ],
        "X-Content-Type-Options": [
          "nosniff"
        ],
        "Date": [
          "Sat, 23 Mar 2019 00:48:46 GMT"
        ],
        "Content-Length": [
          "1163"
        ],
        "Content-Type": [
          "application/json; charset=utf-8"
        ],
        "Expires": [
          "-1"
        ]
      },
      "ResponseBody": "{\r\n  \"properties\": {\r\n    \"topic\": \"/subscriptions/5b4b650e-28b9-4790-b3ab-ddbd88d727c4/resourceGroups/rgname-ps4972\",\r\n    \"provisioningState\": \"Succeeded\",\r\n    \"destination\": {\r\n      \"properties\": {\r\n        \"endpointUrl\": null,\r\n        \"endpointBaseUrl\": \"https://devexpfuncappdestination.azurewebsites.net/runtime/webhooks/EventGrid\"\r\n      },\r\n      \"endpointType\": \"WebHook\"\r\n    },\r\n    \"filter\": {\r\n      \"subjectBeginsWith\": \"\",\r\n      \"subjectEndsWith\": \"\",\r\n      \"includedEventTypes\": [\r\n        \"Microsoft.Resources.ResourceWriteSuccess\",\r\n        \"Microsoft.Resources.ResourceWriteFailure\",\r\n        \"Microsoft.Resources.ResourceWriteCancel\",\r\n        \"Microsoft.Resources.ResourceDeleteSuccess\",\r\n        \"Microsoft.Resources.ResourceDeleteFailure\",\r\n        \"Microsoft.Resources.ResourceDeleteCancel\",\r\n        \"Microsoft.Resources.ResourceActionSuccess\",\r\n        \"Microsoft.Resources.ResourceActionFailure\",\r\n        \"Microsoft.Resources.ResourceActionCancel\"\r\n      ]\r\n    },\r\n    \"labels\": [\r\n      \"Finance\",\r\n      \"HR\"\r\n    ],\r\n    \"eventDeliverySchema\": \"EventGridSchema\",\r\n    \"retryPolicy\": {\r\n      \"maxDeliveryAttempts\": 30,\r\n      \"eventTimeToLiveInMinutes\": 1440\r\n    }\r\n  },\r\n  \"id\": \"/subscriptions/5b4b650e-28b9-4790-b3ab-ddbd88d727c4/resourceGroups/RGName-ps4972/providers/Microsoft.EventGrid/eventSubscriptions/EventSubscription-ps6137\",\r\n  \"name\": \"EventSubscription-ps6137\",\r\n  \"type\": \"Microsoft.EventGrid/eventSubscriptions\"\r\n}",
      "StatusCode": 200
    },
    {
      "RequestUri": "//subscriptions/5b4b650e-28b9-4790-b3ab-ddbd88d727c4/resourceGroups/RGName-ps4972/providers/Microsoft.EventGrid/eventSubscriptions/EventSubscription-ps9543?api-version=2019-02-01-preview",
      "EncodedRequestUri": "Ly9zdWJzY3JpcHRpb25zLzViNGI2NTBlLTI4YjktNDc5MC1iM2FiLWRkYmQ4OGQ3MjdjNC9yZXNvdXJjZUdyb3Vwcy9SR05hbWUtcHM0OTcyL3Byb3ZpZGVycy9NaWNyb3NvZnQuRXZlbnRHcmlkL2V2ZW50U3Vic2NyaXB0aW9ucy9FdmVudFN1YnNjcmlwdGlvbi1wczk1NDM/YXBpLXZlcnNpb249MjAxOS0wMi0wMS1wcmV2aWV3",
      "RequestMethod": "PUT",
      "RequestBody": "{\r\n  \"properties\": {\r\n    \"destination\": {\r\n      \"endpointType\": \"WebHook\",\r\n      \"properties\": {\r\n        \"endpointUrl\": \"https://devexpfuncappdestination.azurewebsites.net/runtime/webhooks/EventGrid?functionName=EventGridTrigger1&code=<HIDDEN>\"\r\n      }\r\n    },\r\n    \"filter\": {\r\n      \"includedEventTypes\": [\r\n        \"Microsoft.Resources.ResourceWriteFailure\",\r\n        \"Microsoft.Resources.ResourceWriteSuccess\"\r\n      ],\r\n      \"isSubjectCaseSensitive\": false\r\n    },\r\n    \"eventDeliverySchema\": \"EventGridSchema\"\r\n  }\r\n}",
      "RequestHeaders": {
        "x-ms-client-request-id": [
          "bead969d-43e8-4895-b54a-ab0511fe3e84"
        ],
        "Accept-Language": [
          "en-US"
        ],
        "User-Agent": [
          "FxVersion/4.6.27129.04",
          "OSName/Windows",
          "OSVersion/Microsoft.Windows.10.0.17763.",
          "Microsoft.Azure.Management.EventGrid.EventGridManagementClient/4.0.0.0"
        ],
        "Content-Type": [
          "application/json; charset=utf-8"
        ],
        "Content-Length": [
          "577"
        ]
      },
      "ResponseHeaders": {
        "Cache-Control": [
          "no-cache"
        ],
        "Pragma": [
          "no-cache"
        ],
        "Retry-After": [
          "10"
        ],
        "Strict-Transport-Security": [
          "max-age=31536000; includeSubDomains"
        ],
        "Azure-AsyncOperation": [
          "https://management.azure.com:443/subscriptions/5b4b650e-28b9-4790-b3ab-ddbd88d727c4/providers/Microsoft.EventGrid/operationsStatus/4245798D-3549-4867-88B5-1D43E1C3D2A3?api-version=2019-02-01-preview"
        ],
        "x-ms-request-id": [
          "22925279-7cbb-4294-9722-59fab1963fb5"
        ],
        "Server": [
          "Microsoft-HTTPAPI/2.0"
        ],
        "x-ms-ratelimit-remaining-subscription-writes": [
          "1198"
        ],
        "x-ms-correlation-request-id": [
          "78a17d9e-8f38-4a66-aa8c-cb61ab6eb14c"
        ],
        "x-ms-routing-request-id": [
          "WESTUS2:20190323T004836Z:78a17d9e-8f38-4a66-aa8c-cb61ab6eb14c"
        ],
        "X-Content-Type-Options": [
          "nosniff"
        ],
        "Date": [
          "Sat, 23 Mar 2019 00:48:36 GMT"
        ],
        "Content-Length": [
          "729"
        ],
        "Content-Type": [
          "application/json; charset=utf-8"
        ],
        "Expires": [
          "-1"
        ]
      },
      "ResponseBody": "{\r\n  \"properties\": {\r\n    \"topic\": \"/subscriptions/5b4b650e-28b9-4790-b3ab-ddbd88d727c4/resourceGroups/rgname-ps4972\",\r\n    \"provisioningState\": \"Creating\",\r\n    \"destination\": {\r\n      \"properties\": {\r\n        \"endpointUrl\": null,\r\n        \"endpointBaseUrl\": \"https://devexpfuncappdestination.azurewebsites.net/runtime/webhooks/EventGrid\"\r\n      },\r\n      \"endpointType\": \"WebHook\"\r\n    },\r\n    \"filter\": {\r\n      \"includedEventTypes\": [\r\n        \"Microsoft.Resources.ResourceWriteFailure\",\r\n        \"Microsoft.Resources.ResourceWriteSuccess\"\r\n      ]\r\n    },\r\n    \"labels\": null,\r\n    \"eventDeliverySchema\": \"EventGridSchema\"\r\n  },\r\n  \"id\": \"/subscriptions/5b4b650e-28b9-4790-b3ab-ddbd88d727c4/resourceGroups/RGName-ps4972/providers/Microsoft.EventGrid/eventSubscriptions/EventSubscription-ps9543\",\r\n  \"name\": \"EventSubscription-ps9543\",\r\n  \"type\": \"Microsoft.EventGrid/eventSubscriptions\"\r\n}",
      "StatusCode": 201
    },
    {
      "RequestUri": "/subscriptions/5b4b650e-28b9-4790-b3ab-ddbd88d727c4/providers/Microsoft.EventGrid/operationsStatus/4245798D-3549-4867-88B5-1D43E1C3D2A3?api-version=2019-02-01-preview",
      "EncodedRequestUri": "L3N1YnNjcmlwdGlvbnMvNWI0YjY1MGUtMjhiOS00NzkwLWIzYWItZGRiZDg4ZDcyN2M0L3Byb3ZpZGVycy9NaWNyb3NvZnQuRXZlbnRHcmlkL29wZXJhdGlvbnNTdGF0dXMvNDI0NTc5OEQtMzU0OS00ODY3LTg4QjUtMUQ0M0UxQzNEMkEzP2FwaS12ZXJzaW9uPTIwMTktMDItMDEtcHJldmlldw==",
      "RequestMethod": "GET",
      "RequestBody": "",
      "RequestHeaders": {
        "User-Agent": [
          "FxVersion/4.6.27129.04",
          "OSName/Windows",
          "OSVersion/Microsoft.Windows.10.0.17763.",
          "Microsoft.Azure.Management.EventGrid.EventGridManagementClient/4.0.0.0"
        ]
      },
      "ResponseHeaders": {
        "Cache-Control": [
          "no-cache"
        ],
        "Pragma": [
          "no-cache"
        ],
        "Strict-Transport-Security": [
          "max-age=31536000; includeSubDomains"
        ],
        "x-ms-request-id": [
          "7e434d9a-60f3-4607-90dc-ed47dba082de"
        ],
        "Server": [
          "Microsoft-HTTPAPI/2.0"
        ],
        "x-ms-ratelimit-remaining-subscription-reads": [
          "11994"
        ],
        "x-ms-correlation-request-id": [
          "d9dbd4ef-eaa9-4725-a352-24a79ca0a1ad"
        ],
        "x-ms-routing-request-id": [
          "WESTUS2:20190323T004846Z:d9dbd4ef-eaa9-4725-a352-24a79ca0a1ad"
        ],
        "X-Content-Type-Options": [
          "nosniff"
        ],
        "Date": [
          "Sat, 23 Mar 2019 00:48:46 GMT"
        ],
        "Content-Length": [
          "270"
        ],
        "Content-Type": [
          "application/json; charset=utf-8"
        ],
        "Expires": [
          "-1"
        ]
      },
      "ResponseBody": "{\r\n  \"id\": \"https://management.azure.com/subscriptions/5b4b650e-28b9-4790-b3ab-ddbd88d727c4/providers/Microsoft.EventGrid/operationsStatus/4245798D-3549-4867-88B5-1D43E1C3D2A3?api-version=2019-02-01-preview\",\r\n  \"name\": \"4245798d-3549-4867-88b5-1d43e1c3d2a3\",\r\n  \"status\": \"Succeeded\"\r\n}",
      "StatusCode": 200
    },
    {
      "RequestUri": "//subscriptions/5b4b650e-28b9-4790-b3ab-ddbd88d727c4/resourceGroups/RGName-ps4972/providers/Microsoft.EventGrid/eventSubscriptions/EventSubscription-ps9543?api-version=2019-02-01-preview",
      "EncodedRequestUri": "Ly9zdWJzY3JpcHRpb25zLzViNGI2NTBlLTI4YjktNDc5MC1iM2FiLWRkYmQ4OGQ3MjdjNC9yZXNvdXJjZUdyb3Vwcy9SR05hbWUtcHM0OTcyL3Byb3ZpZGVycy9NaWNyb3NvZnQuRXZlbnRHcmlkL2V2ZW50U3Vic2NyaXB0aW9ucy9FdmVudFN1YnNjcmlwdGlvbi1wczk1NDM/YXBpLXZlcnNpb249MjAxOS0wMi0wMS1wcmV2aWV3",
      "RequestMethod": "GET",
      "RequestBody": "",
      "RequestHeaders": {
        "User-Agent": [
          "FxVersion/4.6.27129.04",
          "OSName/Windows",
          "OSVersion/Microsoft.Windows.10.0.17763.",
          "Microsoft.Azure.Management.EventGrid.EventGridManagementClient/4.0.0.0"
        ]
      },
      "ResponseHeaders": {
        "Cache-Control": [
          "no-cache"
        ],
        "Pragma": [
          "no-cache"
        ],
        "Strict-Transport-Security": [
          "max-age=31536000; includeSubDomains"
        ],
        "x-ms-request-id": [
          "88e55824-f70b-4e01-86c6-004f4d69bdaf"
        ],
        "Server": [
          "Microsoft-HTTPAPI/2.0"
        ],
        "x-ms-ratelimit-remaining-subscription-reads": [
          "11993"
        ],
        "x-ms-correlation-request-id": [
          "53e347bf-b9b3-43a3-88f2-3a0ca1697d0e"
        ],
        "x-ms-routing-request-id": [
          "WESTUS2:20190323T004847Z:53e347bf-b9b3-43a3-88f2-3a0ca1697d0e"
        ],
        "X-Content-Type-Options": [
          "nosniff"
        ],
        "Date": [
          "Sat, 23 Mar 2019 00:48:46 GMT"
        ],
        "Content-Length": [
          "847"
        ],
        "Content-Type": [
          "application/json; charset=utf-8"
        ],
        "Expires": [
          "-1"
        ]
      },
      "ResponseBody": "{\r\n  \"properties\": {\r\n    \"topic\": \"/subscriptions/5b4b650e-28b9-4790-b3ab-ddbd88d727c4/resourceGroups/rgname-ps4972\",\r\n    \"provisioningState\": \"Succeeded\",\r\n    \"destination\": {\r\n      \"properties\": {\r\n        \"endpointUrl\": null,\r\n        \"endpointBaseUrl\": \"https://devexpfuncappdestination.azurewebsites.net/runtime/webhooks/EventGrid\"\r\n      },\r\n      \"endpointType\": \"WebHook\"\r\n    },\r\n    \"filter\": {\r\n      \"subjectBeginsWith\": \"\",\r\n      \"subjectEndsWith\": \"\",\r\n      \"includedEventTypes\": [\r\n        \"Microsoft.Resources.ResourceWriteFailure\",\r\n        \"Microsoft.Resources.ResourceWriteSuccess\"\r\n      ]\r\n    },\r\n    \"labels\": null,\r\n    \"eventDeliverySchema\": \"EventGridSchema\",\r\n    \"retryPolicy\": {\r\n      \"maxDeliveryAttempts\": 30,\r\n      \"eventTimeToLiveInMinutes\": 1440\r\n    }\r\n  },\r\n  \"id\": \"/subscriptions/5b4b650e-28b9-4790-b3ab-ddbd88d727c4/resourceGroups/RGName-ps4972/providers/Microsoft.EventGrid/eventSubscriptions/EventSubscription-ps9543\",\r\n  \"name\": \"EventSubscription-ps9543\",\r\n  \"type\": \"Microsoft.EventGrid/eventSubscriptions\"\r\n}",
      "StatusCode": 200
    },
    {
      "RequestUri": "//subscriptions/5b4b650e-28b9-4790-b3ab-ddbd88d727c4/resourceGroups/RGName-ps4972/providers/Microsoft.EventGrid/eventSubscriptions/EventSubscription-ps6137/getFullUrl?api-version=2019-02-01-preview",
      "EncodedRequestUri": "Ly9zdWJzY3JpcHRpb25zLzViNGI2NTBlLTI4YjktNDc5MC1iM2FiLWRkYmQ4OGQ3MjdjNC9yZXNvdXJjZUdyb3Vwcy9SR05hbWUtcHM0OTcyL3Byb3ZpZGVycy9NaWNyb3NvZnQuRXZlbnRHcmlkL2V2ZW50U3Vic2NyaXB0aW9ucy9FdmVudFN1YnNjcmlwdGlvbi1wczYxMzcvZ2V0RnVsbFVybD9hcGktdmVyc2lvbj0yMDE5LTAyLTAxLXByZXZpZXc=",
      "RequestMethod": "POST",
      "RequestBody": "",
      "RequestHeaders": {
        "x-ms-client-request-id": [
          "72b1ac7a-7a88-4c21-858b-1592048f6c58"
        ],
        "Accept-Language": [
          "en-US"
        ],
        "User-Agent": [
          "FxVersion/4.6.27129.04",
          "OSName/Windows",
          "OSVersion/Microsoft.Windows.10.0.17763.",
          "Microsoft.Azure.Management.EventGrid.EventGridManagementClient/4.0.0.0"
        ]
      },
      "ResponseHeaders": {
        "Cache-Control": [
          "no-cache"
        ],
        "Pragma": [
          "no-cache"
        ],
        "Strict-Transport-Security": [
          "max-age=31536000; includeSubDomains"
        ],
        "x-ms-request-id": [
          "2a458bab-21be-44ab-8026-26b5b1476f7a"
        ],
        "Server": [
          "Microsoft-HTTPAPI/2.0"
        ],
        "x-ms-ratelimit-remaining-subscription-writes": [
          "1199"
        ],
        "x-ms-correlation-request-id": [
          "dc65b522-c307-4e14-8f53-fb43e59d3119"
        ],
        "x-ms-routing-request-id": [
          "WESTUS2:20190323T004847Z:dc65b522-c307-4e14-8f53-fb43e59d3119"
        ],
        "X-Content-Type-Options": [
          "nosniff"
        ],
        "Date": [
          "Sat, 23 Mar 2019 00:48:46 GMT"
        ],
        "Content-Length": [
          "188"
        ],
        "Content-Type": [
          "application/json; charset=utf-8"
        ],
        "Expires": [
          "-1"
        ]
      },
      "ResponseBody": "{\r\n  \"endpointUrl\": \"https://devexpfuncappdestination.azurewebsites.net/runtime/webhooks/EventGrid?functionName=EventGridTrigger1&code=<HIDDEN>\"\r\n}",
      "StatusCode": 200
    },
    {
      "RequestUri": "/subscriptions/5b4b650e-28b9-4790-b3ab-ddbd88d727c4/resourceGroups/RGName-ps4972/providers/Microsoft.EventGrid/eventSubscriptions?api-version=2019-02-01-preview",
      "EncodedRequestUri": "L3N1YnNjcmlwdGlvbnMvNWI0YjY1MGUtMjhiOS00NzkwLWIzYWItZGRiZDg4ZDcyN2M0L3Jlc291cmNlR3JvdXBzL1JHTmFtZS1wczQ5NzIvcHJvdmlkZXJzL01pY3Jvc29mdC5FdmVudEdyaWQvZXZlbnRTdWJzY3JpcHRpb25zP2FwaS12ZXJzaW9uPTIwMTktMDItMDEtcHJldmlldw==",
      "RequestMethod": "GET",
      "RequestBody": "",
      "RequestHeaders": {
        "x-ms-client-request-id": [
          "75045f7c-e908-48a1-8eee-cbf7910623e8"
        ],
        "Accept-Language": [
          "en-US"
        ],
        "User-Agent": [
          "FxVersion/4.6.27129.04",
          "OSName/Windows",
          "OSVersion/Microsoft.Windows.10.0.17763.",
          "Microsoft.Azure.Management.EventGrid.EventGridManagementClient/4.0.0.0"
        ]
      },
      "ResponseHeaders": {
        "Cache-Control": [
          "no-cache"
        ],
        "Pragma": [
          "no-cache"
        ],
        "Strict-Transport-Security": [
          "max-age=31536000; includeSubDomains"
        ],
        "x-ms-request-id": [
          "0d7e7bcb-014a-471c-b647-52c3f3a9ac6e"
        ],
        "Server": [
          "Microsoft-HTTPAPI/2.0"
        ],
        "x-ms-ratelimit-remaining-subscription-reads": [
          "11991"
        ],
        "x-ms-correlation-request-id": [
          "c05b685d-3e35-4360-b1e3-add97e6b0022"
        ],
        "x-ms-routing-request-id": [
          "WESTUS2:20190323T004847Z:c05b685d-3e35-4360-b1e3-add97e6b0022"
        ],
        "X-Content-Type-Options": [
          "nosniff"
        ],
        "Date": [
          "Sat, 23 Mar 2019 00:48:47 GMT"
        ],
        "Content-Length": [
          "2023"
        ],
        "Content-Type": [
          "application/json; charset=utf-8"
        ],
        "Expires": [
          "-1"
        ]
      },
      "ResponseBody": "{\r\n  \"value\": [\r\n    {\r\n      \"properties\": {\r\n        \"topic\": \"/subscriptions/5b4b650e-28b9-4790-b3ab-ddbd88d727c4/resourceGroups/rgname-ps4972\",\r\n        \"provisioningState\": \"Succeeded\",\r\n        \"destination\": {\r\n          \"properties\": {\r\n            \"endpointUrl\": null,\r\n            \"endpointBaseUrl\": \"https://devexpfuncappdestination.azurewebsites.net/runtime/webhooks/EventGrid\"\r\n          },\r\n          \"endpointType\": \"WebHook\"\r\n        },\r\n        \"filter\": {\r\n          \"subjectBeginsWith\": \"\",\r\n          \"subjectEndsWith\": \"\",\r\n          \"includedEventTypes\": [\r\n            \"Microsoft.Resources.ResourceWriteSuccess\",\r\n            \"Microsoft.Resources.ResourceWriteFailure\",\r\n            \"Microsoft.Resources.ResourceWriteCancel\",\r\n            \"Microsoft.Resources.ResourceDeleteSuccess\",\r\n            \"Microsoft.Resources.ResourceDeleteFailure\",\r\n            \"Microsoft.Resources.ResourceDeleteCancel\",\r\n            \"Microsoft.Resources.ResourceActionSuccess\",\r\n            \"Microsoft.Resources.ResourceActionFailure\",\r\n            \"Microsoft.Resources.ResourceActionCancel\"\r\n          ]\r\n        },\r\n        \"labels\": [\r\n          \"Finance\",\r\n          \"HR\"\r\n        ],\r\n        \"eventDeliverySchema\": \"EventGridSchema\",\r\n        \"retryPolicy\": {\r\n          \"maxDeliveryAttempts\": 30,\r\n          \"eventTimeToLiveInMinutes\": 1440\r\n        }\r\n      },\r\n      \"id\": \"/subscriptions/5b4b650e-28b9-4790-b3ab-ddbd88d727c4/resourceGroups/RGName-ps4972/providers/Microsoft.EventGrid/eventSubscriptions/EventSubscription-ps6137\",\r\n      \"name\": \"EventSubscription-ps6137\",\r\n      \"type\": \"Microsoft.EventGrid/eventSubscriptions\"\r\n    },\r\n    {\r\n      \"properties\": {\r\n        \"topic\": \"/subscriptions/5b4b650e-28b9-4790-b3ab-ddbd88d727c4/resourceGroups/rgname-ps4972\",\r\n        \"provisioningState\": \"Succeeded\",\r\n        \"destination\": {\r\n          \"properties\": {\r\n            \"endpointUrl\": null,\r\n            \"endpointBaseUrl\": \"https://devexpfuncappdestination.azurewebsites.net/runtime/webhooks/EventGrid\"\r\n          },\r\n          \"endpointType\": \"WebHook\"\r\n        },\r\n        \"filter\": {\r\n          \"subjectBeginsWith\": \"\",\r\n          \"subjectEndsWith\": \"\",\r\n          \"includedEventTypes\": [\r\n            \"Microsoft.Resources.ResourceWriteFailure\",\r\n            \"Microsoft.Resources.ResourceWriteSuccess\"\r\n          ]\r\n        },\r\n        \"labels\": null,\r\n        \"eventDeliverySchema\": \"EventGridSchema\",\r\n        \"retryPolicy\": {\r\n          \"maxDeliveryAttempts\": 30,\r\n          \"eventTimeToLiveInMinutes\": 1440\r\n        }\r\n      },\r\n      \"id\": \"/subscriptions/5b4b650e-28b9-4790-b3ab-ddbd88d727c4/resourceGroups/RGName-ps4972/providers/Microsoft.EventGrid/eventSubscriptions/EventSubscription-ps9543\",\r\n      \"name\": \"EventSubscription-ps9543\",\r\n      \"type\": \"Microsoft.EventGrid/eventSubscriptions\"\r\n    }\r\n  ]\r\n}",
      "StatusCode": 200
    },
    {
      "RequestUri": "/subscriptions/5b4b650e-28b9-4790-b3ab-ddbd88d727c4/resourceGroups/RGName-ps4972/providers/Microsoft.EventGrid/eventSubscriptions?api-version=2019-02-01-preview",
      "EncodedRequestUri": "L3N1YnNjcmlwdGlvbnMvNWI0YjY1MGUtMjhiOS00NzkwLWIzYWItZGRiZDg4ZDcyN2M0L3Jlc291cmNlR3JvdXBzL1JHTmFtZS1wczQ5NzIvcHJvdmlkZXJzL01pY3Jvc29mdC5FdmVudEdyaWQvZXZlbnRTdWJzY3JpcHRpb25zP2FwaS12ZXJzaW9uPTIwMTktMDItMDEtcHJldmlldw==",
      "RequestMethod": "GET",
      "RequestBody": "",
      "RequestHeaders": {
        "x-ms-client-request-id": [
          "150f4d5d-7766-4e07-a4a3-65bbd0246564"
        ],
        "Accept-Language": [
          "en-US"
        ],
        "User-Agent": [
          "FxVersion/4.6.27129.04",
          "OSName/Windows",
          "OSVersion/Microsoft.Windows.10.0.17763.",
          "Microsoft.Azure.Management.EventGrid.EventGridManagementClient/4.0.0.0"
        ]
      },
      "ResponseHeaders": {
        "Cache-Control": [
          "no-cache"
        ],
        "Pragma": [
          "no-cache"
        ],
        "Strict-Transport-Security": [
          "max-age=31536000; includeSubDomains"
        ],
        "x-ms-request-id": [
          "6df06360-ad38-4abb-95d3-6b944c7f3308"
        ],
        "Server": [
          "Microsoft-HTTPAPI/2.0"
        ],
        "x-ms-ratelimit-remaining-subscription-reads": [
          "11986"
        ],
        "x-ms-correlation-request-id": [
          "1d9a6699-96e4-4a3e-bb19-7489b70eab85"
        ],
        "x-ms-routing-request-id": [
          "WESTUS2:20190323T004908Z:1d9a6699-96e4-4a3e-bb19-7489b70eab85"
        ],
        "X-Content-Type-Options": [
          "nosniff"
        ],
        "Date": [
          "Sat, 23 Mar 2019 00:49:07 GMT"
        ],
        "Content-Length": [
          "12"
        ],
        "Content-Type": [
          "application/json; charset=utf-8"
        ],
        "Expires": [
          "-1"
        ]
      },
      "ResponseBody": "{\r\n  \"value\": []\r\n}",
      "StatusCode": 200
    },
    {
      "RequestUri": "//subscriptions/5b4b650e-28b9-4790-b3ab-ddbd88d727c4/resourceGroups/RGName-ps4972/providers/Microsoft.EventGrid/eventSubscriptions/EventSubscription-ps6137?api-version=2019-02-01-preview",
      "EncodedRequestUri": "Ly9zdWJzY3JpcHRpb25zLzViNGI2NTBlLTI4YjktNDc5MC1iM2FiLWRkYmQ4OGQ3MjdjNC9yZXNvdXJjZUdyb3Vwcy9SR05hbWUtcHM0OTcyL3Byb3ZpZGVycy9NaWNyb3NvZnQuRXZlbnRHcmlkL2V2ZW50U3Vic2NyaXB0aW9ucy9FdmVudFN1YnNjcmlwdGlvbi1wczYxMzc/YXBpLXZlcnNpb249MjAxOS0wMi0wMS1wcmV2aWV3",
      "RequestMethod": "DELETE",
      "RequestBody": "",
      "RequestHeaders": {
        "x-ms-client-request-id": [
          "fadc8586-ea92-4e36-8fba-cdc07a3289e8"
        ],
        "Accept-Language": [
          "en-US"
        ],
        "User-Agent": [
          "FxVersion/4.6.27129.04",
          "OSName/Windows",
          "OSVersion/Microsoft.Windows.10.0.17763.",
          "Microsoft.Azure.Management.EventGrid.EventGridManagementClient/4.0.0.0"
        ]
      },
      "ResponseHeaders": {
        "Cache-Control": [
          "no-cache"
        ],
        "Pragma": [
          "no-cache"
        ],
        "Location": [
          "https://management.azure.com/subscriptions/5b4b650e-28b9-4790-b3ab-ddbd88d727c4/providers/Microsoft.EventGrid/operationResults/ADB0486A-DC49-4269-9812-20FA89AB8367?api-version=2019-02-01-preview"
        ],
        "Retry-After": [
          "10"
        ],
        "Strict-Transport-Security": [
          "max-age=31536000; includeSubDomains"
        ],
        "Server": [
          "Microsoft-HTTPAPI/2.0"
        ],
        "x-ms-ratelimit-remaining-subscription-deletes": [
          "14999"
        ],
        "x-ms-request-id": [
          "7de2458c-8312-458d-a785-cf22e1970c2a"
        ],
        "x-ms-correlation-request-id": [
          "7de2458c-8312-458d-a785-cf22e1970c2a"
        ],
        "x-ms-routing-request-id": [
          "WESTUS2:20190323T004847Z:7de2458c-8312-458d-a785-cf22e1970c2a"
        ],
        "X-Content-Type-Options": [
          "nosniff"
        ],
        "Date": [
          "Sat, 23 Mar 2019 00:48:47 GMT"
        ],
        "Expires": [
          "-1"
        ],
        "Content-Length": [
          "0"
        ]
      },
      "ResponseBody": "",
      "StatusCode": 202
    },
    {
      "RequestUri": "/subscriptions/5b4b650e-28b9-4790-b3ab-ddbd88d727c4/providers/Microsoft.EventGrid/operationResults/ADB0486A-DC49-4269-9812-20FA89AB8367?api-version=2019-02-01-preview",
      "EncodedRequestUri": "L3N1YnNjcmlwdGlvbnMvNWI0YjY1MGUtMjhiOS00NzkwLWIzYWItZGRiZDg4ZDcyN2M0L3Byb3ZpZGVycy9NaWNyb3NvZnQuRXZlbnRHcmlkL29wZXJhdGlvblJlc3VsdHMvQURCMDQ4NkEtREM0OS00MjY5LTk4MTItMjBGQTg5QUI4MzY3P2FwaS12ZXJzaW9uPTIwMTktMDItMDEtcHJldmlldw==",
      "RequestMethod": "GET",
      "RequestBody": "",
      "RequestHeaders": {
        "User-Agent": [
          "FxVersion/4.6.27129.04",
          "OSName/Windows",
          "OSVersion/Microsoft.Windows.10.0.17763.",
          "Microsoft.Azure.Management.EventGrid.EventGridManagementClient/4.0.0.0"
        ]
      },
      "ResponseHeaders": {
        "Cache-Control": [
          "no-cache"
        ],
        "Pragma": [
          "no-cache"
        ],
        "Strict-Transport-Security": [
          "max-age=31536000; includeSubDomains"
        ],
        "x-ms-request-id": [
          "2965230b-958d-4509-9f1a-d276286a9e69"
        ],
        "Server": [
          "Microsoft-HTTPAPI/2.0"
        ],
        "x-ms-ratelimit-remaining-subscription-reads": [
          "11990"
        ],
        "x-ms-correlation-request-id": [
          "1e04327c-7271-4b1e-915e-0a28e121d11f"
        ],
        "x-ms-routing-request-id": [
          "WESTUS2:20190323T004857Z:1e04327c-7271-4b1e-915e-0a28e121d11f"
        ],
        "X-Content-Type-Options": [
          "nosniff"
        ],
        "Date": [
          "Sat, 23 Mar 2019 00:48:57 GMT"
        ],
        "Expires": [
          "-1"
        ],
        "Content-Length": [
          "0"
        ]
      },
      "ResponseBody": "",
      "StatusCode": 200
    },
    {
      "RequestUri": "/subscriptions/5b4b650e-28b9-4790-b3ab-ddbd88d727c4/providers/Microsoft.EventGrid/operationResults/ADB0486A-DC49-4269-9812-20FA89AB8367?api-version=2019-02-01-preview",
      "EncodedRequestUri": "L3N1YnNjcmlwdGlvbnMvNWI0YjY1MGUtMjhiOS00NzkwLWIzYWItZGRiZDg4ZDcyN2M0L3Byb3ZpZGVycy9NaWNyb3NvZnQuRXZlbnRHcmlkL29wZXJhdGlvblJlc3VsdHMvQURCMDQ4NkEtREM0OS00MjY5LTk4MTItMjBGQTg5QUI4MzY3P2FwaS12ZXJzaW9uPTIwMTktMDItMDEtcHJldmlldw==",
      "RequestMethod": "GET",
      "RequestBody": "",
      "RequestHeaders": {
        "User-Agent": [
          "FxVersion/4.6.27129.04",
          "OSName/Windows",
          "OSVersion/Microsoft.Windows.10.0.17763.",
          "Microsoft.Azure.Management.EventGrid.EventGridManagementClient/4.0.0.0"
        ]
      },
      "ResponseHeaders": {
        "Cache-Control": [
          "no-cache"
        ],
        "Pragma": [
          "no-cache"
        ],
        "Strict-Transport-Security": [
          "max-age=31536000; includeSubDomains"
        ],
        "x-ms-request-id": [
          "a8e02d28-3d7d-42f8-8e6a-aa469ef363db"
        ],
        "Server": [
          "Microsoft-HTTPAPI/2.0"
        ],
        "x-ms-ratelimit-remaining-subscription-reads": [
          "11989"
        ],
        "x-ms-correlation-request-id": [
          "d967a505-def6-4953-b93e-8014b3c5f644"
        ],
        "x-ms-routing-request-id": [
          "WESTUS2:20190323T004857Z:d967a505-def6-4953-b93e-8014b3c5f644"
        ],
        "X-Content-Type-Options": [
          "nosniff"
        ],
        "Date": [
          "Sat, 23 Mar 2019 00:48:57 GMT"
        ],
        "Expires": [
          "-1"
        ],
        "Content-Length": [
          "0"
        ]
      },
      "ResponseBody": "",
      "StatusCode": 200
    },
    {
      "RequestUri": "//subscriptions/5b4b650e-28b9-4790-b3ab-ddbd88d727c4/resourceGroups/RGName-ps4972/providers/Microsoft.EventGrid/eventSubscriptions/EventSubscription-ps9543?api-version=2019-02-01-preview",
      "EncodedRequestUri": "Ly9zdWJzY3JpcHRpb25zLzViNGI2NTBlLTI4YjktNDc5MC1iM2FiLWRkYmQ4OGQ3MjdjNC9yZXNvdXJjZUdyb3Vwcy9SR05hbWUtcHM0OTcyL3Byb3ZpZGVycy9NaWNyb3NvZnQuRXZlbnRHcmlkL2V2ZW50U3Vic2NyaXB0aW9ucy9FdmVudFN1YnNjcmlwdGlvbi1wczk1NDM/YXBpLXZlcnNpb249MjAxOS0wMi0wMS1wcmV2aWV3",
      "RequestMethod": "DELETE",
      "RequestBody": "",
      "RequestHeaders": {
        "x-ms-client-request-id": [
          "42b7d3dc-d59c-4b96-9dea-b0cf749817e3"
        ],
        "Accept-Language": [
          "en-US"
        ],
        "User-Agent": [
          "FxVersion/4.6.27129.04",
          "OSName/Windows",
          "OSVersion/Microsoft.Windows.10.0.17763.",
          "Microsoft.Azure.Management.EventGrid.EventGridManagementClient/4.0.0.0"
        ]
      },
      "ResponseHeaders": {
        "Cache-Control": [
          "no-cache"
        ],
        "Pragma": [
          "no-cache"
        ],
        "Location": [
          "https://management.azure.com/subscriptions/5b4b650e-28b9-4790-b3ab-ddbd88d727c4/providers/Microsoft.EventGrid/operationResults/C529611F-D14E-4590-9308-356EBEAF793E?api-version=2019-02-01-preview"
        ],
        "Retry-After": [
          "10"
        ],
        "Strict-Transport-Security": [
          "max-age=31536000; includeSubDomains"
        ],
        "Server": [
          "Microsoft-HTTPAPI/2.0"
        ],
        "x-ms-ratelimit-remaining-subscription-deletes": [
          "14998"
        ],
        "x-ms-request-id": [
          "af478018-5d75-48d3-8806-ab93c1c7ee18"
        ],
        "x-ms-correlation-request-id": [
          "af478018-5d75-48d3-8806-ab93c1c7ee18"
        ],
        "x-ms-routing-request-id": [
          "WESTUS2:20190323T004857Z:af478018-5d75-48d3-8806-ab93c1c7ee18"
        ],
        "X-Content-Type-Options": [
          "nosniff"
        ],
        "Date": [
          "Sat, 23 Mar 2019 00:48:57 GMT"
        ],
        "Expires": [
          "-1"
        ],
        "Content-Length": [
          "0"
        ]
      },
      "ResponseBody": "",
      "StatusCode": 202
    },
    {
      "RequestUri": "/subscriptions/5b4b650e-28b9-4790-b3ab-ddbd88d727c4/providers/Microsoft.EventGrid/operationResults/C529611F-D14E-4590-9308-356EBEAF793E?api-version=2019-02-01-preview",
      "EncodedRequestUri": "L3N1YnNjcmlwdGlvbnMvNWI0YjY1MGUtMjhiOS00NzkwLWIzYWItZGRiZDg4ZDcyN2M0L3Byb3ZpZGVycy9NaWNyb3NvZnQuRXZlbnRHcmlkL29wZXJhdGlvblJlc3VsdHMvQzUyOTYxMUYtRDE0RS00NTkwLTkzMDgtMzU2RUJFQUY3OTNFP2FwaS12ZXJzaW9uPTIwMTktMDItMDEtcHJldmlldw==",
      "RequestMethod": "GET",
      "RequestBody": "",
      "RequestHeaders": {
        "User-Agent": [
          "FxVersion/4.6.27129.04",
          "OSName/Windows",
          "OSVersion/Microsoft.Windows.10.0.17763.",
          "Microsoft.Azure.Management.EventGrid.EventGridManagementClient/4.0.0.0"
        ]
      },
      "ResponseHeaders": {
        "Cache-Control": [
          "no-cache"
        ],
        "Pragma": [
          "no-cache"
        ],
        "Strict-Transport-Security": [
          "max-age=31536000; includeSubDomains"
        ],
        "x-ms-request-id": [
          "44cf93e5-02d5-498b-954e-98b10df77b37"
        ],
        "Server": [
          "Microsoft-HTTPAPI/2.0"
        ],
        "x-ms-ratelimit-remaining-subscription-reads": [
          "11988"
        ],
        "x-ms-correlation-request-id": [
          "b2f3ca44-5583-452d-b50a-f24bda39c441"
        ],
        "x-ms-routing-request-id": [
          "WESTUS2:20190323T004908Z:b2f3ca44-5583-452d-b50a-f24bda39c441"
        ],
        "X-Content-Type-Options": [
          "nosniff"
        ],
        "Date": [
          "Sat, 23 Mar 2019 00:49:07 GMT"
        ],
        "Expires": [
          "-1"
        ],
        "Content-Length": [
          "0"
        ]
      },
      "ResponseBody": "",
      "StatusCode": 200
    },
    {
      "RequestUri": "/subscriptions/5b4b650e-28b9-4790-b3ab-ddbd88d727c4/providers/Microsoft.EventGrid/operationResults/C529611F-D14E-4590-9308-356EBEAF793E?api-version=2019-02-01-preview",
      "EncodedRequestUri": "L3N1YnNjcmlwdGlvbnMvNWI0YjY1MGUtMjhiOS00NzkwLWIzYWItZGRiZDg4ZDcyN2M0L3Byb3ZpZGVycy9NaWNyb3NvZnQuRXZlbnRHcmlkL29wZXJhdGlvblJlc3VsdHMvQzUyOTYxMUYtRDE0RS00NTkwLTkzMDgtMzU2RUJFQUY3OTNFP2FwaS12ZXJzaW9uPTIwMTktMDItMDEtcHJldmlldw==",
      "RequestMethod": "GET",
      "RequestBody": "",
      "RequestHeaders": {
        "User-Agent": [
          "FxVersion/4.6.27129.04",
          "OSName/Windows",
          "OSVersion/Microsoft.Windows.10.0.17763.",
          "Microsoft.Azure.Management.EventGrid.EventGridManagementClient/4.0.0.0"
        ]
      },
      "ResponseHeaders": {
        "Cache-Control": [
          "no-cache"
        ],
        "Pragma": [
          "no-cache"
        ],
        "Strict-Transport-Security": [
          "max-age=31536000; includeSubDomains"
        ],
        "x-ms-request-id": [
          "e4cc54bd-9c30-4d06-9534-f7ef1b9c54b8"
        ],
        "Server": [
          "Microsoft-HTTPAPI/2.0"
        ],
        "x-ms-ratelimit-remaining-subscription-reads": [
          "11987"
        ],
        "x-ms-correlation-request-id": [
          "5e6148b5-dba1-4bd1-9f66-9291894a85af"
        ],
        "x-ms-routing-request-id": [
          "WESTUS2:20190323T004908Z:5e6148b5-dba1-4bd1-9f66-9291894a85af"
        ],
        "X-Content-Type-Options": [
          "nosniff"
        ],
        "Date": [
          "Sat, 23 Mar 2019 00:49:07 GMT"
        ],
        "Expires": [
          "-1"
        ],
        "Content-Length": [
          "0"
        ]
      },
      "ResponseBody": "",
      "StatusCode": 200
    },
    {
      "RequestUri": "/subscriptions/5b4b650e-28b9-4790-b3ab-ddbd88d727c4/resourcegroups/RGName-ps4972?api-version=2016-09-01",
      "EncodedRequestUri": "L3N1YnNjcmlwdGlvbnMvNWI0YjY1MGUtMjhiOS00NzkwLWIzYWItZGRiZDg4ZDcyN2M0L3Jlc291cmNlZ3JvdXBzL1JHTmFtZS1wczQ5NzI/YXBpLXZlcnNpb249MjAxNi0wOS0wMQ==",
      "RequestMethod": "DELETE",
      "RequestBody": "",
      "RequestHeaders": {
        "x-ms-client-request-id": [
          "9d9932a6-d913-462f-ab3a-d3b3b7e5feb5"
        ],
        "Accept-Language": [
          "en-US"
        ],
        "User-Agent": [
          "FxVersion/4.6.27129.04",
          "OSName/Windows",
          "OSVersion/Microsoft.Windows.10.0.17763.",
          "Microsoft.Azure.Management.Internal.Resources.ResourceManagementClient/1.1.17"
        ]
      },
      "ResponseHeaders": {
        "Cache-Control": [
          "no-cache"
        ],
        "Pragma": [
          "no-cache"
        ],
        "Location": [
          "https://management.azure.com/subscriptions/5b4b650e-28b9-4790-b3ab-ddbd88d727c4/operationresults/eyJqb2JJZCI6IlJFU09VUkNFR1JPVVBERUxFVElPTkpPQi1SR05BTUU6MkRQUzQ5NzItQ0VOVFJBTFVTRVVBUCIsImpvYkxvY2F0aW9uIjoiY2VudHJhbHVzZXVhcCJ9?api-version=2016-09-01"
        ],
        "Retry-After": [
          "15"
        ],
        "x-ms-ratelimit-remaining-subscription-deletes": [
          "14998"
        ],
        "x-ms-request-id": [
          "77ce5051-0387-4ec6-a439-38b57293c3a6"
        ],
        "x-ms-correlation-request-id": [
          "77ce5051-0387-4ec6-a439-38b57293c3a6"
        ],
        "x-ms-routing-request-id": [
          "WESTUS2:20190323T004909Z:77ce5051-0387-4ec6-a439-38b57293c3a6"
        ],
        "Strict-Transport-Security": [
          "max-age=31536000; includeSubDomains"
        ],
        "X-Content-Type-Options": [
          "nosniff"
        ],
        "Date": [
          "Sat, 23 Mar 2019 00:49:08 GMT"
        ],
        "Expires": [
          "-1"
        ],
        "Content-Length": [
          "0"
        ]
      },
      "ResponseBody": "",
      "StatusCode": 202
    },
    {
      "RequestUri": "/subscriptions/5b4b650e-28b9-4790-b3ab-ddbd88d727c4/operationresults/eyJqb2JJZCI6IlJFU09VUkNFR1JPVVBERUxFVElPTkpPQi1SR05BTUU6MkRQUzQ5NzItQ0VOVFJBTFVTRVVBUCIsImpvYkxvY2F0aW9uIjoiY2VudHJhbHVzZXVhcCJ9?api-version=2016-09-01",
      "EncodedRequestUri": "L3N1YnNjcmlwdGlvbnMvNWI0YjY1MGUtMjhiOS00NzkwLWIzYWItZGRiZDg4ZDcyN2M0L29wZXJhdGlvbnJlc3VsdHMvZXlKcWIySkpaQ0k2SWxKRlUwOVZVa05GUjFKUFZWQkVSVXhGVkVsUFRrcFBRaTFTUjA1QlRVVTZNa1JRVXpRNU56SXRRMFZPVkZKQlRGVlRSVlZCVUNJc0ltcHZZa3h2WTJGMGFXOXVJam9pWTJWdWRISmhiSFZ6WlhWaGNDSjk/YXBpLXZlcnNpb249MjAxNi0wOS0wMQ==",
      "RequestMethod": "GET",
      "RequestBody": "",
      "RequestHeaders": {
        "User-Agent": [
          "FxVersion/4.6.27129.04",
          "OSName/Windows",
          "OSVersion/Microsoft.Windows.10.0.17763.",
          "Microsoft.Azure.Management.Internal.Resources.ResourceManagementClient/1.1.17"
        ]
      },
      "ResponseHeaders": {
        "Cache-Control": [
          "no-cache"
        ],
        "Pragma": [
          "no-cache"
        ],
        "Location": [
          "https://management.azure.com/subscriptions/5b4b650e-28b9-4790-b3ab-ddbd88d727c4/operationresults/eyJqb2JJZCI6IlJFU09VUkNFR1JPVVBERUxFVElPTkpPQi1SR05BTUU6MkRQUzQ5NzItQ0VOVFJBTFVTRVVBUCIsImpvYkxvY2F0aW9uIjoiY2VudHJhbHVzZXVhcCJ9?api-version=2016-09-01"
        ],
        "Retry-After": [
          "15"
        ],
        "x-ms-ratelimit-remaining-subscription-reads": [
          "11999"
        ],
        "x-ms-request-id": [
          "3b61cf53-1136-4d2e-93db-0f6038c6bc74"
        ],
        "x-ms-correlation-request-id": [
          "3b61cf53-1136-4d2e-93db-0f6038c6bc74"
        ],
        "x-ms-routing-request-id": [
          "WESTUS2:20190323T004924Z:3b61cf53-1136-4d2e-93db-0f6038c6bc74"
        ],
        "Strict-Transport-Security": [
          "max-age=31536000; includeSubDomains"
        ],
        "X-Content-Type-Options": [
          "nosniff"
        ],
        "Date": [
          "Sat, 23 Mar 2019 00:49:23 GMT"
        ],
        "Expires": [
          "-1"
        ],
        "Content-Length": [
          "0"
        ]
      },
      "ResponseBody": "",
      "StatusCode": 202
    },
    {
      "RequestUri": "/subscriptions/5b4b650e-28b9-4790-b3ab-ddbd88d727c4/operationresults/eyJqb2JJZCI6IlJFU09VUkNFR1JPVVBERUxFVElPTkpPQi1SR05BTUU6MkRQUzQ5NzItQ0VOVFJBTFVTRVVBUCIsImpvYkxvY2F0aW9uIjoiY2VudHJhbHVzZXVhcCJ9?api-version=2016-09-01",
      "EncodedRequestUri": "L3N1YnNjcmlwdGlvbnMvNWI0YjY1MGUtMjhiOS00NzkwLWIzYWItZGRiZDg4ZDcyN2M0L29wZXJhdGlvbnJlc3VsdHMvZXlKcWIySkpaQ0k2SWxKRlUwOVZVa05GUjFKUFZWQkVSVXhGVkVsUFRrcFBRaTFTUjA1QlRVVTZNa1JRVXpRNU56SXRRMFZPVkZKQlRGVlRSVlZCVUNJc0ltcHZZa3h2WTJGMGFXOXVJam9pWTJWdWRISmhiSFZ6WlhWaGNDSjk/YXBpLXZlcnNpb249MjAxNi0wOS0wMQ==",
      "RequestMethod": "GET",
      "RequestBody": "",
      "RequestHeaders": {
        "User-Agent": [
          "FxVersion/4.6.27129.04",
          "OSName/Windows",
          "OSVersion/Microsoft.Windows.10.0.17763.",
          "Microsoft.Azure.Management.Internal.Resources.ResourceManagementClient/1.1.17"
        ]
      },
      "ResponseHeaders": {
        "Cache-Control": [
          "no-cache"
        ],
        "Pragma": [
          "no-cache"
        ],
        "Location": [
          "https://management.azure.com/subscriptions/5b4b650e-28b9-4790-b3ab-ddbd88d727c4/operationresults/eyJqb2JJZCI6IlJFU09VUkNFR1JPVVBERUxFVElPTkpPQi1SR05BTUU6MkRQUzQ5NzItQ0VOVFJBTFVTRVVBUCIsImpvYkxvY2F0aW9uIjoiY2VudHJhbHVzZXVhcCJ9?api-version=2016-09-01"
        ],
        "Retry-After": [
          "15"
        ],
        "x-ms-ratelimit-remaining-subscription-reads": [
          "11998"
        ],
        "x-ms-request-id": [
          "89b3784f-d809-4769-ae8f-bad9d0364bff"
        ],
        "x-ms-correlation-request-id": [
          "89b3784f-d809-4769-ae8f-bad9d0364bff"
        ],
        "x-ms-routing-request-id": [
          "WESTUS2:20190323T004939Z:89b3784f-d809-4769-ae8f-bad9d0364bff"
        ],
        "Strict-Transport-Security": [
          "max-age=31536000; includeSubDomains"
        ],
        "X-Content-Type-Options": [
          "nosniff"
        ],
        "Date": [
          "Sat, 23 Mar 2019 00:49:39 GMT"
        ],
        "Expires": [
          "-1"
        ],
        "Content-Length": [
          "0"
        ]
      },
      "ResponseBody": "",
      "StatusCode": 202
    },
    {
      "RequestUri": "/subscriptions/5b4b650e-28b9-4790-b3ab-ddbd88d727c4/operationresults/eyJqb2JJZCI6IlJFU09VUkNFR1JPVVBERUxFVElPTkpPQi1SR05BTUU6MkRQUzQ5NzItQ0VOVFJBTFVTRVVBUCIsImpvYkxvY2F0aW9uIjoiY2VudHJhbHVzZXVhcCJ9?api-version=2016-09-01",
      "EncodedRequestUri": "L3N1YnNjcmlwdGlvbnMvNWI0YjY1MGUtMjhiOS00NzkwLWIzYWItZGRiZDg4ZDcyN2M0L29wZXJhdGlvbnJlc3VsdHMvZXlKcWIySkpaQ0k2SWxKRlUwOVZVa05GUjFKUFZWQkVSVXhGVkVsUFRrcFBRaTFTUjA1QlRVVTZNa1JRVXpRNU56SXRRMFZPVkZKQlRGVlRSVlZCVUNJc0ltcHZZa3h2WTJGMGFXOXVJam9pWTJWdWRISmhiSFZ6WlhWaGNDSjk/YXBpLXZlcnNpb249MjAxNi0wOS0wMQ==",
      "RequestMethod": "GET",
      "RequestBody": "",
      "RequestHeaders": {
        "User-Agent": [
          "FxVersion/4.6.27129.04",
          "OSName/Windows",
          "OSVersion/Microsoft.Windows.10.0.17763.",
          "Microsoft.Azure.Management.Internal.Resources.ResourceManagementClient/1.1.17"
        ]
      },
      "ResponseHeaders": {
        "Cache-Control": [
          "no-cache"
        ],
        "Pragma": [
          "no-cache"
        ],
        "x-ms-ratelimit-remaining-subscription-reads": [
          "11997"
        ],
        "x-ms-request-id": [
          "ffb48d85-4bfa-4ede-8349-3e950f78319f"
        ],
        "x-ms-correlation-request-id": [
          "ffb48d85-4bfa-4ede-8349-3e950f78319f"
        ],
        "x-ms-routing-request-id": [
          "WESTUS2:20190323T004954Z:ffb48d85-4bfa-4ede-8349-3e950f78319f"
        ],
        "Strict-Transport-Security": [
          "max-age=31536000; includeSubDomains"
        ],
        "X-Content-Type-Options": [
          "nosniff"
        ],
        "Date": [
          "Sat, 23 Mar 2019 00:49:54 GMT"
        ],
        "Expires": [
          "-1"
        ],
        "Content-Length": [
          "0"
        ]
      },
      "ResponseBody": "",
      "StatusCode": 200
    },
    {
      "RequestUri": "/subscriptions/5b4b650e-28b9-4790-b3ab-ddbd88d727c4/operationresults/eyJqb2JJZCI6IlJFU09VUkNFR1JPVVBERUxFVElPTkpPQi1SR05BTUU6MkRQUzQ5NzItQ0VOVFJBTFVTRVVBUCIsImpvYkxvY2F0aW9uIjoiY2VudHJhbHVzZXVhcCJ9?api-version=2016-09-01",
      "EncodedRequestUri": "L3N1YnNjcmlwdGlvbnMvNWI0YjY1MGUtMjhiOS00NzkwLWIzYWItZGRiZDg4ZDcyN2M0L29wZXJhdGlvbnJlc3VsdHMvZXlKcWIySkpaQ0k2SWxKRlUwOVZVa05GUjFKUFZWQkVSVXhGVkVsUFRrcFBRaTFTUjA1QlRVVTZNa1JRVXpRNU56SXRRMFZPVkZKQlRGVlRSVlZCVUNJc0ltcHZZa3h2WTJGMGFXOXVJam9pWTJWdWRISmhiSFZ6WlhWaGNDSjk/YXBpLXZlcnNpb249MjAxNi0wOS0wMQ==",
      "RequestMethod": "GET",
      "RequestBody": "",
      "RequestHeaders": {
        "User-Agent": [
          "FxVersion/4.6.27129.04",
          "OSName/Windows",
          "OSVersion/Microsoft.Windows.10.0.17763.",
          "Microsoft.Azure.Management.Internal.Resources.ResourceManagementClient/1.1.17"
        ]
      },
      "ResponseHeaders": {
        "Cache-Control": [
          "no-cache"
        ],
        "Pragma": [
          "no-cache"
        ],
        "x-ms-ratelimit-remaining-subscription-reads": [
          "11996"
        ],
        "x-ms-request-id": [
          "875ee384-3640-4383-82c1-1752d73de50a"
        ],
        "x-ms-correlation-request-id": [
          "875ee384-3640-4383-82c1-1752d73de50a"
        ],
        "x-ms-routing-request-id": [
          "WESTUS2:20190323T004954Z:875ee384-3640-4383-82c1-1752d73de50a"
        ],
        "Strict-Transport-Security": [
          "max-age=31536000; includeSubDomains"
        ],
        "X-Content-Type-Options": [
          "nosniff"
        ],
        "Date": [
          "Sat, 23 Mar 2019 00:49:54 GMT"
        ],
        "Expires": [
          "-1"
        ],
        "Content-Length": [
          "0"
        ]
      },
      "ResponseBody": "",
      "StatusCode": 200
    }
  ],
  "Names": {
    "": [
      "ps6137",
      "ps9543",
      "ps4972"
    ]
  },
  "Variables": {
    "SubscriptionId": "5b4b650e-28b9-4790-b3ab-ddbd88d727c4"
  }
}