{
  "Entries": [
    {
      "RequestUri": "/subscriptions/c9cbd920-c00c-427c-852b-8aaf38badaeb/providers/Microsoft.Network?api-version=2016-02-01",
      "EncodedRequestUri": "L3N1YnNjcmlwdGlvbnMvYzljYmQ5MjAtYzAwYy00MjdjLTg1MmItOGFhZjM4YmFkYWViL3Byb3ZpZGVycy9NaWNyb3NvZnQuTmV0d29yaz9hcGktdmVyc2lvbj0yMDE2LTAyLTAx",
      "RequestMethod": "GET",
      "RequestBody": "",
      "RequestHeaders": {
        "User-Agent": [
          "Microsoft.Azure.Management.Resources.ResourceManagementClient/2.0.0.0"
        ]
      },
      "ResponseBody": "{\r\n  \"id\": \"/subscriptions/c9cbd920-c00c-427c-852b-8aaf38badaeb/providers/Microsoft.Network\",\r\n  \"namespace\": \"Microsoft.Network\",\r\n  \"authorizations\": [\r\n    {\r\n      \"applicationId\": \"2cf9eb86-36b5-49dc-86ae-9a63135dfa8c\",\r\n      \"roleDefinitionId\": \"13ba9ab4-19f0-4804-adc4-14ece36cc7a1\"\r\n    },\r\n    {\r\n      \"applicationId\": \"7c33bfcb-8d33-48d6-8e60-dc6404003489\",\r\n      \"roleDefinitionId\": \"ad6261e4-fa9a-4642-aa5f-104f1b67e9e3\"\r\n    },\r\n    {\r\n      \"applicationId\": \"1e3e4475-288f-4018-a376-df66fd7fac5f\",\r\n      \"roleDefinitionId\": \"1d538b69-3d87-4e56-8ff8-25786fd48261\"\r\n    },\r\n    {\r\n      \"applicationId\": \"a0be0c72-870e-46f0-9c49-c98333a996f7\",\r\n      \"roleDefinitionId\": \"7ce22727-ffce-45a9-930c-ddb2e56fa131\"\r\n    },\r\n    {\r\n      \"applicationId\": \"486c78bf-a0f7-45f1-92fd-37215929e116\",\r\n      \"roleDefinitionId\": \"98a9e526-0a60-4c1f-a33a-ae46e1f8dc0d\"\r\n    }\r\n  ],\r\n  \"resourceTypes\": [\r\n    {\r\n      \"resourceType\": \"virtualNetworks\",\r\n      \"locations\": [\r\n        \"West US\",\r\n        \"East US\",\r\n        \"North Europe\",\r\n        \"West Europe\",\r\n        \"East Asia\",\r\n        \"Southeast Asia\",\r\n        \"North Central US\",\r\n        \"South Central US\",\r\n        \"Central US\",\r\n        \"East US 2\",\r\n        \"Japan East\",\r\n        \"Japan West\",\r\n        \"Brazil South\",\r\n        \"Australia East\",\r\n        \"Australia Southeast\",\r\n        \"Central India\",\r\n        \"South India\",\r\n        \"West India\",\r\n        \"Canada Central\",\r\n        \"Canada East\",\r\n        \"West Central US\",\r\n        \"West US 2\",\r\n        \"UK West\",\r\n        \"UK South\",\r\n        \"Korea Central\",\r\n        \"Korea South\"\r\n      ],\r\n      \"apiVersions\": [\r\n        \"2017-11-01\",\r\n        \"2017-10-01\",\r\n        \"2017-09-01\",\r\n        \"2017-08-01\",\r\n        \"2017-06-01\",\r\n        \"2017-04-01\",\r\n        \"2017-03-01\",\r\n        \"2016-12-01\",\r\n        \"2016-11-01\",\r\n        \"2016-10-01\",\r\n        \"2016-09-01\",\r\n        \"2016-08-01\",\r\n        \"2016-07-01\",\r\n        \"2016-06-01\",\r\n        \"2016-03-30\",\r\n        \"2015-06-15\",\r\n        \"2015-05-01-preview\",\r\n        \"2014-12-01-preview\"\r\n      ],\r\n      \"capabilities\": \"CrossResourceGroupResourceMove, CrossSubscriptionResourceMove\"\r\n    },\r\n    {\r\n      \"resourceType\": \"publicIPAddresses\",\r\n      \"locations\": [\r\n        \"West US\",\r\n        \"East US\",\r\n        \"East Asia\",\r\n        \"Southeast Asia\",\r\n        \"North Central US\",\r\n        \"South Central US\",\r\n        \"Japan East\",\r\n        \"Japan West\",\r\n        \"Brazil South\",\r\n        \"Australia East\",\r\n        \"Australia Southeast\",\r\n        \"Central India\",\r\n        \"South India\",\r\n        \"West India\",\r\n        \"Canada Central\",\r\n        \"Canada East\",\r\n        \"West Central US\",\r\n        \"West US 2\",\r\n        \"UK West\",\r\n        \"UK South\",\r\n        \"Korea Central\",\r\n        \"Korea South\",\r\n        \"North Europe\",\r\n        \"West Europe\",\r\n        \"Central US\",\r\n        \"East US 2\"\r\n      ],\r\n      \"apiVersions\": [\r\n        \"2017-11-01\",\r\n        \"2017-10-01\",\r\n        \"2017-09-01\",\r\n        \"2017-08-01\",\r\n        \"2017-06-01\",\r\n        \"2017-04-01\",\r\n        \"2017-03-01\",\r\n        \"2016-12-01\",\r\n        \"2016-11-01\",\r\n        \"2016-10-01\",\r\n        \"2016-09-01\",\r\n        \"2016-08-01\",\r\n        \"2016-07-01\",\r\n        \"2016-06-01\",\r\n        \"2016-03-30\",\r\n        \"2015-06-15\",\r\n        \"2015-05-01-preview\",\r\n        \"2014-12-01-preview\"\r\n      ],\r\n      \"capabilities\": \"CrossResourceGroupResourceMove, CrossSubscriptionResourceMove\"\r\n    },\r\n    {\r\n      \"resourceType\": \"networkInterfaces\",\r\n      \"locations\": [\r\n        \"West US\",\r\n        \"East US\",\r\n        \"North Europe\",\r\n        \"West Europe\",\r\n        \"East Asia\",\r\n        \"Southeast Asia\",\r\n        \"North Central US\",\r\n        \"South Central US\",\r\n        \"Central US\",\r\n        \"East US 2\",\r\n        \"Japan East\",\r\n        \"Japan West\",\r\n        \"Brazil South\",\r\n        \"Australia East\",\r\n        \"Australia Southeast\",\r\n        \"Central India\",\r\n        \"South India\",\r\n        \"West India\",\r\n        \"Canada Central\",\r\n        \"Canada East\",\r\n        \"West Central US\",\r\n        \"West US 2\",\r\n        \"UK West\",\r\n        \"UK South\",\r\n        \"Korea Central\",\r\n        \"Korea South\"\r\n      ],\r\n      \"apiVersions\": [\r\n        \"2017-11-01\",\r\n        \"2017-10-01\",\r\n        \"2017-09-01\",\r\n        \"2017-08-01\",\r\n        \"2017-06-01\",\r\n        \"2017-04-01\",\r\n        \"2017-03-01\",\r\n        \"2016-12-01\",\r\n        \"2016-11-01\",\r\n        \"2016-10-01\",\r\n        \"2016-09-01\",\r\n        \"2016-08-01\",\r\n        \"2016-07-01\",\r\n        \"2016-06-01\",\r\n        \"2016-03-30\",\r\n        \"2015-06-15\",\r\n        \"2015-05-01-preview\",\r\n        \"2014-12-01-preview\"\r\n      ],\r\n      \"capabilities\": \"CrossResourceGroupResourceMove, CrossSubscriptionResourceMove\"\r\n    },\r\n    {\r\n      \"resourceType\": \"loadBalancers\",\r\n      \"locations\": [\r\n        \"West US\",\r\n        \"East US\",\r\n        \"North Europe\",\r\n        \"West Europe\",\r\n        \"East Asia\",\r\n        \"Southeast Asia\",\r\n        \"North Central US\",\r\n        \"South Central US\",\r\n        \"Central US\",\r\n        \"East US 2\",\r\n        \"Japan East\",\r\n        \"Japan West\",\r\n        \"Brazil South\",\r\n        \"Australia East\",\r\n        \"Australia Southeast\",\r\n        \"Central India\",\r\n        \"South India\",\r\n        \"West India\",\r\n        \"Canada Central\",\r\n        \"Canada East\",\r\n        \"West Central US\",\r\n        \"West US 2\",\r\n        \"UK West\",\r\n        \"UK South\",\r\n        \"Korea Central\",\r\n        \"Korea South\"\r\n      ],\r\n      \"apiVersions\": [\r\n        \"2017-11-01\",\r\n        \"2017-10-01\",\r\n        \"2017-09-01\",\r\n        \"2017-08-01\",\r\n        \"2017-06-01\",\r\n        \"2017-04-01\",\r\n        \"2017-03-01\",\r\n        \"2016-12-01\",\r\n        \"2016-11-01\",\r\n        \"2016-10-01\",\r\n        \"2016-09-01\",\r\n        \"2016-08-01\",\r\n        \"2016-07-01\",\r\n        \"2016-06-01\",\r\n        \"2016-03-30\",\r\n        \"2015-06-15\",\r\n        \"2015-05-01-preview\",\r\n        \"2014-12-01-preview\"\r\n      ],\r\n      \"capabilities\": \"CrossResourceGroupResourceMove, CrossSubscriptionResourceMove\"\r\n    },\r\n    {\r\n      \"resourceType\": \"networkSecurityGroups\",\r\n      \"locations\": [\r\n        \"West US\",\r\n        \"East US\",\r\n        \"North Europe\",\r\n        \"West Europe\",\r\n        \"East Asia\",\r\n        \"Southeast Asia\",\r\n        \"North Central US\",\r\n        \"South Central US\",\r\n        \"Central US\",\r\n        \"East US 2\",\r\n        \"Japan East\",\r\n        \"Japan West\",\r\n        \"Brazil South\",\r\n        \"Australia East\",\r\n        \"Australia Southeast\",\r\n        \"Central India\",\r\n        \"South India\",\r\n        \"West India\",\r\n        \"Canada Central\",\r\n        \"Canada East\",\r\n        \"West Central US\",\r\n        \"West US 2\",\r\n        \"UK West\",\r\n        \"UK South\",\r\n        \"Korea Central\",\r\n        \"Korea South\"\r\n      ],\r\n      \"apiVersions\": [\r\n        \"2017-11-01\",\r\n        \"2017-10-01\",\r\n        \"2017-09-01\",\r\n        \"2017-08-01\",\r\n        \"2017-06-01\",\r\n        \"2017-04-01\",\r\n        \"2017-03-01\",\r\n        \"2016-12-01\",\r\n        \"2016-11-01\",\r\n        \"2016-10-01\",\r\n        \"2016-09-01\",\r\n        \"2016-08-01\",\r\n        \"2016-07-01\",\r\n        \"2016-06-01\",\r\n        \"2016-03-30\",\r\n        \"2015-06-15\",\r\n        \"2015-05-01-preview\",\r\n        \"2014-12-01-preview\"\r\n      ],\r\n      \"capabilities\": \"CrossResourceGroupResourceMove, CrossSubscriptionResourceMove\"\r\n    },\r\n    {\r\n      \"resourceType\": \"applicationSecurityGroups\",\r\n      \"locations\": [\r\n        \"West US\",\r\n        \"East US\",\r\n        \"North Europe\",\r\n        \"West Europe\",\r\n        \"East Asia\",\r\n        \"Southeast Asia\",\r\n        \"North Central US\",\r\n        \"South Central US\",\r\n        \"Central US\",\r\n        \"East US 2\",\r\n        \"Japan East\",\r\n        \"Japan West\",\r\n        \"Brazil South\",\r\n        \"Australia East\",\r\n        \"Australia Southeast\",\r\n        \"Central India\",\r\n        \"South India\",\r\n        \"West India\",\r\n        \"Canada Central\",\r\n        \"Canada East\",\r\n        \"West Central US\",\r\n        \"West US 2\",\r\n        \"UK West\",\r\n        \"UK South\",\r\n        \"Korea Central\",\r\n        \"Korea South\"\r\n      ],\r\n      \"apiVersions\": [\r\n        \"2017-11-01\",\r\n        \"2017-10-01\",\r\n        \"2017-09-01\"\r\n      ],\r\n      \"capabilities\": \"CrossResourceGroupResourceMove, CrossSubscriptionResourceMove\"\r\n    },\r\n    {\r\n      \"resourceType\": \"routeTables\",\r\n      \"locations\": [\r\n        \"West US\",\r\n        \"East US\",\r\n        \"North Europe\",\r\n        \"West Europe\",\r\n        \"East Asia\",\r\n        \"Southeast Asia\",\r\n        \"North Central US\",\r\n        \"South Central US\",\r\n        \"Central US\",\r\n        \"East US 2\",\r\n        \"Japan East\",\r\n        \"Japan West\",\r\n        \"Brazil South\",\r\n        \"Australia East\",\r\n        \"Australia Southeast\",\r\n        \"Central India\",\r\n        \"South India\",\r\n        \"West India\",\r\n        \"Canada Central\",\r\n        \"Canada East\",\r\n        \"West Central US\",\r\n        \"West US 2\",\r\n        \"UK West\",\r\n        \"UK South\",\r\n        \"Korea Central\",\r\n        \"Korea South\"\r\n      ],\r\n      \"apiVersions\": [\r\n        \"2017-11-01\",\r\n        \"2017-10-01\",\r\n        \"2017-09-01\",\r\n        \"2017-08-01\",\r\n        \"2017-06-01\",\r\n        \"2017-04-01\",\r\n        \"2017-03-01\",\r\n        \"2016-12-01\",\r\n        \"2016-11-01\",\r\n        \"2016-10-01\",\r\n        \"2016-09-01\",\r\n        \"2016-08-01\",\r\n        \"2016-07-01\",\r\n        \"2016-06-01\",\r\n        \"2016-03-30\",\r\n        \"2015-06-15\",\r\n        \"2015-05-01-preview\",\r\n        \"2014-12-01-preview\"\r\n      ],\r\n      \"capabilities\": \"CrossResourceGroupResourceMove, CrossSubscriptionResourceMove\"\r\n    },\r\n    {\r\n      \"resourceType\": \"networkWatchers\",\r\n      \"locations\": [\r\n        \"West US\",\r\n        \"East US\",\r\n        \"North Europe\",\r\n        \"West Europe\",\r\n        \"East Asia\",\r\n        \"Southeast Asia\",\r\n        \"North Central US\",\r\n        \"South Central US\",\r\n        \"Central US\",\r\n        \"East US 2\",\r\n        \"Japan East\",\r\n        \"Japan West\",\r\n        \"Brazil South\",\r\n        \"Australia East\",\r\n        \"Australia Southeast\",\r\n        \"Central India\",\r\n        \"South India\",\r\n        \"West India\",\r\n        \"Canada Central\",\r\n        \"Canada East\",\r\n        \"West Central US\",\r\n        \"West US 2\",\r\n        \"UK West\",\r\n        \"UK South\",\r\n        \"Korea Central\",\r\n        \"Korea South\"\r\n      ],\r\n      \"apiVersions\": [\r\n        \"2017-11-01\",\r\n        \"2017-10-01\",\r\n        \"2017-09-01\",\r\n        \"2017-08-01\",\r\n        \"2017-06-01\",\r\n        \"2017-04-01\",\r\n        \"2017-03-01\",\r\n        \"2016-12-01\",\r\n        \"2016-11-01\",\r\n        \"2016-10-01\",\r\n        \"2016-09-01\",\r\n        \"2016-08-01\",\r\n        \"2016-07-01\",\r\n        \"2016-06-01\",\r\n        \"2016-03-30\"\r\n      ],\r\n      \"capabilities\": \"CrossResourceGroupResourceMove, CrossSubscriptionResourceMove\"\r\n    },\r\n    {\r\n      \"resourceType\": \"networkWatchers/connectionMonitors\",\r\n      \"locations\": [\r\n        \"West US\",\r\n        \"East US\",\r\n        \"North Europe\",\r\n        \"West Europe\",\r\n        \"East Asia\",\r\n        \"Southeast Asia\",\r\n        \"North Central US\",\r\n        \"South Central US\",\r\n        \"Central US\",\r\n        \"East US 2\",\r\n        \"Japan East\",\r\n        \"Japan West\",\r\n        \"Brazil South\",\r\n        \"Australia East\",\r\n        \"Australia Southeast\",\r\n        \"Central India\",\r\n        \"South India\",\r\n        \"West India\",\r\n        \"Canada Central\",\r\n        \"Canada East\",\r\n        \"West Central US\",\r\n        \"West US 2\",\r\n        \"UK West\",\r\n        \"UK South\",\r\n        \"Korea Central\",\r\n        \"Korea South\"\r\n      ],\r\n      \"apiVersions\": [\r\n        \"2017-11-01\",\r\n        \"2017-10-01\",\r\n        \"2017-09-01\"\r\n      ],\r\n      \"capabilities\": \"CrossResourceGroupResourceMove, CrossSubscriptionResourceMove\"\r\n    },\r\n    {\r\n      \"resourceType\": \"virtualNetworkGateways\",\r\n      \"locations\": [\r\n        \"West US\",\r\n        \"East US\",\r\n        \"North Europe\",\r\n        \"West Europe\",\r\n        \"East Asia\",\r\n        \"Southeast Asia\",\r\n        \"North Central US\",\r\n        \"South Central US\",\r\n        \"Central US\",\r\n        \"East US 2\",\r\n        \"Japan East\",\r\n        \"Japan West\",\r\n        \"Brazil South\",\r\n        \"Australia East\",\r\n        \"Australia Southeast\",\r\n        \"Central India\",\r\n        \"South India\",\r\n        \"West India\",\r\n        \"Canada Central\",\r\n        \"Canada East\",\r\n        \"West Central US\",\r\n        \"West US 2\",\r\n        \"UK West\",\r\n        \"UK South\",\r\n        \"Korea Central\",\r\n        \"Korea South\"\r\n      ],\r\n      \"apiVersions\": [\r\n        \"2017-11-01\",\r\n        \"2017-10-01\",\r\n        \"2017-09-01\",\r\n        \"2017-08-01\",\r\n        \"2017-06-01\",\r\n        \"2017-04-01\",\r\n        \"2017-03-01\",\r\n        \"2016-12-01\",\r\n        \"2016-11-01\",\r\n        \"2016-10-01\",\r\n        \"2016-09-01\",\r\n        \"2016-08-01\",\r\n        \"2016-07-01\",\r\n        \"2016-06-01\",\r\n        \"2016-03-30\",\r\n        \"2015-06-15\",\r\n        \"2015-05-01-preview\",\r\n        \"2014-12-01-preview\"\r\n      ],\r\n      \"capabilities\": \"CrossResourceGroupResourceMove, CrossSubscriptionResourceMove\"\r\n    },\r\n    {\r\n      \"resourceType\": \"localNetworkGateways\",\r\n      \"locations\": [\r\n        \"West US\",\r\n        \"East US\",\r\n        \"North Europe\",\r\n        \"West Europe\",\r\n        \"East Asia\",\r\n        \"Southeast Asia\",\r\n        \"North Central US\",\r\n        \"South Central US\",\r\n        \"Central US\",\r\n        \"East US 2\",\r\n        \"Japan East\",\r\n        \"Japan West\",\r\n        \"Brazil South\",\r\n        \"Australia East\",\r\n        \"Australia Southeast\",\r\n        \"Central India\",\r\n        \"South India\",\r\n        \"West India\",\r\n        \"Canada Central\",\r\n        \"Canada East\",\r\n        \"West Central US\",\r\n        \"West US 2\",\r\n        \"UK West\",\r\n        \"UK South\",\r\n        \"Korea Central\",\r\n        \"Korea South\"\r\n      ],\r\n      \"apiVersions\": [\r\n        \"2017-11-01\",\r\n        \"2017-10-01\",\r\n        \"2017-09-01\",\r\n        \"2017-08-01\",\r\n        \"2017-06-01\",\r\n        \"2017-04-01\",\r\n        \"2017-03-01\",\r\n        \"2016-12-01\",\r\n        \"2016-11-01\",\r\n        \"2016-10-01\",\r\n        \"2016-09-01\",\r\n        \"2016-08-01\",\r\n        \"2016-07-01\",\r\n        \"2016-06-01\",\r\n        \"2016-03-30\",\r\n        \"2015-06-15\",\r\n        \"2015-05-01-preview\",\r\n        \"2014-12-01-preview\"\r\n      ],\r\n      \"capabilities\": \"CrossResourceGroupResourceMove, CrossSubscriptionResourceMove\"\r\n    },\r\n    {\r\n      \"resourceType\": \"connections\",\r\n      \"locations\": [\r\n        \"West US\",\r\n        \"East US\",\r\n        \"North Europe\",\r\n        \"West Europe\",\r\n        \"East Asia\",\r\n        \"Southeast Asia\",\r\n        \"North Central US\",\r\n        \"South Central US\",\r\n        \"Central US\",\r\n        \"East US 2\",\r\n        \"Japan East\",\r\n        \"Japan West\",\r\n        \"Brazil South\",\r\n        \"Australia East\",\r\n        \"Australia Southeast\",\r\n        \"Central India\",\r\n        \"South India\",\r\n        \"West India\",\r\n        \"Canada Central\",\r\n        \"Canada East\",\r\n        \"West Central US\",\r\n        \"West US 2\",\r\n        \"UK West\",\r\n        \"UK South\",\r\n        \"Korea Central\",\r\n        \"Korea South\"\r\n      ],\r\n      \"apiVersions\": [\r\n        \"2017-11-01\",\r\n        \"2017-10-01\",\r\n        \"2017-09-01\",\r\n        \"2017-08-01\",\r\n        \"2017-06-01\",\r\n        \"2017-04-01\",\r\n        \"2017-03-01\",\r\n        \"2016-12-01\",\r\n        \"2016-11-01\",\r\n        \"2016-10-01\",\r\n        \"2016-09-01\",\r\n        \"2016-08-01\",\r\n        \"2016-07-01\",\r\n        \"2016-06-01\",\r\n        \"2016-03-30\",\r\n        \"2015-06-15\",\r\n        \"2015-05-01-preview\",\r\n        \"2014-12-01-preview\"\r\n      ],\r\n      \"capabilities\": \"CrossResourceGroupResourceMove, CrossSubscriptionResourceMove\"\r\n    },\r\n    {\r\n      \"resourceType\": \"applicationGateways\",\r\n      \"locations\": [\r\n        \"West US\",\r\n        \"East US\",\r\n        \"North Europe\",\r\n        \"West Europe\",\r\n        \"East Asia\",\r\n        \"Southeast Asia\",\r\n        \"North Central US\",\r\n        \"South Central US\",\r\n        \"Central US\",\r\n        \"East US 2\",\r\n        \"Japan East\",\r\n        \"Japan West\",\r\n        \"Brazil South\",\r\n        \"Australia East\",\r\n        \"Australia Southeast\",\r\n        \"Central India\",\r\n        \"South India\",\r\n        \"West India\",\r\n        \"Canada Central\",\r\n        \"Canada East\",\r\n        \"West Central US\",\r\n        \"West US 2\",\r\n        \"UK West\",\r\n        \"UK South\",\r\n        \"Korea Central\",\r\n        \"Korea South\"\r\n      ],\r\n      \"apiVersions\": [\r\n        \"2017-11-01\",\r\n        \"2017-10-01\",\r\n        \"2017-09-01\",\r\n        \"2017-08-01\",\r\n        \"2017-06-01\",\r\n        \"2017-04-01\",\r\n        \"2017-03-01\",\r\n        \"2016-12-01\",\r\n        \"2016-11-01\",\r\n        \"2016-10-01\",\r\n        \"2016-09-01\",\r\n        \"2016-08-01\",\r\n        \"2016-07-01\",\r\n        \"2016-06-01\",\r\n        \"2016-03-30\",\r\n        \"2015-06-15\",\r\n        \"2015-05-01-preview\",\r\n        \"2014-12-01-preview\"\r\n      ],\r\n      \"capabilities\": \"SystemAssignedResourceIdentity\"\r\n    },\r\n    {\r\n      \"resourceType\": \"locations\",\r\n      \"locations\": [],\r\n      \"apiVersions\": [\r\n        \"2017-11-01\",\r\n        \"2017-10-01\",\r\n        \"2017-09-01\",\r\n        \"2017-08-01\",\r\n        \"2017-06-01\",\r\n        \"2017-04-01\",\r\n        \"2017-03-01\",\r\n        \"2016-12-01\",\r\n        \"2016-11-01\",\r\n        \"2016-10-01\",\r\n        \"2016-09-01\",\r\n        \"2016-08-01\",\r\n        \"2016-07-01\",\r\n        \"2016-06-01\",\r\n        \"2016-03-30\",\r\n        \"2015-06-15\",\r\n        \"2015-05-01-preview\",\r\n        \"2014-12-01-preview\"\r\n      ]\r\n    },\r\n    {\r\n      \"resourceType\": \"locations/operations\",\r\n      \"locations\": [],\r\n      \"apiVersions\": [\r\n        \"2017-11-01\",\r\n        \"2017-10-01\",\r\n        \"2017-09-01\",\r\n        \"2017-08-01\",\r\n        \"2017-06-01\",\r\n        \"2017-04-01\",\r\n        \"2017-03-01\",\r\n        \"2016-12-01\",\r\n        \"2016-11-01\",\r\n        \"2016-10-01\",\r\n        \"2016-09-01\",\r\n        \"2016-08-01\",\r\n        \"2016-07-01\",\r\n        \"2016-06-01\",\r\n        \"2016-03-30\",\r\n        \"2015-06-15\",\r\n        \"2015-05-01-preview\",\r\n        \"2014-12-01-preview\"\r\n      ]\r\n    },\r\n    {\r\n      \"resourceType\": \"locations/operationResults\",\r\n      \"locations\": [],\r\n      \"apiVersions\": [\r\n        \"2017-11-01\",\r\n        \"2017-10-01\",\r\n        \"2017-09-01\",\r\n        \"2017-08-01\",\r\n        \"2017-06-01\",\r\n        \"2017-04-01\",\r\n        \"2017-03-01\",\r\n        \"2016-12-01\",\r\n        \"2016-11-01\",\r\n        \"2016-10-01\",\r\n        \"2016-09-01\",\r\n        \"2016-08-01\",\r\n        \"2016-07-01\",\r\n        \"2016-06-01\",\r\n        \"2016-03-30\",\r\n        \"2015-06-15\",\r\n        \"2015-05-01-preview\",\r\n        \"2014-12-01-preview\"\r\n      ]\r\n    },\r\n    {\r\n      \"resourceType\": \"locations/CheckDnsNameAvailability\",\r\n      \"locations\": [\r\n        \"West US\",\r\n        \"East US\",\r\n        \"North Europe\",\r\n        \"West Europe\",\r\n        \"East Asia\",\r\n        \"Southeast Asia\",\r\n        \"North Central US\",\r\n        \"South Central US\",\r\n        \"Central US\",\r\n        \"East US 2\",\r\n        \"Japan East\",\r\n        \"Japan West\",\r\n        \"Brazil South\",\r\n        \"Australia East\",\r\n        \"Australia Southeast\",\r\n        \"Central India\",\r\n        \"South India\",\r\n        \"West India\",\r\n        \"Canada Central\",\r\n        \"Canada East\",\r\n        \"West Central US\",\r\n        \"West US 2\",\r\n        \"UK West\",\r\n        \"UK South\",\r\n        \"Korea Central\",\r\n        \"Korea South\"\r\n      ],\r\n      \"apiVersions\": [\r\n        \"2017-11-01\",\r\n        \"2017-10-01\",\r\n        \"2017-09-01\",\r\n        \"2017-08-01\",\r\n        \"2017-06-01\",\r\n        \"2017-04-01\",\r\n        \"2017-03-01\",\r\n        \"2016-12-01\",\r\n        \"2016-11-01\",\r\n        \"2016-10-01\",\r\n        \"2016-09-01\",\r\n        \"2016-08-01\",\r\n        \"2016-07-01\",\r\n        \"2016-06-01\",\r\n        \"2016-03-30\",\r\n        \"2015-06-15\",\r\n        \"2015-05-01-preview\",\r\n        \"2014-12-01-preview\"\r\n      ]\r\n    },\r\n    {\r\n      \"resourceType\": \"locations/usages\",\r\n      \"locations\": [\r\n        \"West US\",\r\n        \"East US\",\r\n        \"North Europe\",\r\n        \"West Europe\",\r\n        \"East Asia\",\r\n        \"Southeast Asia\",\r\n        \"North Central US\",\r\n        \"South Central US\",\r\n        \"Central US\",\r\n        \"East US 2\",\r\n        \"Japan East\",\r\n        \"Japan West\",\r\n        \"Brazil South\",\r\n        \"Australia East\",\r\n        \"Australia Southeast\",\r\n        \"Central India\",\r\n        \"South India\",\r\n        \"West India\",\r\n        \"Canada Central\",\r\n        \"Canada East\",\r\n        \"West Central US\",\r\n        \"West US 2\",\r\n        \"UK West\",\r\n        \"UK South\",\r\n        \"Korea Central\",\r\n        \"Korea South\"\r\n      ],\r\n      \"apiVersions\": [\r\n        \"2017-11-01\",\r\n        \"2017-10-01\",\r\n        \"2017-09-01\",\r\n        \"2017-08-01\",\r\n        \"2017-06-01\",\r\n        \"2017-04-01\",\r\n        \"2017-03-01\",\r\n        \"2016-12-01\",\r\n        \"2016-11-01\",\r\n        \"2016-10-01\",\r\n        \"2016-09-01\",\r\n        \"2016-08-01\",\r\n        \"2016-07-01\",\r\n        \"2016-06-01\",\r\n        \"2016-03-30\",\r\n        \"2015-06-15\",\r\n        \"2015-05-01-preview\",\r\n        \"2014-12-01-preview\"\r\n      ]\r\n    },\r\n    {\r\n      \"resourceType\": \"locations/virtualNetworkAvailableEndpointServices\",\r\n      \"locations\": [\r\n        \"West US\",\r\n        \"East US\",\r\n        \"North Europe\",\r\n        \"West Europe\",\r\n        \"East Asia\",\r\n        \"Southeast Asia\",\r\n        \"North Central US\",\r\n        \"South Central US\",\r\n        \"Central US\",\r\n        \"East US 2\",\r\n        \"Japan East\",\r\n        \"Japan West\",\r\n        \"Brazil South\",\r\n        \"Australia East\",\r\n        \"Australia Southeast\",\r\n        \"Central India\",\r\n        \"South India\",\r\n        \"West India\",\r\n        \"Canada Central\",\r\n        \"Canada East\",\r\n        \"West Central US\",\r\n        \"West US 2\",\r\n        \"UK West\",\r\n        \"UK South\",\r\n        \"Korea Central\",\r\n        \"Korea South\"\r\n      ],\r\n      \"apiVersions\": [\r\n        \"2017-11-01\",\r\n        \"2017-10-01\",\r\n        \"2017-09-01\",\r\n        \"2017-08-01\",\r\n        \"2017-06-01\",\r\n        \"2017-04-01\"\r\n      ]\r\n    },\r\n    {\r\n      \"resourceType\": \"operations\",\r\n      \"locations\": [],\r\n      \"apiVersions\": [\r\n        \"2017-11-01\",\r\n        \"2017-10-01\",\r\n        \"2017-09-01\",\r\n        \"2017-08-01\",\r\n        \"2017-06-01\",\r\n        \"2017-04-01\",\r\n        \"2017-03-01\",\r\n        \"2016-12-01\",\r\n        \"2016-11-01\",\r\n        \"2016-10-01\",\r\n        \"2016-09-01\",\r\n        \"2016-08-01\",\r\n        \"2016-07-01\",\r\n        \"2016-06-01\",\r\n        \"2016-03-30\",\r\n        \"2015-06-15\",\r\n        \"2015-05-01-preview\",\r\n        \"2014-12-01-preview\"\r\n      ]\r\n    },\r\n    {\r\n      \"resourceType\": \"dnszones\",\r\n      \"locations\": [\r\n        \"global\"\r\n      ],\r\n      \"apiVersions\": [\r\n        \"2017-09-01\",\r\n        \"2016-04-01\",\r\n        \"2015-05-04-preview\"\r\n      ],\r\n      \"capabilities\": \"CrossResourceGroupResourceMove, CrossSubscriptionResourceMove\"\r\n    },\r\n    {\r\n      \"resourceType\": \"dnsOperationResults\",\r\n      \"locations\": [\r\n        \"global\"\r\n      ],\r\n      \"apiVersions\": [\r\n        \"2017-09-01\",\r\n        \"2016-04-01\"\r\n      ]\r\n    },\r\n    {\r\n      \"resourceType\": \"dnsOperationStatuses\",\r\n      \"locations\": [\r\n        \"global\"\r\n      ],\r\n      \"apiVersions\": [\r\n        \"2017-09-01\",\r\n        \"2016-04-01\"\r\n      ]\r\n    },\r\n    {\r\n      \"resourceType\": \"dnszones/A\",\r\n      \"locations\": [\r\n        \"global\"\r\n      ],\r\n      \"apiVersions\": [\r\n        \"2017-09-01\",\r\n        \"2016-04-01\",\r\n        \"2015-05-04-preview\"\r\n      ]\r\n    },\r\n    {\r\n      \"resourceType\": \"dnszones/AAAA\",\r\n      \"locations\": [\r\n        \"global\"\r\n      ],\r\n      \"apiVersions\": [\r\n        \"2017-09-01\",\r\n        \"2016-04-01\",\r\n        \"2015-05-04-preview\"\r\n      ]\r\n    },\r\n    {\r\n      \"resourceType\": \"dnszones/CNAME\",\r\n      \"locations\": [\r\n        \"global\"\r\n      ],\r\n      \"apiVersions\": [\r\n        \"2017-09-01\",\r\n        \"2016-04-01\",\r\n        \"2015-05-04-preview\"\r\n      ]\r\n    },\r\n    {\r\n      \"resourceType\": \"dnszones/PTR\",\r\n      \"locations\": [\r\n        \"global\"\r\n      ],\r\n      \"apiVersions\": [\r\n        \"2017-09-01\",\r\n        \"2016-04-01\",\r\n        \"2015-05-04-preview\"\r\n      ]\r\n    },\r\n    {\r\n      \"resourceType\": \"dnszones/MX\",\r\n      \"locations\": [\r\n        \"global\"\r\n      ],\r\n      \"apiVersions\": [\r\n        \"2017-09-01\",\r\n        \"2016-04-01\",\r\n        \"2015-05-04-preview\"\r\n      ]\r\n    },\r\n    {\r\n      \"resourceType\": \"dnszones/TXT\",\r\n      \"locations\": [\r\n        \"global\"\r\n      ],\r\n      \"apiVersions\": [\r\n        \"2017-09-01\",\r\n        \"2016-04-01\",\r\n        \"2015-05-04-preview\"\r\n      ]\r\n    },\r\n    {\r\n      \"resourceType\": \"dnszones/SRV\",\r\n      \"locations\": [\r\n        \"global\"\r\n      ],\r\n      \"apiVersions\": [\r\n        \"2017-09-01\",\r\n        \"2016-04-01\",\r\n        \"2015-05-04-preview\"\r\n      ]\r\n    },\r\n    {\r\n      \"resourceType\": \"dnszones/SOA\",\r\n      \"locations\": [\r\n        \"global\"\r\n      ],\r\n      \"apiVersions\": [\r\n        \"2017-09-01\",\r\n        \"2016-04-01\",\r\n        \"2015-05-04-preview\"\r\n      ]\r\n    },\r\n    {\r\n      \"resourceType\": \"dnszones/NS\",\r\n      \"locations\": [\r\n        \"global\"\r\n      ],\r\n      \"apiVersions\": [\r\n        \"2017-09-01\",\r\n        \"2016-04-01\",\r\n        \"2015-05-04-preview\"\r\n      ]\r\n    },\r\n    {\r\n      \"resourceType\": \"dnszones/CAA\",\r\n      \"locations\": [\r\n        \"global\"\r\n      ],\r\n      \"apiVersions\": [\r\n        \"2017-09-01\"\r\n      ]\r\n    },\r\n    {\r\n      \"resourceType\": \"dnszones/recordsets\",\r\n      \"locations\": [\r\n        \"global\"\r\n      ],\r\n      \"apiVersions\": [\r\n        \"2017-09-01\",\r\n        \"2016-04-01\",\r\n        \"2015-05-04-preview\"\r\n      ]\r\n    },\r\n    {\r\n      \"resourceType\": \"dnszones/all\",\r\n      \"locations\": [\r\n        \"global\"\r\n      ],\r\n      \"apiVersions\": [\r\n        \"2017-09-01\",\r\n        \"2016-04-01\",\r\n        \"2015-05-04-preview\"\r\n      ]\r\n    },\r\n    {\r\n      \"resourceType\": \"trafficmanagerprofiles\",\r\n      \"locations\": [\r\n        \"global\"\r\n      ],\r\n      \"apiVersions\": [\r\n        \"2017-05-01\",\r\n        \"2017-03-01\",\r\n        \"2015-11-01\",\r\n        \"2015-04-28-preview\"\r\n      ],\r\n      \"capabilities\": \"CrossResourceGroupResourceMove, CrossSubscriptionResourceMove\"\r\n    },\r\n    {\r\n      \"resourceType\": \"checkTrafficManagerNameAvailability\",\r\n      \"locations\": [\r\n        \"global\"\r\n      ],\r\n      \"apiVersions\": [\r\n        \"2017-05-01\",\r\n        \"2017-03-01\",\r\n        \"2015-11-01\",\r\n        \"2015-04-28-preview\"\r\n      ]\r\n    },\r\n    {\r\n      \"resourceType\": \"trafficManagerUserMetricsKeys\",\r\n      \"locations\": [\r\n        \"global\"\r\n      ],\r\n      \"apiVersions\": [\r\n        \"2017-09-01-preview\"\r\n      ]\r\n    },\r\n    {\r\n      \"resourceType\": \"trafficManagerGeographicHierarchies\",\r\n      \"locations\": [\r\n        \"global\"\r\n      ],\r\n      \"apiVersions\": [\r\n        \"2017-05-01\",\r\n        \"2017-03-01\"\r\n      ]\r\n    },\r\n    {\r\n      \"resourceType\": \"expressRouteCircuits\",\r\n      \"locations\": [\r\n        \"West US\",\r\n        \"East US\",\r\n        \"North Europe\",\r\n        \"West Europe\",\r\n        \"East Asia\",\r\n        \"Southeast Asia\",\r\n        \"North Central US\",\r\n        \"South Central US\",\r\n        \"Central US\",\r\n        \"East US 2\",\r\n        \"Japan East\",\r\n        \"Japan West\",\r\n        \"Brazil South\",\r\n        \"Australia East\",\r\n        \"Australia Southeast\",\r\n        \"Central India\",\r\n        \"South India\",\r\n        \"West India\",\r\n        \"Canada Central\",\r\n        \"Canada East\",\r\n        \"West Central US\",\r\n        \"West US 2\",\r\n        \"UK West\",\r\n        \"UK South\",\r\n        \"Korea Central\",\r\n        \"Korea South\"\r\n      ],\r\n      \"apiVersions\": [\r\n        \"2017-11-01\",\r\n        \"2017-10-01\",\r\n        \"2017-09-01\",\r\n        \"2017-08-01\",\r\n        \"2017-06-01\",\r\n        \"2017-04-01\",\r\n        \"2017-03-01\",\r\n        \"2016-12-01\",\r\n        \"2016-11-01\",\r\n        \"2016-10-01\",\r\n        \"2016-09-01\",\r\n        \"2016-08-01\",\r\n        \"2016-07-01\",\r\n        \"2016-06-01\",\r\n        \"2016-03-30\",\r\n        \"2015-06-15\",\r\n        \"2015-05-01-preview\",\r\n        \"2014-12-01-preview\"\r\n      ],\r\n      \"capabilities\": \"None\"\r\n    },\r\n    {\r\n      \"resourceType\": \"expressRouteServiceProviders\",\r\n      \"locations\": [],\r\n      \"apiVersions\": [\r\n        \"2017-11-01\",\r\n        \"2017-10-01\",\r\n        \"2017-09-01\",\r\n        \"2017-08-01\",\r\n        \"2017-06-01\",\r\n        \"2017-04-01\",\r\n        \"2017-03-01\",\r\n        \"2016-12-01\",\r\n        \"2016-11-01\",\r\n        \"2016-10-01\",\r\n        \"2016-09-01\",\r\n        \"2016-08-01\",\r\n        \"2016-07-01\",\r\n        \"2016-06-01\",\r\n        \"2016-03-30\",\r\n        \"2015-06-15\",\r\n        \"2015-05-01-preview\",\r\n        \"2014-12-01-preview\"\r\n      ]\r\n    },\r\n    {\r\n      \"resourceType\": \"applicationGatewayAvailableWafRuleSets\",\r\n      \"locations\": [],\r\n      \"apiVersions\": [\r\n        \"2017-11-01\",\r\n        \"2017-10-01\",\r\n        \"2017-09-01\",\r\n        \"2017-08-01\",\r\n        \"2017-06-01\",\r\n        \"2017-04-01\",\r\n        \"2017-03-01\"\r\n      ]\r\n    },\r\n    {\r\n      \"resourceType\": \"applicationGatewayAvailableSslOptions\",\r\n      \"locations\": [],\r\n      \"apiVersions\": [\r\n        \"2017-11-01\",\r\n        \"2017-10-01\",\r\n        \"2017-09-01\",\r\n        \"2017-08-01\",\r\n        \"2017-06-01\"\r\n      ]\r\n    },\r\n    {\r\n      \"resourceType\": \"routeFilters\",\r\n      \"locations\": [\r\n        \"West US\",\r\n        \"East US\",\r\n        \"North Europe\",\r\n        \"West Europe\",\r\n        \"East Asia\",\r\n        \"Southeast Asia\",\r\n        \"North Central US\",\r\n        \"South Central US\",\r\n        \"Central US\",\r\n        \"East US 2\",\r\n        \"Japan East\",\r\n        \"Japan West\",\r\n        \"Brazil South\",\r\n        \"Australia East\",\r\n        \"Australia Southeast\",\r\n        \"Central India\",\r\n        \"South India\",\r\n        \"West India\",\r\n        \"Canada Central\",\r\n        \"Canada East\",\r\n        \"West Central US\",\r\n        \"West US 2\",\r\n        \"UK West\",\r\n        \"UK South\",\r\n        \"Korea Central\",\r\n        \"Korea South\"\r\n      ],\r\n      \"apiVersions\": [\r\n        \"2017-11-01\",\r\n        \"2017-10-01\",\r\n        \"2017-09-01\",\r\n        \"2017-08-01\",\r\n        \"2017-06-01\",\r\n        \"2017-04-01\",\r\n        \"2017-03-01\",\r\n        \"2016-12-01\"\r\n      ],\r\n      \"capabilities\": \"None\"\r\n    },\r\n    {\r\n      \"resourceType\": \"bgpServiceCommunities\",\r\n      \"locations\": [],\r\n      \"apiVersions\": [\r\n        \"2017-11-01\",\r\n        \"2017-10-01\",\r\n        \"2017-09-01\",\r\n        \"2017-08-01\",\r\n        \"2017-06-01\",\r\n        \"2017-04-01\",\r\n        \"2017-03-01\",\r\n        \"2016-12-01\"\r\n      ]\r\n    }\r\n  ],\r\n  \"registrationState\": \"Registered\"\r\n}",
      "ResponseHeaders": {
        "Content-Length": [
          "18049"
        ],
        "Content-Type": [
          "application/json; charset=utf-8"
        ],
        "Expires": [
          "-1"
        ],
        "Pragma": [
          "no-cache"
        ],
        "x-ms-ratelimit-remaining-subscription-reads": [
          "14998"
        ],
        "x-ms-request-id": [
          "37cb54af-2a8f-4a83-b940-c3061de9ba5e"
        ],
        "x-ms-correlation-request-id": [
          "37cb54af-2a8f-4a83-b940-c3061de9ba5e"
        ],
        "x-ms-routing-request-id": [
          "WESTUS2:20180212T234339Z:37cb54af-2a8f-4a83-b940-c3061de9ba5e"
        ],
        "Strict-Transport-Security": [
          "max-age=31536000; includeSubDomains"
        ],
        "Cache-Control": [
          "no-cache"
        ],
        "Date": [
          "Mon, 12 Feb 2018 23:43:38 GMT"
        ]
      },
      "StatusCode": 200
    },
    {
      "RequestUri": "/subscriptions/c9cbd920-c00c-427c-852b-8aaf38badaeb/resourcegroups/ps2013?api-version=2016-02-01",
      "EncodedRequestUri": "L3N1YnNjcmlwdGlvbnMvYzljYmQ5MjAtYzAwYy00MjdjLTg1MmItOGFhZjM4YmFkYWViL3Jlc291cmNlZ3JvdXBzL3BzMjAxMz9hcGktdmVyc2lvbj0yMDE2LTAyLTAx",
      "RequestMethod": "PUT",
      "RequestBody": "{\r\n  \"location\": \"West US\"\r\n}",
      "RequestHeaders": {
        "Content-Type": [
          "application/json; charset=utf-8"
        ],
        "Content-Length": [
          "29"
        ],
        "User-Agent": [
          "Microsoft.Azure.Management.Resources.ResourceManagementClient/2.0.0.0"
        ]
      },
      "ResponseBody": "{\r\n  \"id\": \"/subscriptions/c9cbd920-c00c-427c-852b-8aaf38badaeb/resourceGroups/ps2013\",\r\n  \"name\": \"ps2013\",\r\n  \"location\": \"westus\",\r\n  \"properties\": {\r\n    \"provisioningState\": \"Succeeded\"\r\n  }\r\n}",
      "ResponseHeaders": {
        "Content-Length": [
          "165"
        ],
        "Content-Type": [
          "application/json; charset=utf-8"
        ],
        "Expires": [
          "-1"
        ],
        "Pragma": [
          "no-cache"
        ],
        "x-ms-ratelimit-remaining-subscription-writes": [
          "1199"
        ],
        "x-ms-request-id": [
          "1fa257c7-32f1-4a3f-a7ab-a0ba07891088"
        ],
        "x-ms-correlation-request-id": [
          "1fa257c7-32f1-4a3f-a7ab-a0ba07891088"
        ],
        "x-ms-routing-request-id": [
          "WESTUS2:20180212T234340Z:1fa257c7-32f1-4a3f-a7ab-a0ba07891088"
        ],
        "Strict-Transport-Security": [
          "max-age=31536000; includeSubDomains"
        ],
        "Cache-Control": [
          "no-cache"
        ],
        "Date": [
          "Mon, 12 Feb 2018 23:43:40 GMT"
        ]
      },
      "StatusCode": 201
    },
    {
      "RequestUri": "/subscriptions/c9cbd920-c00c-427c-852b-8aaf38badaeb/resourceGroups/ps2013/providers/Microsoft.Network/virtualNetworks/ps5312?api-version=2017-09-01",
      "EncodedRequestUri": "L3N1YnNjcmlwdGlvbnMvYzljYmQ5MjAtYzAwYy00MjdjLTg1MmItOGFhZjM4YmFkYWViL3Jlc291cmNlR3JvdXBzL3BzMjAxMy9wcm92aWRlcnMvTWljcm9zb2Z0Lk5ldHdvcmsvdmlydHVhbE5ldHdvcmtzL3BzNTMxMj9hcGktdmVyc2lvbj0yMDE3LTA5LTAx",
      "RequestMethod": "GET",
      "RequestBody": "",
      "RequestHeaders": {
        "x-ms-client-request-id": [
          "17f917a4-6f97-4b57-ade0-286652aff495"
        ],
        "accept-language": [
          "en-US"
        ],
        "User-Agent": [
          "FxVersion/4.7.2600.0",
          "OSName/Windows10Enterprise",
          "OSVersion/6.3.16299",
          "Microsoft.Azure.Management.Network.NetworkManagementClient/15.1.0.0"
        ]
      },
      "ResponseBody": "{\r\n  \"error\": {\r\n    \"code\": \"ResourceNotFound\",\r\n    \"message\": \"The Resource 'Microsoft.Network/virtualNetworks/ps5312' under resource group 'ps2013' was not found.\"\r\n  }\r\n}",
      "ResponseHeaders": {
        "Content-Length": [
          "150"
        ],
        "Content-Type": [
          "application/json; charset=utf-8"
        ],
        "Expires": [
          "-1"
        ],
        "Pragma": [
          "no-cache"
        ],
        "x-ms-failure-cause": [
          "gateway"
        ],
        "x-ms-request-id": [
          "b7b94a34-aa09-4377-bce9-19353902c2ee"
        ],
        "x-ms-correlation-request-id": [
          "b7b94a34-aa09-4377-bce9-19353902c2ee"
        ],
        "x-ms-routing-request-id": [
          "WESTUS2:20180212T234338Z:b7b94a34-aa09-4377-bce9-19353902c2ee"
        ],
        "Strict-Transport-Security": [
          "max-age=31536000; includeSubDomains"
        ],
        "Cache-Control": [
          "no-cache"
        ],
        "Date": [
          "Mon, 12 Feb 2018 23:43:38 GMT"
        ]
      },
      "StatusCode": 404
    },
    {
      "RequestUri": "/subscriptions/c9cbd920-c00c-427c-852b-8aaf38badaeb/resourceGroups/ps2013/providers/Microsoft.Network/virtualNetworks/ps5312?api-version=2017-09-01",
      "EncodedRequestUri": "L3N1YnNjcmlwdGlvbnMvYzljYmQ5MjAtYzAwYy00MjdjLTg1MmItOGFhZjM4YmFkYWViL3Jlc291cmNlR3JvdXBzL3BzMjAxMy9wcm92aWRlcnMvTWljcm9zb2Z0Lk5ldHdvcmsvdmlydHVhbE5ldHdvcmtzL3BzNTMxMj9hcGktdmVyc2lvbj0yMDE3LTA5LTAx",
      "RequestMethod": "GET",
      "RequestBody": "",
      "RequestHeaders": {
        "User-Agent": [
          "FxVersion/4.7.2600.0",
          "OSName/Windows10Enterprise",
          "OSVersion/6.3.16299",
          "Microsoft.Azure.Management.Network.NetworkManagementClient/15.1.0.0"
        ]
      },
      "ResponseBody": "{\r\n  \"name\": \"ps5312\",\r\n  \"id\": \"/subscriptions/c9cbd920-c00c-427c-852b-8aaf38badaeb/resourceGroups/ps2013/providers/Microsoft.Network/virtualNetworks/ps5312\",\r\n  \"etag\": \"W/\\\"e91a16ab-6b13-4813-bcd0-17ee69f94e1f\\\"\",\r\n  \"type\": \"Microsoft.Network/virtualNetworks\",\r\n  \"location\": \"westus\",\r\n  \"properties\": {\r\n    \"provisioningState\": \"Succeeded\",\r\n    \"resourceGuid\": \"70874f8f-8102-4d0c-b2d0-5caade53e0d4\",\r\n    \"addressSpace\": {\r\n      \"addressPrefixes\": [\r\n        \"10.0.0.0/16\"\r\n      ]\r\n    },\r\n    \"subnets\": [\r\n      {\r\n        \"name\": \"ps5009\",\r\n        \"id\": \"/subscriptions/c9cbd920-c00c-427c-852b-8aaf38badaeb/resourceGroups/ps2013/providers/Microsoft.Network/virtualNetworks/ps5312/subnets/ps5009\",\r\n        \"etag\": \"W/\\\"e91a16ab-6b13-4813-bcd0-17ee69f94e1f\\\"\",\r\n        \"properties\": {\r\n          \"provisioningState\": \"Succeeded\",\r\n          \"addressPrefix\": \"10.0.1.0/24\",\r\n          \"serviceEndpoints\": []\r\n        }\r\n      }\r\n    ],\r\n    \"virtualNetworkPeerings\": [],\r\n    \"enableDdosProtection\": false,\r\n    \"enableVmProtection\": false\r\n  }\r\n}",
      "ResponseHeaders": {
        "Content-Length": [
          "1061"
        ],
        "Content-Type": [
          "application/json; charset=utf-8"
        ],
        "Expires": [
          "-1"
        ],
        "Pragma": [
          "no-cache"
        ],
        "x-ms-request-id": [
          "aa8ca69e-8f87-466a-8217-2c713b1adbc2"
        ],
        "Strict-Transport-Security": [
          "max-age=31536000; includeSubDomains"
        ],
        "Cache-Control": [
          "no-cache"
        ],
        "ETag": [
          "W/\"e91a16ab-6b13-4813-bcd0-17ee69f94e1f\""
        ],
        "Server": [
          "Microsoft-HTTPAPI/2.0",
          "Microsoft-HTTPAPI/2.0"
        ],
        "x-ms-ratelimit-remaining-subscription-reads": [
          "14994"
        ],
        "x-ms-correlation-request-id": [
          "913cc0cd-b84d-4b1b-9d6b-b42f6340f5e2"
        ],
        "x-ms-routing-request-id": [
          "WESTUS2:20180212T234349Z:913cc0cd-b84d-4b1b-9d6b-b42f6340f5e2"
        ],
        "Date": [
          "Mon, 12 Feb 2018 23:43:49 GMT"
        ]
      },
      "StatusCode": 200
    },
    {
      "RequestUri": "/subscriptions/c9cbd920-c00c-427c-852b-8aaf38badaeb/resourceGroups/ps2013/providers/Microsoft.Network/virtualNetworks/ps5312?api-version=2017-09-01",
      "EncodedRequestUri": "L3N1YnNjcmlwdGlvbnMvYzljYmQ5MjAtYzAwYy00MjdjLTg1MmItOGFhZjM4YmFkYWViL3Jlc291cmNlR3JvdXBzL3BzMjAxMy9wcm92aWRlcnMvTWljcm9zb2Z0Lk5ldHdvcmsvdmlydHVhbE5ldHdvcmtzL3BzNTMxMj9hcGktdmVyc2lvbj0yMDE3LTA5LTAx",
      "RequestMethod": "GET",
      "RequestBody": "",
      "RequestHeaders": {
        "x-ms-client-request-id": [
          "ac117c9f-2170-4f21-b6c6-a0612232e0a7"
        ],
        "accept-language": [
          "en-US"
        ],
        "User-Agent": [
          "FxVersion/4.7.2600.0",
          "OSName/Windows10Enterprise",
          "OSVersion/6.3.16299",
          "Microsoft.Azure.Management.Network.NetworkManagementClient/15.1.0.0"
        ]
      },
      "ResponseBody": "{\r\n  \"name\": \"ps5312\",\r\n  \"id\": \"/subscriptions/c9cbd920-c00c-427c-852b-8aaf38badaeb/resourceGroups/ps2013/providers/Microsoft.Network/virtualNetworks/ps5312\",\r\n  \"etag\": \"W/\\\"e91a16ab-6b13-4813-bcd0-17ee69f94e1f\\\"\",\r\n  \"type\": \"Microsoft.Network/virtualNetworks\",\r\n  \"location\": \"westus\",\r\n  \"properties\": {\r\n    \"provisioningState\": \"Succeeded\",\r\n    \"resourceGuid\": \"70874f8f-8102-4d0c-b2d0-5caade53e0d4\",\r\n    \"addressSpace\": {\r\n      \"addressPrefixes\": [\r\n        \"10.0.0.0/16\"\r\n      ]\r\n    },\r\n    \"subnets\": [\r\n      {\r\n        \"name\": \"ps5009\",\r\n        \"id\": \"/subscriptions/c9cbd920-c00c-427c-852b-8aaf38badaeb/resourceGroups/ps2013/providers/Microsoft.Network/virtualNetworks/ps5312/subnets/ps5009\",\r\n        \"etag\": \"W/\\\"e91a16ab-6b13-4813-bcd0-17ee69f94e1f\\\"\",\r\n        \"properties\": {\r\n          \"provisioningState\": \"Succeeded\",\r\n          \"addressPrefix\": \"10.0.1.0/24\",\r\n          \"serviceEndpoints\": []\r\n        }\r\n      }\r\n    ],\r\n    \"virtualNetworkPeerings\": [],\r\n    \"enableDdosProtection\": false,\r\n    \"enableVmProtection\": false\r\n  }\r\n}",
      "ResponseHeaders": {
        "Content-Length": [
          "1061"
        ],
        "Content-Type": [
          "application/json; charset=utf-8"
        ],
        "Expires": [
          "-1"
        ],
        "Pragma": [
          "no-cache"
        ],
        "x-ms-request-id": [
          "2fd78771-1b4c-4c6f-b22e-e6d33a8ecb79"
        ],
        "Strict-Transport-Security": [
          "max-age=31536000; includeSubDomains"
        ],
        "Cache-Control": [
          "no-cache"
        ],
        "ETag": [
          "W/\"e91a16ab-6b13-4813-bcd0-17ee69f94e1f\""
        ],
        "Server": [
          "Microsoft-HTTPAPI/2.0",
          "Microsoft-HTTPAPI/2.0"
        ],
        "x-ms-ratelimit-remaining-subscription-reads": [
          "14993"
        ],
        "x-ms-correlation-request-id": [
          "c0584a87-d97d-4522-bef5-062cd4e61dcc"
        ],
        "x-ms-routing-request-id": [
          "WESTUS2:20180212T234349Z:c0584a87-d97d-4522-bef5-062cd4e61dcc"
        ],
        "Date": [
          "Mon, 12 Feb 2018 23:43:49 GMT"
        ]
      },
      "StatusCode": 200
    },
    {
      "RequestUri": "/subscriptions/c9cbd920-c00c-427c-852b-8aaf38badaeb/resourceGroups/ps2013/providers/Microsoft.Network/virtualNetworks/ps5312?api-version=2017-09-01",
      "EncodedRequestUri": "L3N1YnNjcmlwdGlvbnMvYzljYmQ5MjAtYzAwYy00MjdjLTg1MmItOGFhZjM4YmFkYWViL3Jlc291cmNlR3JvdXBzL3BzMjAxMy9wcm92aWRlcnMvTWljcm9zb2Z0Lk5ldHdvcmsvdmlydHVhbE5ldHdvcmtzL3BzNTMxMj9hcGktdmVyc2lvbj0yMDE3LTA5LTAx",
      "RequestMethod": "PUT",
      "RequestBody": "{\r\n  \"properties\": {\r\n    \"addressSpace\": {\r\n      \"addressPrefixes\": [\r\n        \"10.0.0.0/16\"\r\n      ]\r\n    },\r\n    \"subnets\": [\r\n      {\r\n        \"properties\": {\r\n          \"addressPrefix\": \"10.0.1.0/24\",\r\n          \"serviceEndpoints\": [],\r\n          \"resourceNavigationLinks\": []\r\n        },\r\n        \"name\": \"ps5009\"\r\n      }\r\n    ],\r\n    \"virtualNetworkPeerings\": [],\r\n    \"enableDdosProtection\": false,\r\n    \"enableVmProtection\": false\r\n  },\r\n  \"location\": \"West US\"\r\n}",
      "RequestHeaders": {
        "Content-Type": [
          "application/json; charset=utf-8"
        ],
        "Content-Length": [
          "475"
        ],
        "x-ms-client-request-id": [
          "d5ad3dde-9b5b-467a-98f5-4ab3b9700ac3"
        ],
        "accept-language": [
          "en-US"
        ],
        "User-Agent": [
          "FxVersion/4.7.2600.0",
          "OSName/Windows10Enterprise",
          "OSVersion/6.3.16299",
          "Microsoft.Azure.Management.Network.NetworkManagementClient/15.1.0.0"
        ]
      },
      "ResponseBody": "{\r\n  \"name\": \"ps5312\",\r\n  \"id\": \"/subscriptions/c9cbd920-c00c-427c-852b-8aaf38badaeb/resourceGroups/ps2013/providers/Microsoft.Network/virtualNetworks/ps5312\",\r\n  \"etag\": \"W/\\\"27c0294b-caa6-4d28-93c1-69d814eb7ab5\\\"\",\r\n  \"type\": \"Microsoft.Network/virtualNetworks\",\r\n  \"location\": \"westus\",\r\n  \"properties\": {\r\n    \"provisioningState\": \"Updating\",\r\n    \"resourceGuid\": \"70874f8f-8102-4d0c-b2d0-5caade53e0d4\",\r\n    \"addressSpace\": {\r\n      \"addressPrefixes\": [\r\n        \"10.0.0.0/16\"\r\n      ]\r\n    },\r\n    \"subnets\": [\r\n      {\r\n        \"name\": \"ps5009\",\r\n        \"id\": \"/subscriptions/c9cbd920-c00c-427c-852b-8aaf38badaeb/resourceGroups/ps2013/providers/Microsoft.Network/virtualNetworks/ps5312/subnets/ps5009\",\r\n        \"etag\": \"W/\\\"27c0294b-caa6-4d28-93c1-69d814eb7ab5\\\"\",\r\n        \"properties\": {\r\n          \"provisioningState\": \"Updating\",\r\n          \"addressPrefix\": \"10.0.1.0/24\",\r\n          \"serviceEndpoints\": []\r\n        }\r\n      }\r\n    ],\r\n    \"virtualNetworkPeerings\": [],\r\n    \"enableDdosProtection\": false,\r\n    \"enableVmProtection\": false\r\n  }\r\n}",
      "ResponseHeaders": {
        "Content-Length": [
          "1059"
        ],
        "Content-Type": [
          "application/json; charset=utf-8"
        ],
        "Expires": [
          "-1"
        ],
        "Pragma": [
          "no-cache"
        ],
        "Retry-After": [
          "3"
        ],
        "x-ms-request-id": [
          "78f267b6-fd76-4c8b-8809-452158d3efa6"
        ],
        "Azure-AsyncOperation": [
          "https://management.azure.com/subscriptions/c9cbd920-c00c-427c-852b-8aaf38badaeb/providers/Microsoft.Network/locations/westus/operations/78f267b6-fd76-4c8b-8809-452158d3efa6?api-version=2017-09-01"
        ],
        "Strict-Transport-Security": [
          "max-age=31536000; includeSubDomains"
        ],
        "Cache-Control": [
          "no-cache"
        ],
        "Server": [
          "Microsoft-HTTPAPI/2.0",
          "Microsoft-HTTPAPI/2.0"
        ],
        "x-ms-ratelimit-remaining-subscription-writes": [
          "1199"
        ],
        "x-ms-correlation-request-id": [
          "d0df2197-e205-4655-9879-7d63b596432f"
        ],
        "x-ms-routing-request-id": [
          "WESTUS2:20180212T234339Z:d0df2197-e205-4655-9879-7d63b596432f"
        ],
        "Date": [
          "Mon, 12 Feb 2018 23:43:39 GMT"
        ]
      },
      "StatusCode": 201
    },
    {
      "RequestUri": "/subscriptions/c9cbd920-c00c-427c-852b-8aaf38badaeb/providers/Microsoft.Network/locations/westus/operations/78f267b6-fd76-4c8b-8809-452158d3efa6?api-version=2017-09-01",
      "EncodedRequestUri": "L3N1YnNjcmlwdGlvbnMvYzljYmQ5MjAtYzAwYy00MjdjLTg1MmItOGFhZjM4YmFkYWViL3Byb3ZpZGVycy9NaWNyb3NvZnQuTmV0d29yay9sb2NhdGlvbnMvd2VzdHVzL29wZXJhdGlvbnMvNzhmMjY3YjYtZmQ3Ni00YzhiLTg4MDktNDUyMTU4ZDNlZmE2P2FwaS12ZXJzaW9uPTIwMTctMDktMDE=",
      "RequestMethod": "GET",
      "RequestBody": "",
      "RequestHeaders": {
        "User-Agent": [
          "FxVersion/4.7.2600.0",
          "OSName/Windows10Enterprise",
          "OSVersion/6.3.16299",
          "Microsoft.Azure.Management.Network.NetworkManagementClient/15.1.0.0"
        ]
      },
      "ResponseBody": "{\r\n  \"status\": \"Succeeded\"\r\n}",
      "ResponseHeaders": {
        "Content-Length": [
          "29"
        ],
        "Content-Type": [
          "application/json; charset=utf-8"
        ],
        "Expires": [
          "-1"
        ],
        "Pragma": [
          "no-cache"
        ],
        "x-ms-request-id": [
          "509bfffb-89b8-4576-b493-804f5bcfb37b"
        ],
        "Strict-Transport-Security": [
          "max-age=31536000; includeSubDomains"
        ],
        "Cache-Control": [
          "no-cache"
        ],
        "Server": [
          "Microsoft-HTTPAPI/2.0",
          "Microsoft-HTTPAPI/2.0"
        ],
        "x-ms-ratelimit-remaining-subscription-reads": [
          "14995"
        ],
        "x-ms-correlation-request-id": [
          "4b422a6d-afa8-4e94-9f3d-9a119e1f005d"
        ],
        "x-ms-routing-request-id": [
          "WESTUS2:20180212T234349Z:4b422a6d-afa8-4e94-9f3d-9a119e1f005d"
        ],
        "Date": [
          "Mon, 12 Feb 2018 23:43:49 GMT"
        ]
      },
      "StatusCode": 200
    },
    {
      "RequestUri": "/subscriptions/c9cbd920-c00c-427c-852b-8aaf38badaeb/resourceGroups/ps2013/providers/Microsoft.Network/publicIPAddresses/ps4644?api-version=2017-09-01",
      "EncodedRequestUri": "L3N1YnNjcmlwdGlvbnMvYzljYmQ5MjAtYzAwYy00MjdjLTg1MmItOGFhZjM4YmFkYWViL3Jlc291cmNlR3JvdXBzL3BzMjAxMy9wcm92aWRlcnMvTWljcm9zb2Z0Lk5ldHdvcmsvcHVibGljSVBBZGRyZXNzZXMvcHM0NjQ0P2FwaS12ZXJzaW9uPTIwMTctMDktMDE=",
      "RequestMethod": "GET",
      "RequestBody": "",
      "RequestHeaders": {
        "x-ms-client-request-id": [
          "166fd414-a539-42f7-a201-9afb0fe947d2"
        ],
        "accept-language": [
          "en-US"
        ],
        "User-Agent": [
          "FxVersion/4.7.2600.0",
          "OSName/Windows10Enterprise",
          "OSVersion/6.3.16299",
          "Microsoft.Azure.Management.Network.NetworkManagementClient/15.1.0.0"
        ]
      },
      "ResponseBody": "{\r\n  \"error\": {\r\n    \"code\": \"ResourceNotFound\",\r\n    \"message\": \"The Resource 'Microsoft.Network/publicIPAddresses/ps4644' under resource group 'ps2013' was not found.\"\r\n  }\r\n}",
      "ResponseHeaders": {
        "Content-Length": [
          "152"
        ],
        "Content-Type": [
          "application/json; charset=utf-8"
        ],
        "Expires": [
          "-1"
        ],
        "Pragma": [
          "no-cache"
        ],
        "x-ms-failure-cause": [
          "gateway"
        ],
        "x-ms-request-id": [
          "636ca90a-8bba-4ff2-8d16-6a293fa4baad"
        ],
        "x-ms-correlation-request-id": [
          "636ca90a-8bba-4ff2-8d16-6a293fa4baad"
        ],
        "x-ms-routing-request-id": [
          "WESTUS2:20180212T234350Z:636ca90a-8bba-4ff2-8d16-6a293fa4baad"
        ],
        "Strict-Transport-Security": [
          "max-age=31536000; includeSubDomains"
        ],
        "Cache-Control": [
          "no-cache"
        ],
        "Date": [
          "Mon, 12 Feb 2018 23:43:49 GMT"
        ]
      },
      "StatusCode": 404
    },
    {
      "RequestUri": "/subscriptions/c9cbd920-c00c-427c-852b-8aaf38badaeb/resourceGroups/ps2013/providers/Microsoft.Network/publicIPAddresses/ps4644?api-version=2017-09-01",
      "EncodedRequestUri": "L3N1YnNjcmlwdGlvbnMvYzljYmQ5MjAtYzAwYy00MjdjLTg1MmItOGFhZjM4YmFkYWViL3Jlc291cmNlR3JvdXBzL3BzMjAxMy9wcm92aWRlcnMvTWljcm9zb2Z0Lk5ldHdvcmsvcHVibGljSVBBZGRyZXNzZXMvcHM0NjQ0P2FwaS12ZXJzaW9uPTIwMTctMDktMDE=",
      "RequestMethod": "GET",
      "RequestBody": "",
      "RequestHeaders": {
        "User-Agent": [
          "FxVersion/4.7.2600.0",
          "OSName/Windows10Enterprise",
          "OSVersion/6.3.16299",
          "Microsoft.Azure.Management.Network.NetworkManagementClient/15.1.0.0"
        ]
      },
      "ResponseBody": "{\r\n  \"name\": \"ps4644\",\r\n  \"id\": \"/subscriptions/c9cbd920-c00c-427c-852b-8aaf38badaeb/resourceGroups/ps2013/providers/Microsoft.Network/publicIPAddresses/ps4644\",\r\n  \"etag\": \"W/\\\"6d127fea-cf77-4c48-ac49-6c1187c170c9\\\"\",\r\n  \"location\": \"westus\",\r\n  \"properties\": {\r\n    \"provisioningState\": \"Succeeded\",\r\n    \"resourceGuid\": \"c02afb20-2ed8-4a45-88ec-eac52e772b47\",\r\n    \"publicIPAddressVersion\": \"IPv4\",\r\n    \"publicIPAllocationMethod\": \"Dynamic\",\r\n    \"idleTimeoutInMinutes\": 4,\r\n    \"dnsSettings\": {\r\n      \"domainNameLabel\": \"ps7270\",\r\n      \"fqdn\": \"ps7270.westus.cloudapp.azure.com\"\r\n    }\r\n  },\r\n  \"type\": \"Microsoft.Network/publicIPAddresses\",\r\n  \"sku\": {\r\n    \"name\": \"Basic\"\r\n  }\r\n}",
      "ResponseHeaders": {
        "Content-Length": [
          "689"
        ],
        "Content-Type": [
          "application/json; charset=utf-8"
        ],
        "Expires": [
          "-1"
        ],
        "Pragma": [
          "no-cache"
        ],
        "x-ms-request-id": [
          "69e6e433-81cd-43be-b364-6e4fd84b381f"
        ],
        "Strict-Transport-Security": [
          "max-age=31536000; includeSubDomains"
        ],
        "Cache-Control": [
          "no-cache"
        ],
        "ETag": [
          "W/\"6d127fea-cf77-4c48-ac49-6c1187c170c9\""
        ],
        "Server": [
          "Microsoft-HTTPAPI/2.0",
          "Microsoft-HTTPAPI/2.0"
        ],
        "x-ms-ratelimit-remaining-subscription-reads": [
          "14990"
        ],
        "x-ms-correlation-request-id": [
          "914b67db-8bb9-4c8d-a9fa-f556c5c9a98a"
        ],
        "x-ms-routing-request-id": [
          "WESTUS2:20180212T234401Z:914b67db-8bb9-4c8d-a9fa-f556c5c9a98a"
        ],
        "Date": [
          "Mon, 12 Feb 2018 23:44:00 GMT"
        ]
      },
      "StatusCode": 200
    },
    {
      "RequestUri": "/subscriptions/c9cbd920-c00c-427c-852b-8aaf38badaeb/resourceGroups/ps2013/providers/Microsoft.Network/publicIPAddresses/ps4644?api-version=2017-09-01",
      "EncodedRequestUri": "L3N1YnNjcmlwdGlvbnMvYzljYmQ5MjAtYzAwYy00MjdjLTg1MmItOGFhZjM4YmFkYWViL3Jlc291cmNlR3JvdXBzL3BzMjAxMy9wcm92aWRlcnMvTWljcm9zb2Z0Lk5ldHdvcmsvcHVibGljSVBBZGRyZXNzZXMvcHM0NjQ0P2FwaS12ZXJzaW9uPTIwMTctMDktMDE=",
      "RequestMethod": "GET",
      "RequestBody": "",
      "RequestHeaders": {
        "x-ms-client-request-id": [
          "f5bf170d-a966-4544-af49-697812b06173"
        ],
        "accept-language": [
          "en-US"
        ],
        "User-Agent": [
          "FxVersion/4.7.2600.0",
          "OSName/Windows10Enterprise",
          "OSVersion/6.3.16299",
          "Microsoft.Azure.Management.Network.NetworkManagementClient/15.1.0.0"
        ]
      },
      "ResponseBody": "{\r\n  \"name\": \"ps4644\",\r\n  \"id\": \"/subscriptions/c9cbd920-c00c-427c-852b-8aaf38badaeb/resourceGroups/ps2013/providers/Microsoft.Network/publicIPAddresses/ps4644\",\r\n  \"etag\": \"W/\\\"6d127fea-cf77-4c48-ac49-6c1187c170c9\\\"\",\r\n  \"location\": \"westus\",\r\n  \"properties\": {\r\n    \"provisioningState\": \"Succeeded\",\r\n    \"resourceGuid\": \"c02afb20-2ed8-4a45-88ec-eac52e772b47\",\r\n    \"publicIPAddressVersion\": \"IPv4\",\r\n    \"publicIPAllocationMethod\": \"Dynamic\",\r\n    \"idleTimeoutInMinutes\": 4,\r\n    \"dnsSettings\": {\r\n      \"domainNameLabel\": \"ps7270\",\r\n      \"fqdn\": \"ps7270.westus.cloudapp.azure.com\"\r\n    }\r\n  },\r\n  \"type\": \"Microsoft.Network/publicIPAddresses\",\r\n  \"sku\": {\r\n    \"name\": \"Basic\"\r\n  }\r\n}",
      "ResponseHeaders": {
        "Content-Length": [
          "689"
        ],
        "Content-Type": [
          "application/json; charset=utf-8"
        ],
        "Expires": [
          "-1"
        ],
        "Pragma": [
          "no-cache"
        ],
        "x-ms-request-id": [
          "e8f8c248-d61f-4b4f-9588-fb71d65bd6be"
        ],
        "Strict-Transport-Security": [
          "max-age=31536000; includeSubDomains"
        ],
        "Cache-Control": [
          "no-cache"
        ],
        "ETag": [
          "W/\"6d127fea-cf77-4c48-ac49-6c1187c170c9\""
        ],
        "Server": [
          "Microsoft-HTTPAPI/2.0",
          "Microsoft-HTTPAPI/2.0"
        ],
        "x-ms-ratelimit-remaining-subscription-reads": [
          "14989"
        ],
        "x-ms-correlation-request-id": [
          "8e55c215-074f-44c3-b27b-c7438149e770"
        ],
        "x-ms-routing-request-id": [
          "WESTUS2:20180212T234401Z:8e55c215-074f-44c3-b27b-c7438149e770"
        ],
        "Date": [
          "Mon, 12 Feb 2018 23:44:01 GMT"
        ]
      },
      "StatusCode": 200
    },
    {
      "RequestUri": "/subscriptions/c9cbd920-c00c-427c-852b-8aaf38badaeb/resourceGroups/ps2013/providers/Microsoft.Network/publicIPAddresses/ps4644?api-version=2017-09-01",
      "EncodedRequestUri": "L3N1YnNjcmlwdGlvbnMvYzljYmQ5MjAtYzAwYy00MjdjLTg1MmItOGFhZjM4YmFkYWViL3Jlc291cmNlR3JvdXBzL3BzMjAxMy9wcm92aWRlcnMvTWljcm9zb2Z0Lk5ldHdvcmsvcHVibGljSVBBZGRyZXNzZXMvcHM0NjQ0P2FwaS12ZXJzaW9uPTIwMTctMDktMDE=",
      "RequestMethod": "PUT",
      "RequestBody": "{\r\n  \"properties\": {\r\n    \"publicIPAllocationMethod\": \"Dynamic\",\r\n    \"dnsSettings\": {\r\n      \"domainNameLabel\": \"ps7270\"\r\n    }\r\n  },\r\n  \"zones\": [],\r\n  \"location\": \"West US\"\r\n}",
      "RequestHeaders": {
        "Content-Type": [
          "application/json; charset=utf-8"
        ],
        "Content-Length": [
          "178"
        ],
        "x-ms-client-request-id": [
          "afc077c6-1bec-4259-9de2-25ee7cfa6801"
        ],
        "accept-language": [
          "en-US"
        ],
        "User-Agent": [
          "FxVersion/4.7.2600.0",
          "OSName/Windows10Enterprise",
          "OSVersion/6.3.16299",
          "Microsoft.Azure.Management.Network.NetworkManagementClient/15.1.0.0"
        ]
      },
      "ResponseBody": "{\r\n  \"name\": \"ps4644\",\r\n  \"id\": \"/subscriptions/c9cbd920-c00c-427c-852b-8aaf38badaeb/resourceGroups/ps2013/providers/Microsoft.Network/publicIPAddresses/ps4644\",\r\n  \"etag\": \"W/\\\"22ff3516-043a-4cf0-9272-0d4e0a6987bf\\\"\",\r\n  \"location\": \"westus\",\r\n  \"properties\": {\r\n    \"provisioningState\": \"Updating\",\r\n    \"resourceGuid\": \"c02afb20-2ed8-4a45-88ec-eac52e772b47\",\r\n    \"publicIPAddressVersion\": \"IPv4\",\r\n    \"publicIPAllocationMethod\": \"Dynamic\",\r\n    \"idleTimeoutInMinutes\": 4,\r\n    \"dnsSettings\": {\r\n      \"domainNameLabel\": \"ps7270\",\r\n      \"fqdn\": \"ps7270.westus.cloudapp.azure.com\"\r\n    }\r\n  },\r\n  \"type\": \"Microsoft.Network/publicIPAddresses\",\r\n  \"sku\": {\r\n    \"name\": \"Basic\"\r\n  }\r\n}",
      "ResponseHeaders": {
        "Content-Length": [
          "688"
        ],
        "Content-Type": [
          "application/json; charset=utf-8"
        ],
        "Expires": [
          "-1"
        ],
        "Pragma": [
          "no-cache"
        ],
        "Retry-After": [
          "3"
        ],
        "x-ms-request-id": [
          "81886f26-137b-4dc6-a282-3ca63a4e109e"
        ],
        "Azure-AsyncOperation": [
          "https://management.azure.com/subscriptions/c9cbd920-c00c-427c-852b-8aaf38badaeb/providers/Microsoft.Network/locations/westus/operations/81886f26-137b-4dc6-a282-3ca63a4e109e?api-version=2017-09-01"
        ],
        "Strict-Transport-Security": [
          "max-age=31536000; includeSubDomains"
        ],
        "Cache-Control": [
          "no-cache"
        ],
        "Server": [
          "Microsoft-HTTPAPI/2.0",
          "Microsoft-HTTPAPI/2.0"
        ],
        "x-ms-ratelimit-remaining-subscription-writes": [
          "1198"
        ],
        "x-ms-correlation-request-id": [
          "81515ddb-07ea-472f-a6d2-840931659019"
        ],
        "x-ms-routing-request-id": [
          "WESTUS2:20180212T234351Z:81515ddb-07ea-472f-a6d2-840931659019"
        ],
        "Date": [
          "Mon, 12 Feb 2018 23:43:50 GMT"
        ]
      },
      "StatusCode": 201
    },
    {
      "RequestUri": "/subscriptions/c9cbd920-c00c-427c-852b-8aaf38badaeb/providers/Microsoft.Network/locations/westus/operations/81886f26-137b-4dc6-a282-3ca63a4e109e?api-version=2017-09-01",
      "EncodedRequestUri": "L3N1YnNjcmlwdGlvbnMvYzljYmQ5MjAtYzAwYy00MjdjLTg1MmItOGFhZjM4YmFkYWViL3Byb3ZpZGVycy9NaWNyb3NvZnQuTmV0d29yay9sb2NhdGlvbnMvd2VzdHVzL29wZXJhdGlvbnMvODE4ODZmMjYtMTM3Yi00ZGM2LWEyODItM2NhNjNhNGUxMDllP2FwaS12ZXJzaW9uPTIwMTctMDktMDE=",
      "RequestMethod": "GET",
      "RequestBody": "",
      "RequestHeaders": {
        "User-Agent": [
          "FxVersion/4.7.2600.0",
          "OSName/Windows10Enterprise",
          "OSVersion/6.3.16299",
          "Microsoft.Azure.Management.Network.NetworkManagementClient/15.1.0.0"
        ]
      },
      "ResponseBody": "{\r\n  \"status\": \"Succeeded\"\r\n}",
      "ResponseHeaders": {
        "Content-Length": [
          "29"
        ],
        "Content-Type": [
          "application/json; charset=utf-8"
        ],
        "Expires": [
          "-1"
        ],
        "Pragma": [
          "no-cache"
        ],
        "x-ms-request-id": [
          "e187cabb-7881-4b5e-9d39-00ced80cac5b"
        ],
        "Strict-Transport-Security": [
          "max-age=31536000; includeSubDomains"
        ],
        "Cache-Control": [
          "no-cache"
        ],
        "Server": [
          "Microsoft-HTTPAPI/2.0",
          "Microsoft-HTTPAPI/2.0"
        ],
        "x-ms-ratelimit-remaining-subscription-reads": [
          "14991"
        ],
        "x-ms-correlation-request-id": [
          "2d1bd865-b045-4d98-ba21-7c37d445d4ee"
        ],
        "x-ms-routing-request-id": [
          "WESTUS2:20180212T234401Z:2d1bd865-b045-4d98-ba21-7c37d445d4ee"
        ],
        "Date": [
          "Mon, 12 Feb 2018 23:44:00 GMT"
        ]
      },
      "StatusCode": 200
    },
    {
      "RequestUri": "/subscriptions/c9cbd920-c00c-427c-852b-8aaf38badaeb/resourceGroups/ps2013/providers/Microsoft.Network/loadBalancers/ps5643?api-version=2017-09-01",
      "EncodedRequestUri": "L3N1YnNjcmlwdGlvbnMvYzljYmQ5MjAtYzAwYy00MjdjLTg1MmItOGFhZjM4YmFkYWViL3Jlc291cmNlR3JvdXBzL3BzMjAxMy9wcm92aWRlcnMvTWljcm9zb2Z0Lk5ldHdvcmsvbG9hZEJhbGFuY2Vycy9wczU2NDM/YXBpLXZlcnNpb249MjAxNy0wOS0wMQ==",
      "RequestMethod": "GET",
      "RequestBody": "",
      "RequestHeaders": {
        "x-ms-client-request-id": [
          "7f07f19b-4a70-477f-adf4-585674f979fd"
        ],
        "accept-language": [
          "en-US"
        ],
        "User-Agent": [
          "FxVersion/4.7.2600.0",
          "OSName/Windows10Enterprise",
          "OSVersion/6.3.16299",
          "Microsoft.Azure.Management.Network.NetworkManagementClient/15.1.0.0"
        ]
      },
      "ResponseBody": "{\r\n  \"error\": {\r\n    \"code\": \"ResourceNotFound\",\r\n    \"message\": \"The Resource 'Microsoft.Network/loadBalancers/ps5643' under resource group 'ps2013' was not found.\"\r\n  }\r\n}",
      "ResponseHeaders": {
        "Content-Length": [
          "148"
        ],
        "Content-Type": [
          "application/json; charset=utf-8"
        ],
        "Expires": [
          "-1"
        ],
        "Pragma": [
          "no-cache"
        ],
        "x-ms-failure-cause": [
          "gateway"
        ],
        "x-ms-request-id": [
          "47db4407-9cd9-4701-9b3c-8aa3dc1a0452"
        ],
        "x-ms-correlation-request-id": [
          "47db4407-9cd9-4701-9b3c-8aa3dc1a0452"
        ],
        "x-ms-routing-request-id": [
          "WESTUS2:20180212T234402Z:47db4407-9cd9-4701-9b3c-8aa3dc1a0452"
        ],
        "Strict-Transport-Security": [
          "max-age=31536000; includeSubDomains"
        ],
        "Cache-Control": [
          "no-cache"
        ],
        "Date": [
          "Mon, 12 Feb 2018 23:44:01 GMT"
        ]
      },
      "StatusCode": 404
    },
    {
      "RequestUri": "/subscriptions/c9cbd920-c00c-427c-852b-8aaf38badaeb/resourceGroups/ps2013/providers/Microsoft.Network/loadBalancers/ps5643?api-version=2017-09-01",
      "EncodedRequestUri": "L3N1YnNjcmlwdGlvbnMvYzljYmQ5MjAtYzAwYy00MjdjLTg1MmItOGFhZjM4YmFkYWViL3Jlc291cmNlR3JvdXBzL3BzMjAxMy9wcm92aWRlcnMvTWljcm9zb2Z0Lk5ldHdvcmsvbG9hZEJhbGFuY2Vycy9wczU2NDM/YXBpLXZlcnNpb249MjAxNy0wOS0wMQ==",
      "RequestMethod": "GET",
      "RequestBody": "",
      "RequestHeaders": {
        "User-Agent": [
          "FxVersion/4.7.2600.0",
          "OSName/Windows10Enterprise",
          "OSVersion/6.3.16299",
          "Microsoft.Azure.Management.Network.NetworkManagementClient/15.1.0.0"
        ]
      },
      "ResponseBody": "{\r\n  \"name\": \"ps5643\",\r\n  \"id\": \"/subscriptions/c9cbd920-c00c-427c-852b-8aaf38badaeb/resourceGroups/ps2013/providers/Microsoft.Network/loadBalancers/ps5643\",\r\n  \"etag\": \"W/\\\"f6330d71-660f-480e-8446-ac26ffa6e654\\\"\",\r\n  \"type\": \"Microsoft.Network/loadBalancers\",\r\n  \"location\": \"westus\",\r\n  \"properties\": {\r\n    \"provisioningState\": \"Succeeded\",\r\n    \"resourceGuid\": \"37a93a2f-acc7-4daf-94be-4addb2d04a05\",\r\n    \"frontendIPConfigurations\": [\r\n      {\r\n        \"name\": \"ps5664\",\r\n        \"id\": \"/subscriptions/c9cbd920-c00c-427c-852b-8aaf38badaeb/resourceGroups/ps2013/providers/Microsoft.Network/loadBalancers/ps5643/frontendIPConfigurations/ps5664\",\r\n        \"etag\": \"W/\\\"f6330d71-660f-480e-8446-ac26ffa6e654\\\"\",\r\n        \"properties\": {\r\n          \"provisioningState\": \"Succeeded\",\r\n          \"privateIPAddress\": \"10.0.1.4\",\r\n          \"privateIPAllocationMethod\": \"Dynamic\",\r\n          \"subnet\": {\r\n            \"id\": \"/subscriptions/c9cbd920-c00c-427c-852b-8aaf38badaeb/resourceGroups/ps2013/providers/Microsoft.Network/virtualNetworks/ps5312/subnets/ps5009\"\r\n          },\r\n          \"loadBalancingRules\": [\r\n            {\r\n              \"id\": \"/subscriptions/c9cbd920-c00c-427c-852b-8aaf38badaeb/resourceGroups/ps2013/providers/Microsoft.Network/loadBalancers/ps5643/loadBalancingRules/ps3346\"\r\n            }\r\n          ]\r\n        }\r\n      }\r\n    ],\r\n    \"backendAddressPools\": [\r\n      {\r\n        \"name\": \"ps3595\",\r\n        \"id\": \"/subscriptions/c9cbd920-c00c-427c-852b-8aaf38badaeb/resourceGroups/ps2013/providers/Microsoft.Network/loadBalancers/ps5643/backendAddressPools/ps3595\",\r\n        \"etag\": \"W/\\\"f6330d71-660f-480e-8446-ac26ffa6e654\\\"\",\r\n        \"properties\": {\r\n          \"provisioningState\": \"Succeeded\",\r\n          \"loadBalancingRules\": [\r\n            {\r\n              \"id\": \"/subscriptions/c9cbd920-c00c-427c-852b-8aaf38badaeb/resourceGroups/ps2013/providers/Microsoft.Network/loadBalancers/ps5643/loadBalancingRules/ps3346\"\r\n            }\r\n          ]\r\n        }\r\n      }\r\n    ],\r\n    \"loadBalancingRules\": [\r\n      {\r\n        \"name\": \"ps3346\",\r\n        \"id\": \"/subscriptions/c9cbd920-c00c-427c-852b-8aaf38badaeb/resourceGroups/ps2013/providers/Microsoft.Network/loadBalancers/ps5643/loadBalancingRules/ps3346\",\r\n        \"etag\": \"W/\\\"f6330d71-660f-480e-8446-ac26ffa6e654\\\"\",\r\n        \"properties\": {\r\n          \"provisioningState\": \"Succeeded\",\r\n          \"frontendIPConfiguration\": {\r\n            \"id\": \"/subscriptions/c9cbd920-c00c-427c-852b-8aaf38badaeb/resourceGroups/ps2013/providers/Microsoft.Network/loadBalancers/ps5643/frontendIPConfigurations/ps5664\"\r\n          },\r\n          \"frontendPort\": 0,\r\n          \"backendPort\": 0,\r\n          \"enableFloatingIP\": true,\r\n          \"idleTimeoutInMinutes\": 15,\r\n          \"protocol\": \"All\",\r\n          \"loadDistribution\": \"SourceIP\",\r\n          \"backendAddressPool\": {\r\n            \"id\": \"/subscriptions/c9cbd920-c00c-427c-852b-8aaf38badaeb/resourceGroups/ps2013/providers/Microsoft.Network/loadBalancers/ps5643/backendAddressPools/ps3595\"\r\n          },\r\n          \"probe\": {\r\n            \"id\": \"/subscriptions/c9cbd920-c00c-427c-852b-8aaf38badaeb/resourceGroups/ps2013/providers/Microsoft.Network/loadBalancers/ps5643/probes/ps4176\"\r\n          }\r\n        }\r\n      }\r\n    ],\r\n    \"probes\": [\r\n      {\r\n        \"name\": \"ps4176\",\r\n        \"id\": \"/subscriptions/c9cbd920-c00c-427c-852b-8aaf38badaeb/resourceGroups/ps2013/providers/Microsoft.Network/loadBalancers/ps5643/probes/ps4176\",\r\n        \"etag\": \"W/\\\"f6330d71-660f-480e-8446-ac26ffa6e654\\\"\",\r\n        \"properties\": {\r\n          \"provisioningState\": \"Succeeded\",\r\n          \"protocol\": \"Http\",\r\n          \"port\": 80,\r\n          \"requestPath\": \"healthcheck.aspx\",\r\n          \"intervalInSeconds\": 15,\r\n          \"numberOfProbes\": 2,\r\n          \"loadBalancingRules\": [\r\n            {\r\n              \"id\": \"/subscriptions/c9cbd920-c00c-427c-852b-8aaf38badaeb/resourceGroups/ps2013/providers/Microsoft.Network/loadBalancers/ps5643/loadBalancingRules/ps3346\"\r\n            }\r\n          ]\r\n        }\r\n      }\r\n    ],\r\n    \"inboundNatRules\": [],\r\n    \"outboundNatRules\": [],\r\n    \"inboundNatPools\": []\r\n  },\r\n  \"sku\": {\r\n    \"name\": \"Basic\"\r\n  }\r\n}",
      "ResponseHeaders": {
        "Content-Length": [
          "4158"
        ],
        "Content-Type": [
          "application/json; charset=utf-8"
        ],
        "Expires": [
          "-1"
        ],
        "Pragma": [
          "no-cache"
        ],
        "x-ms-request-id": [
          "264f5086-7b40-45d8-86d7-4b69eed5f854"
        ],
        "Strict-Transport-Security": [
          "max-age=31536000; includeSubDomains"
        ],
        "Cache-Control": [
          "no-cache"
        ],
        "ETag": [
          "W/\"f6330d71-660f-480e-8446-ac26ffa6e654\""
        ],
        "Server": [
          "Microsoft-HTTPAPI/2.0",
          "Microsoft-HTTPAPI/2.0"
        ],
        "x-ms-ratelimit-remaining-subscription-reads": [
          "14987"
        ],
        "x-ms-correlation-request-id": [
          "480348b7-e7bb-482e-92a7-7d469c6b895a"
        ],
        "x-ms-routing-request-id": [
          "WESTUS2:20180212T234403Z:480348b7-e7bb-482e-92a7-7d469c6b895a"
        ],
        "Date": [
          "Mon, 12 Feb 2018 23:44:02 GMT"
        ]
      },
      "StatusCode": 200
    },
    {
      "RequestUri": "/subscriptions/c9cbd920-c00c-427c-852b-8aaf38badaeb/resourceGroups/ps2013/providers/Microsoft.Network/loadBalancers/ps5643?api-version=2017-09-01",
      "EncodedRequestUri": "L3N1YnNjcmlwdGlvbnMvYzljYmQ5MjAtYzAwYy00MjdjLTg1MmItOGFhZjM4YmFkYWViL3Jlc291cmNlR3JvdXBzL3BzMjAxMy9wcm92aWRlcnMvTWljcm9zb2Z0Lk5ldHdvcmsvbG9hZEJhbGFuY2Vycy9wczU2NDM/YXBpLXZlcnNpb249MjAxNy0wOS0wMQ==",
      "RequestMethod": "GET",
      "RequestBody": "",
      "RequestHeaders": {
        "x-ms-client-request-id": [
          "99634a87-3e2c-48f1-a505-56609a2d27ce"
        ],
        "accept-language": [
          "en-US"
        ],
        "User-Agent": [
          "FxVersion/4.7.2600.0",
          "OSName/Windows10Enterprise",
          "OSVersion/6.3.16299",
          "Microsoft.Azure.Management.Network.NetworkManagementClient/15.1.0.0"
        ]
      },
      "ResponseBody": "{\r\n  \"name\": \"ps5643\",\r\n  \"id\": \"/subscriptions/c9cbd920-c00c-427c-852b-8aaf38badaeb/resourceGroups/ps2013/providers/Microsoft.Network/loadBalancers/ps5643\",\r\n  \"etag\": \"W/\\\"f6330d71-660f-480e-8446-ac26ffa6e654\\\"\",\r\n  \"type\": \"Microsoft.Network/loadBalancers\",\r\n  \"location\": \"westus\",\r\n  \"properties\": {\r\n    \"provisioningState\": \"Succeeded\",\r\n    \"resourceGuid\": \"37a93a2f-acc7-4daf-94be-4addb2d04a05\",\r\n    \"frontendIPConfigurations\": [\r\n      {\r\n        \"name\": \"ps5664\",\r\n        \"id\": \"/subscriptions/c9cbd920-c00c-427c-852b-8aaf38badaeb/resourceGroups/ps2013/providers/Microsoft.Network/loadBalancers/ps5643/frontendIPConfigurations/ps5664\",\r\n        \"etag\": \"W/\\\"f6330d71-660f-480e-8446-ac26ffa6e654\\\"\",\r\n        \"properties\": {\r\n          \"provisioningState\": \"Succeeded\",\r\n          \"privateIPAddress\": \"10.0.1.4\",\r\n          \"privateIPAllocationMethod\": \"Dynamic\",\r\n          \"subnet\": {\r\n            \"id\": \"/subscriptions/c9cbd920-c00c-427c-852b-8aaf38badaeb/resourceGroups/ps2013/providers/Microsoft.Network/virtualNetworks/ps5312/subnets/ps5009\"\r\n          },\r\n          \"loadBalancingRules\": [\r\n            {\r\n              \"id\": \"/subscriptions/c9cbd920-c00c-427c-852b-8aaf38badaeb/resourceGroups/ps2013/providers/Microsoft.Network/loadBalancers/ps5643/loadBalancingRules/ps3346\"\r\n            }\r\n          ]\r\n        }\r\n      }\r\n    ],\r\n    \"backendAddressPools\": [\r\n      {\r\n        \"name\": \"ps3595\",\r\n        \"id\": \"/subscriptions/c9cbd920-c00c-427c-852b-8aaf38badaeb/resourceGroups/ps2013/providers/Microsoft.Network/loadBalancers/ps5643/backendAddressPools/ps3595\",\r\n        \"etag\": \"W/\\\"f6330d71-660f-480e-8446-ac26ffa6e654\\\"\",\r\n        \"properties\": {\r\n          \"provisioningState\": \"Succeeded\",\r\n          \"loadBalancingRules\": [\r\n            {\r\n              \"id\": \"/subscriptions/c9cbd920-c00c-427c-852b-8aaf38badaeb/resourceGroups/ps2013/providers/Microsoft.Network/loadBalancers/ps5643/loadBalancingRules/ps3346\"\r\n            }\r\n          ]\r\n        }\r\n      }\r\n    ],\r\n    \"loadBalancingRules\": [\r\n      {\r\n        \"name\": \"ps3346\",\r\n        \"id\": \"/subscriptions/c9cbd920-c00c-427c-852b-8aaf38badaeb/resourceGroups/ps2013/providers/Microsoft.Network/loadBalancers/ps5643/loadBalancingRules/ps3346\",\r\n        \"etag\": \"W/\\\"f6330d71-660f-480e-8446-ac26ffa6e654\\\"\",\r\n        \"properties\": {\r\n          \"provisioningState\": \"Succeeded\",\r\n          \"frontendIPConfiguration\": {\r\n            \"id\": \"/subscriptions/c9cbd920-c00c-427c-852b-8aaf38badaeb/resourceGroups/ps2013/providers/Microsoft.Network/loadBalancers/ps5643/frontendIPConfigurations/ps5664\"\r\n          },\r\n          \"frontendPort\": 0,\r\n          \"backendPort\": 0,\r\n          \"enableFloatingIP\": true,\r\n          \"idleTimeoutInMinutes\": 15,\r\n          \"protocol\": \"All\",\r\n          \"loadDistribution\": \"SourceIP\",\r\n          \"backendAddressPool\": {\r\n            \"id\": \"/subscriptions/c9cbd920-c00c-427c-852b-8aaf38badaeb/resourceGroups/ps2013/providers/Microsoft.Network/loadBalancers/ps5643/backendAddressPools/ps3595\"\r\n          },\r\n          \"probe\": {\r\n            \"id\": \"/subscriptions/c9cbd920-c00c-427c-852b-8aaf38badaeb/resourceGroups/ps2013/providers/Microsoft.Network/loadBalancers/ps5643/probes/ps4176\"\r\n          }\r\n        }\r\n      }\r\n    ],\r\n    \"probes\": [\r\n      {\r\n        \"name\": \"ps4176\",\r\n        \"id\": \"/subscriptions/c9cbd920-c00c-427c-852b-8aaf38badaeb/resourceGroups/ps2013/providers/Microsoft.Network/loadBalancers/ps5643/probes/ps4176\",\r\n        \"etag\": \"W/\\\"f6330d71-660f-480e-8446-ac26ffa6e654\\\"\",\r\n        \"properties\": {\r\n          \"provisioningState\": \"Succeeded\",\r\n          \"protocol\": \"Http\",\r\n          \"port\": 80,\r\n          \"requestPath\": \"healthcheck.aspx\",\r\n          \"intervalInSeconds\": 15,\r\n          \"numberOfProbes\": 2,\r\n          \"loadBalancingRules\": [\r\n            {\r\n              \"id\": \"/subscriptions/c9cbd920-c00c-427c-852b-8aaf38badaeb/resourceGroups/ps2013/providers/Microsoft.Network/loadBalancers/ps5643/loadBalancingRules/ps3346\"\r\n            }\r\n          ]\r\n        }\r\n      }\r\n    ],\r\n    \"inboundNatRules\": [],\r\n    \"outboundNatRules\": [],\r\n    \"inboundNatPools\": []\r\n  },\r\n  \"sku\": {\r\n    \"name\": \"Basic\"\r\n  }\r\n}",
      "ResponseHeaders": {
        "Content-Length": [
          "4158"
        ],
        "Content-Type": [
          "application/json; charset=utf-8"
        ],
        "Expires": [
          "-1"
        ],
        "Pragma": [
          "no-cache"
        ],
        "x-ms-request-id": [
          "f17422e5-240f-4af3-8073-1b7dd0bb2990"
        ],
        "Strict-Transport-Security": [
          "max-age=31536000; includeSubDomains"
        ],
        "Cache-Control": [
          "no-cache"
        ],
        "ETag": [
          "W/\"f6330d71-660f-480e-8446-ac26ffa6e654\""
        ],
        "Server": [
          "Microsoft-HTTPAPI/2.0",
          "Microsoft-HTTPAPI/2.0"
        ],
        "x-ms-ratelimit-remaining-subscription-reads": [
          "14986"
        ],
        "x-ms-correlation-request-id": [
          "eed083a4-186a-416d-a0a5-cf5f4e42e898"
        ],
        "x-ms-routing-request-id": [
          "WESTUS2:20180212T234403Z:eed083a4-186a-416d-a0a5-cf5f4e42e898"
        ],
        "Date": [
          "Mon, 12 Feb 2018 23:44:02 GMT"
        ]
      },
      "StatusCode": 200
    },
    {
      "RequestUri": "/subscriptions/c9cbd920-c00c-427c-852b-8aaf38badaeb/resourceGroups/ps2013/providers/Microsoft.Network/loadBalancers/ps5643?api-version=2017-09-01",
      "EncodedRequestUri": "L3N1YnNjcmlwdGlvbnMvYzljYmQ5MjAtYzAwYy00MjdjLTg1MmItOGFhZjM4YmFkYWViL3Jlc291cmNlR3JvdXBzL3BzMjAxMy9wcm92aWRlcnMvTWljcm9zb2Z0Lk5ldHdvcmsvbG9hZEJhbGFuY2Vycy9wczU2NDM/YXBpLXZlcnNpb249MjAxNy0wOS0wMQ==",
      "RequestMethod": "GET",
      "RequestBody": "",
      "RequestHeaders": {
        "x-ms-client-request-id": [
          "80c6f71c-42ed-4f2b-894b-10f9060361e6"
        ],
        "accept-language": [
          "en-US"
        ],
        "User-Agent": [
          "FxVersion/4.7.2600.0",
          "OSName/Windows10Enterprise",
          "OSVersion/6.3.16299",
          "Microsoft.Azure.Management.Network.NetworkManagementClient/15.1.0.0"
        ]
      },
      "ResponseBody": "{\r\n  \"name\": \"ps5643\",\r\n  \"id\": \"/subscriptions/c9cbd920-c00c-427c-852b-8aaf38badaeb/resourceGroups/ps2013/providers/Microsoft.Network/loadBalancers/ps5643\",\r\n  \"etag\": \"W/\\\"f6330d71-660f-480e-8446-ac26ffa6e654\\\"\",\r\n  \"type\": \"Microsoft.Network/loadBalancers\",\r\n  \"location\": \"westus\",\r\n  \"properties\": {\r\n    \"provisioningState\": \"Succeeded\",\r\n    \"resourceGuid\": \"37a93a2f-acc7-4daf-94be-4addb2d04a05\",\r\n    \"frontendIPConfigurations\": [\r\n      {\r\n        \"name\": \"ps5664\",\r\n        \"id\": \"/subscriptions/c9cbd920-c00c-427c-852b-8aaf38badaeb/resourceGroups/ps2013/providers/Microsoft.Network/loadBalancers/ps5643/frontendIPConfigurations/ps5664\",\r\n        \"etag\": \"W/\\\"f6330d71-660f-480e-8446-ac26ffa6e654\\\"\",\r\n        \"properties\": {\r\n          \"provisioningState\": \"Succeeded\",\r\n          \"privateIPAddress\": \"10.0.1.4\",\r\n          \"privateIPAllocationMethod\": \"Dynamic\",\r\n          \"subnet\": {\r\n            \"id\": \"/subscriptions/c9cbd920-c00c-427c-852b-8aaf38badaeb/resourceGroups/ps2013/providers/Microsoft.Network/virtualNetworks/ps5312/subnets/ps5009\"\r\n          },\r\n          \"loadBalancingRules\": [\r\n            {\r\n              \"id\": \"/subscriptions/c9cbd920-c00c-427c-852b-8aaf38badaeb/resourceGroups/ps2013/providers/Microsoft.Network/loadBalancers/ps5643/loadBalancingRules/ps3346\"\r\n            }\r\n          ]\r\n        }\r\n      }\r\n    ],\r\n    \"backendAddressPools\": [\r\n      {\r\n        \"name\": \"ps3595\",\r\n        \"id\": \"/subscriptions/c9cbd920-c00c-427c-852b-8aaf38badaeb/resourceGroups/ps2013/providers/Microsoft.Network/loadBalancers/ps5643/backendAddressPools/ps3595\",\r\n        \"etag\": \"W/\\\"f6330d71-660f-480e-8446-ac26ffa6e654\\\"\",\r\n        \"properties\": {\r\n          \"provisioningState\": \"Succeeded\",\r\n          \"loadBalancingRules\": [\r\n            {\r\n              \"id\": \"/subscriptions/c9cbd920-c00c-427c-852b-8aaf38badaeb/resourceGroups/ps2013/providers/Microsoft.Network/loadBalancers/ps5643/loadBalancingRules/ps3346\"\r\n            }\r\n          ]\r\n        }\r\n      }\r\n    ],\r\n    \"loadBalancingRules\": [\r\n      {\r\n        \"name\": \"ps3346\",\r\n        \"id\": \"/subscriptions/c9cbd920-c00c-427c-852b-8aaf38badaeb/resourceGroups/ps2013/providers/Microsoft.Network/loadBalancers/ps5643/loadBalancingRules/ps3346\",\r\n        \"etag\": \"W/\\\"f6330d71-660f-480e-8446-ac26ffa6e654\\\"\",\r\n        \"properties\": {\r\n          \"provisioningState\": \"Succeeded\",\r\n          \"frontendIPConfiguration\": {\r\n            \"id\": \"/subscriptions/c9cbd920-c00c-427c-852b-8aaf38badaeb/resourceGroups/ps2013/providers/Microsoft.Network/loadBalancers/ps5643/frontendIPConfigurations/ps5664\"\r\n          },\r\n          \"frontendPort\": 0,\r\n          \"backendPort\": 0,\r\n          \"enableFloatingIP\": true,\r\n          \"idleTimeoutInMinutes\": 15,\r\n          \"protocol\": \"All\",\r\n          \"loadDistribution\": \"SourceIP\",\r\n          \"backendAddressPool\": {\r\n            \"id\": \"/subscriptions/c9cbd920-c00c-427c-852b-8aaf38badaeb/resourceGroups/ps2013/providers/Microsoft.Network/loadBalancers/ps5643/backendAddressPools/ps3595\"\r\n          },\r\n          \"probe\": {\r\n            \"id\": \"/subscriptions/c9cbd920-c00c-427c-852b-8aaf38badaeb/resourceGroups/ps2013/providers/Microsoft.Network/loadBalancers/ps5643/probes/ps4176\"\r\n          }\r\n        }\r\n      }\r\n    ],\r\n    \"probes\": [\r\n      {\r\n        \"name\": \"ps4176\",\r\n        \"id\": \"/subscriptions/c9cbd920-c00c-427c-852b-8aaf38badaeb/resourceGroups/ps2013/providers/Microsoft.Network/loadBalancers/ps5643/probes/ps4176\",\r\n        \"etag\": \"W/\\\"f6330d71-660f-480e-8446-ac26ffa6e654\\\"\",\r\n        \"properties\": {\r\n          \"provisioningState\": \"Succeeded\",\r\n          \"protocol\": \"Http\",\r\n          \"port\": 80,\r\n          \"requestPath\": \"healthcheck.aspx\",\r\n          \"intervalInSeconds\": 15,\r\n          \"numberOfProbes\": 2,\r\n          \"loadBalancingRules\": [\r\n            {\r\n              \"id\": \"/subscriptions/c9cbd920-c00c-427c-852b-8aaf38badaeb/resourceGroups/ps2013/providers/Microsoft.Network/loadBalancers/ps5643/loadBalancingRules/ps3346\"\r\n            }\r\n          ]\r\n        }\r\n      }\r\n    ],\r\n    \"inboundNatRules\": [],\r\n    \"outboundNatRules\": [],\r\n    \"inboundNatPools\": []\r\n  },\r\n  \"sku\": {\r\n    \"name\": \"Basic\"\r\n  }\r\n}",
      "ResponseHeaders": {
        "Content-Length": [
          "4158"
        ],
        "Content-Type": [
          "application/json; charset=utf-8"
        ],
        "Expires": [
          "-1"
        ],
        "Pragma": [
          "no-cache"
        ],
        "x-ms-request-id": [
          "bb2f4502-f901-44ea-937a-4e33b09ea7a0"
        ],
        "Strict-Transport-Security": [
          "max-age=31536000; includeSubDomains"
        ],
        "Cache-Control": [
          "no-cache"
        ],
        "ETag": [
          "W/\"f6330d71-660f-480e-8446-ac26ffa6e654\""
        ],
        "Server": [
          "Microsoft-HTTPAPI/2.0",
          "Microsoft-HTTPAPI/2.0"
        ],
        "x-ms-ratelimit-remaining-subscription-reads": [
          "14985"
        ],
        "x-ms-correlation-request-id": [
          "a8e2c38f-7fe8-4d84-8231-ed4233fdf4d7"
        ],
        "x-ms-routing-request-id": [
          "WESTUS2:20180212T234404Z:a8e2c38f-7fe8-4d84-8231-ed4233fdf4d7"
        ],
        "Date": [
          "Mon, 12 Feb 2018 23:44:03 GMT"
        ]
      },
      "StatusCode": 200
    },
    {
      "RequestUri": "/subscriptions/c9cbd920-c00c-427c-852b-8aaf38badaeb/resourceGroups/ps2013/providers/Microsoft.Network/loadBalancers/ps5643?api-version=2017-09-01",
      "EncodedRequestUri": "L3N1YnNjcmlwdGlvbnMvYzljYmQ5MjAtYzAwYy00MjdjLTg1MmItOGFhZjM4YmFkYWViL3Jlc291cmNlR3JvdXBzL3BzMjAxMy9wcm92aWRlcnMvTWljcm9zb2Z0Lk5ldHdvcmsvbG9hZEJhbGFuY2Vycy9wczU2NDM/YXBpLXZlcnNpb249MjAxNy0wOS0wMQ==",
      "RequestMethod": "PUT",
      "RequestBody": "{\r\n  \"sku\": {\r\n    \"name\": \"Basic\"\r\n  },\r\n  \"properties\": {\r\n    \"frontendIPConfigurations\": [\r\n      {\r\n        \"properties\": {\r\n          \"privateIPAllocationMethod\": \"Dynamic\",\r\n          \"subnet\": {\r\n            \"properties\": {\r\n              \"serviceEndpoints\": [],\r\n              \"resourceNavigationLinks\": []\r\n            },\r\n            \"id\": \"/subscriptions/c9cbd920-c00c-427c-852b-8aaf38badaeb/resourceGroups/ps2013/providers/Microsoft.Network/virtualNetworks/ps5312/subnets/ps5009\"\r\n          }\r\n        },\r\n        \"name\": \"ps5664\",\r\n        \"zones\": [],\r\n        \"id\": \"/subscriptions/c9cbd920-c00c-427c-852b-8aaf38badaeb/resourceGroups/ps2013/providers/Microsoft.Network/loadBalancers/ps5643/frontendIPConfigurations/ps5664\"\r\n      }\r\n    ],\r\n    \"backendAddressPools\": [\r\n      {\r\n        \"name\": \"ps3595\",\r\n        \"id\": \"/subscriptions/c9cbd920-c00c-427c-852b-8aaf38badaeb/resourceGroups/ps2013/providers/Microsoft.Network/loadBalancers/ps5643/backendAddressPools/ps3595\"\r\n      }\r\n    ],\r\n    \"loadBalancingRules\": [\r\n      {\r\n        \"properties\": {\r\n          \"frontendIPConfiguration\": {\r\n            \"id\": \"/subscriptions/c9cbd920-c00c-427c-852b-8aaf38badaeb/resourceGroups/ps2013/providers/Microsoft.Network/loadBalancers/ps5643/frontendIPConfigurations/ps5664\"\r\n          },\r\n          \"backendAddressPool\": {\r\n            \"id\": \"/subscriptions/c9cbd920-c00c-427c-852b-8aaf38badaeb/resourceGroups/ps2013/providers/Microsoft.Network/loadBalancers/ps5643/backendAddressPools/ps3595\"\r\n          },\r\n          \"probe\": {\r\n            \"id\": \"/subscriptions/c9cbd920-c00c-427c-852b-8aaf38badaeb/resourceGroups/ps2013/providers/Microsoft.Network/loadBalancers/ps5643/probes/ps4176\"\r\n          },\r\n          \"protocol\": \"All\",\r\n          \"loadDistribution\": \"SourceIP\",\r\n          \"frontendPort\": 0,\r\n          \"backendPort\": 0,\r\n          \"idleTimeoutInMinutes\": 15,\r\n          \"enableFloatingIP\": true,\r\n          \"disableOutboundSnat\": false\r\n        },\r\n        \"name\": \"ps3346\",\r\n        \"id\": \"/subscriptions/c9cbd920-c00c-427c-852b-8aaf38badaeb/resourceGroups/ps2013/providers/Microsoft.Network/loadBalancers/ps5643/loadBalancingRules/ps3346\"\r\n      }\r\n    ],\r\n    \"probes\": [\r\n      {\r\n        \"properties\": {\r\n          \"protocol\": \"http\",\r\n          \"port\": 80,\r\n          \"intervalInSeconds\": 15,\r\n          \"numberOfProbes\": 2,\r\n          \"requestPath\": \"healthcheck.aspx\"\r\n        },\r\n        \"name\": \"ps4176\",\r\n        \"id\": \"/subscriptions/c9cbd920-c00c-427c-852b-8aaf38badaeb/resourceGroups/ps2013/providers/Microsoft.Network/loadBalancers/ps5643/probes/ps4176\"\r\n      }\r\n    ],\r\n    \"inboundNatRules\": [],\r\n    \"inboundNatPools\": [],\r\n    \"outboundNatRules\": []\r\n  },\r\n  \"location\": \"West US\"\r\n}",
      "RequestHeaders": {
        "Content-Type": [
          "application/json; charset=utf-8"
        ],
        "Content-Length": [
          "2728"
        ],
        "x-ms-client-request-id": [
          "d2706110-b77d-4d99-b3bb-664dad390666"
        ],
        "accept-language": [
          "en-US"
        ],
        "User-Agent": [
          "FxVersion/4.7.2600.0",
          "OSName/Windows10Enterprise",
          "OSVersion/6.3.16299",
          "Microsoft.Azure.Management.Network.NetworkManagementClient/15.1.0.0"
        ]
      },
      "ResponseBody": "{\r\n  \"name\": \"ps5643\",\r\n  \"id\": \"/subscriptions/c9cbd920-c00c-427c-852b-8aaf38badaeb/resourceGroups/ps2013/providers/Microsoft.Network/loadBalancers/ps5643\",\r\n  \"etag\": \"W/\\\"f6330d71-660f-480e-8446-ac26ffa6e654\\\"\",\r\n  \"type\": \"Microsoft.Network/loadBalancers\",\r\n  \"location\": \"westus\",\r\n  \"properties\": {\r\n    \"provisioningState\": \"Succeeded\",\r\n    \"resourceGuid\": \"37a93a2f-acc7-4daf-94be-4addb2d04a05\",\r\n    \"frontendIPConfigurations\": [\r\n      {\r\n        \"name\": \"ps5664\",\r\n        \"id\": \"/subscriptions/c9cbd920-c00c-427c-852b-8aaf38badaeb/resourceGroups/ps2013/providers/Microsoft.Network/loadBalancers/ps5643/frontendIPConfigurations/ps5664\",\r\n        \"etag\": \"W/\\\"f6330d71-660f-480e-8446-ac26ffa6e654\\\"\",\r\n        \"properties\": {\r\n          \"provisioningState\": \"Succeeded\",\r\n          \"privateIPAddress\": \"10.0.1.4\",\r\n          \"privateIPAllocationMethod\": \"Dynamic\",\r\n          \"subnet\": {\r\n            \"id\": \"/subscriptions/c9cbd920-c00c-427c-852b-8aaf38badaeb/resourceGroups/ps2013/providers/Microsoft.Network/virtualNetworks/ps5312/subnets/ps5009\"\r\n          },\r\n          \"loadBalancingRules\": [\r\n            {\r\n              \"id\": \"/subscriptions/c9cbd920-c00c-427c-852b-8aaf38badaeb/resourceGroups/ps2013/providers/Microsoft.Network/loadBalancers/ps5643/loadBalancingRules/ps3346\"\r\n            }\r\n          ]\r\n        }\r\n      }\r\n    ],\r\n    \"backendAddressPools\": [\r\n      {\r\n        \"name\": \"ps3595\",\r\n        \"id\": \"/subscriptions/c9cbd920-c00c-427c-852b-8aaf38badaeb/resourceGroups/ps2013/providers/Microsoft.Network/loadBalancers/ps5643/backendAddressPools/ps3595\",\r\n        \"etag\": \"W/\\\"f6330d71-660f-480e-8446-ac26ffa6e654\\\"\",\r\n        \"properties\": {\r\n          \"provisioningState\": \"Succeeded\",\r\n          \"loadBalancingRules\": [\r\n            {\r\n              \"id\": \"/subscriptions/c9cbd920-c00c-427c-852b-8aaf38badaeb/resourceGroups/ps2013/providers/Microsoft.Network/loadBalancers/ps5643/loadBalancingRules/ps3346\"\r\n            }\r\n          ]\r\n        }\r\n      }\r\n    ],\r\n    \"loadBalancingRules\": [\r\n      {\r\n        \"name\": \"ps3346\",\r\n        \"id\": \"/subscriptions/c9cbd920-c00c-427c-852b-8aaf38badaeb/resourceGroups/ps2013/providers/Microsoft.Network/loadBalancers/ps5643/loadBalancingRules/ps3346\",\r\n        \"etag\": \"W/\\\"f6330d71-660f-480e-8446-ac26ffa6e654\\\"\",\r\n        \"properties\": {\r\n          \"provisioningState\": \"Succeeded\",\r\n          \"frontendIPConfiguration\": {\r\n            \"id\": \"/subscriptions/c9cbd920-c00c-427c-852b-8aaf38badaeb/resourceGroups/ps2013/providers/Microsoft.Network/loadBalancers/ps5643/frontendIPConfigurations/ps5664\"\r\n          },\r\n          \"frontendPort\": 0,\r\n          \"backendPort\": 0,\r\n          \"enableFloatingIP\": true,\r\n          \"idleTimeoutInMinutes\": 15,\r\n          \"protocol\": \"All\",\r\n          \"loadDistribution\": \"SourceIP\",\r\n          \"backendAddressPool\": {\r\n            \"id\": \"/subscriptions/c9cbd920-c00c-427c-852b-8aaf38badaeb/resourceGroups/ps2013/providers/Microsoft.Network/loadBalancers/ps5643/backendAddressPools/ps3595\"\r\n          },\r\n          \"probe\": {\r\n            \"id\": \"/subscriptions/c9cbd920-c00c-427c-852b-8aaf38badaeb/resourceGroups/ps2013/providers/Microsoft.Network/loadBalancers/ps5643/probes/ps4176\"\r\n          }\r\n        }\r\n      }\r\n    ],\r\n    \"probes\": [\r\n      {\r\n        \"name\": \"ps4176\",\r\n        \"id\": \"/subscriptions/c9cbd920-c00c-427c-852b-8aaf38badaeb/resourceGroups/ps2013/providers/Microsoft.Network/loadBalancers/ps5643/probes/ps4176\",\r\n        \"etag\": \"W/\\\"f6330d71-660f-480e-8446-ac26ffa6e654\\\"\",\r\n        \"properties\": {\r\n          \"provisioningState\": \"Succeeded\",\r\n          \"protocol\": \"Http\",\r\n          \"port\": 80,\r\n          \"requestPath\": \"healthcheck.aspx\",\r\n          \"intervalInSeconds\": 15,\r\n          \"numberOfProbes\": 2,\r\n          \"loadBalancingRules\": [\r\n            {\r\n              \"id\": \"/subscriptions/c9cbd920-c00c-427c-852b-8aaf38badaeb/resourceGroups/ps2013/providers/Microsoft.Network/loadBalancers/ps5643/loadBalancingRules/ps3346\"\r\n            }\r\n          ]\r\n        }\r\n      }\r\n    ],\r\n    \"inboundNatRules\": [],\r\n    \"outboundNatRules\": [],\r\n    \"inboundNatPools\": []\r\n  },\r\n  \"sku\": {\r\n    \"name\": \"Basic\"\r\n  }\r\n}",
      "ResponseHeaders": {
        "Content-Length": [
          "4158"
        ],
        "Content-Type": [
          "application/json; charset=utf-8"
        ],
        "Expires": [
          "-1"
        ],
        "Pragma": [
          "no-cache"
        ],
        "x-ms-request-id": [
          "a8672f3b-cad3-43d8-8501-c5a3d3614699"
        ],
        "Azure-AsyncOperation": [
          "https://management.azure.com/subscriptions/c9cbd920-c00c-427c-852b-8aaf38badaeb/providers/Microsoft.Network/locations/westus/operations/a8672f3b-cad3-43d8-8501-c5a3d3614699?api-version=2017-09-01"
        ],
        "Strict-Transport-Security": [
          "max-age=31536000; includeSubDomains"
        ],
        "Cache-Control": [
          "no-cache"
        ],
        "Server": [
          "Microsoft-HTTPAPI/2.0",
          "Microsoft-HTTPAPI/2.0"
        ],
        "x-ms-ratelimit-remaining-subscription-writes": [
          "1197"
        ],
        "x-ms-correlation-request-id": [
          "a5c47166-f554-4ca6-9bc6-e0f53f38b9dd"
        ],
        "x-ms-routing-request-id": [
          "WESTUS2:20180212T234403Z:a5c47166-f554-4ca6-9bc6-e0f53f38b9dd"
        ],
        "Date": [
          "Mon, 12 Feb 2018 23:44:02 GMT"
        ]
      },
      "StatusCode": 201
    },
    {
      "RequestUri": "/subscriptions/c9cbd920-c00c-427c-852b-8aaf38badaeb/resourceGroups/ps2013/providers/Microsoft.Network/loadBalancers/ps5643?api-version=2017-09-01",
      "EncodedRequestUri": "L3N1YnNjcmlwdGlvbnMvYzljYmQ5MjAtYzAwYy00MjdjLTg1MmItOGFhZjM4YmFkYWViL3Jlc291cmNlR3JvdXBzL3BzMjAxMy9wcm92aWRlcnMvTWljcm9zb2Z0Lk5ldHdvcmsvbG9hZEJhbGFuY2Vycy9wczU2NDM/YXBpLXZlcnNpb249MjAxNy0wOS0wMQ==",
      "RequestMethod": "DELETE",
      "RequestBody": "",
      "RequestHeaders": {
        "x-ms-client-request-id": [
          "93dc8413-a6e2-47a9-83c1-e8b6c84f2f76"
        ],
        "accept-language": [
          "en-US"
        ],
        "User-Agent": [
          "FxVersion/4.7.2600.0",
          "OSName/Windows10Enterprise",
          "OSVersion/6.3.16299",
          "Microsoft.Azure.Management.Network.NetworkManagementClient/15.1.0.0"
        ]
      },
      "ResponseBody": "",
      "ResponseHeaders": {
        "Content-Length": [
          "0"
        ],
        "Expires": [
          "-1"
        ],
        "Pragma": [
          "no-cache"
        ],
        "Retry-After": [
          "10"
        ],
        "x-ms-request-id": [
          "bfaa23ee-bbf4-4314-b525-974e230fa620"
        ],
        "Azure-AsyncOperation": [
          "https://management.azure.com/subscriptions/c9cbd920-c00c-427c-852b-8aaf38badaeb/providers/Microsoft.Network/locations/westus/operations/bfaa23ee-bbf4-4314-b525-974e230fa620?api-version=2017-09-01"
        ],
        "Strict-Transport-Security": [
          "max-age=31536000; includeSubDomains"
        ],
        "Cache-Control": [
          "no-cache"
        ],
        "Location": [
          "https://management.azure.com/subscriptions/c9cbd920-c00c-427c-852b-8aaf38badaeb/providers/Microsoft.Network/locations/westus/operationResults/bfaa23ee-bbf4-4314-b525-974e230fa620?api-version=2017-09-01"
        ],
        "Server": [
          "Microsoft-HTTPAPI/2.0",
          "Microsoft-HTTPAPI/2.0"
        ],
        "x-ms-ratelimit-remaining-subscription-writes": [
          "1196"
        ],
        "x-ms-correlation-request-id": [
          "9bf42056-d99a-429f-ba8a-e8eb45e355bd"
        ],
        "x-ms-routing-request-id": [
          "WESTUS2:20180212T234404Z:9bf42056-d99a-429f-ba8a-e8eb45e355bd"
        ],
        "Date": [
          "Mon, 12 Feb 2018 23:44:03 GMT"
        ]
      },
      "StatusCode": 202
    },
    {
      "RequestUri": "/subscriptions/c9cbd920-c00c-427c-852b-8aaf38badaeb/providers/Microsoft.Network/locations/westus/operations/bfaa23ee-bbf4-4314-b525-974e230fa620?api-version=2017-09-01",
      "EncodedRequestUri": "L3N1YnNjcmlwdGlvbnMvYzljYmQ5MjAtYzAwYy00MjdjLTg1MmItOGFhZjM4YmFkYWViL3Byb3ZpZGVycy9NaWNyb3NvZnQuTmV0d29yay9sb2NhdGlvbnMvd2VzdHVzL29wZXJhdGlvbnMvYmZhYTIzZWUtYmJmNC00MzE0LWI1MjUtOTc0ZTIzMGZhNjIwP2FwaS12ZXJzaW9uPTIwMTctMDktMDE=",
      "RequestMethod": "GET",
      "RequestBody": "",
      "RequestHeaders": {
        "User-Agent": [
          "FxVersion/4.7.2600.0",
          "OSName/Windows10Enterprise",
          "OSVersion/6.3.16299",
          "Microsoft.Azure.Management.Network.NetworkManagementClient/15.1.0.0"
        ]
      },
      "ResponseBody": "{\r\n  \"status\": \"Succeeded\"\r\n}",
      "ResponseHeaders": {
        "Content-Length": [
          "29"
        ],
        "Content-Type": [
          "application/json; charset=utf-8"
        ],
        "Expires": [
          "-1"
        ],
        "Pragma": [
          "no-cache"
        ],
        "x-ms-request-id": [
          "785e8d9a-8d3c-4d87-9334-4770ff7ebd8b"
        ],
        "Strict-Transport-Security": [
          "max-age=31536000; includeSubDomains"
        ],
        "Cache-Control": [
          "no-cache"
        ],
        "Server": [
          "Microsoft-HTTPAPI/2.0",
          "Microsoft-HTTPAPI/2.0"
        ],
        "x-ms-ratelimit-remaining-subscription-reads": [
          "14984"
        ],
        "x-ms-correlation-request-id": [
          "6d27e711-eb4d-4e3a-ade8-c8a2e518476c"
        ],
        "x-ms-routing-request-id": [
          "WESTUS2:20180212T234414Z:6d27e711-eb4d-4e3a-ade8-c8a2e518476c"
        ],
        "Date": [
          "Mon, 12 Feb 2018 23:44:14 GMT"
        ]
      },
      "StatusCode": 200
    },
    {
      "RequestUri": "/subscriptions/c9cbd920-c00c-427c-852b-8aaf38badaeb/providers/Microsoft.Network/locations/westus/operationResults/bfaa23ee-bbf4-4314-b525-974e230fa620?api-version=2017-09-01",
      "EncodedRequestUri": "L3N1YnNjcmlwdGlvbnMvYzljYmQ5MjAtYzAwYy00MjdjLTg1MmItOGFhZjM4YmFkYWViL3Byb3ZpZGVycy9NaWNyb3NvZnQuTmV0d29yay9sb2NhdGlvbnMvd2VzdHVzL29wZXJhdGlvblJlc3VsdHMvYmZhYTIzZWUtYmJmNC00MzE0LWI1MjUtOTc0ZTIzMGZhNjIwP2FwaS12ZXJzaW9uPTIwMTctMDktMDE=",
      "RequestMethod": "GET",
      "RequestBody": "",
      "RequestHeaders": {
        "User-Agent": [
          "FxVersion/4.7.2600.0",
          "OSName/Windows10Enterprise",
          "OSVersion/6.3.16299",
          "Microsoft.Azure.Management.Network.NetworkManagementClient/15.1.0.0"
        ]
      },
      "ResponseBody": "",
      "ResponseHeaders": {
        "Content-Type": [
          "application/json; charset=utf-8"
        ],
        "Expires": [
          "-1"
        ],
        "Pragma": [
          "no-cache"
        ],
        "x-ms-request-id": [
          "bfaa23ee-bbf4-4314-b525-974e230fa620"
        ],
        "Azure-AsyncOperation": [
          "https://management.azure.com/subscriptions/c9cbd920-c00c-427c-852b-8aaf38badaeb/providers/Microsoft.Network/locations/westus/operations/bfaa23ee-bbf4-4314-b525-974e230fa620?api-version=2017-09-01"
        ],
        "Strict-Transport-Security": [
          "max-age=31536000; includeSubDomains"
        ],
        "Cache-Control": [
          "no-cache"
        ],
        "Location": [
          "https://management.azure.com/subscriptions/c9cbd920-c00c-427c-852b-8aaf38badaeb/providers/Microsoft.Network/locations/westus/operationResults/bfaa23ee-bbf4-4314-b525-974e230fa620?api-version=2017-09-01"
        ],
        "Server": [
          "Microsoft-HTTPAPI/2.0",
          "Microsoft-HTTPAPI/2.0"
        ],
        "x-ms-ratelimit-remaining-subscription-reads": [
          "14983"
        ],
        "x-ms-correlation-request-id": [
          "0061d339-1ad5-4238-82b4-b34b3c02556e"
        ],
        "x-ms-routing-request-id": [
          "WESTUS2:20180212T234414Z:0061d339-1ad5-4238-82b4-b34b3c02556e"
        ],
        "Date": [
          "Mon, 12 Feb 2018 23:44:14 GMT"
        ]
      },
      "StatusCode": 204
    },
    {
      "RequestUri": "/subscriptions/c9cbd920-c00c-427c-852b-8aaf38badaeb/resourceGroups/ps2013/providers/Microsoft.Network/loadBalancers?api-version=2017-09-01",
      "EncodedRequestUri": "L3N1YnNjcmlwdGlvbnMvYzljYmQ5MjAtYzAwYy00MjdjLTg1MmItOGFhZjM4YmFkYWViL3Jlc291cmNlR3JvdXBzL3BzMjAxMy9wcm92aWRlcnMvTWljcm9zb2Z0Lk5ldHdvcmsvbG9hZEJhbGFuY2Vycz9hcGktdmVyc2lvbj0yMDE3LTA5LTAx",
      "RequestMethod": "GET",
      "RequestBody": "",
      "RequestHeaders": {
        "x-ms-client-request-id": [
          "0d8bf125-99ec-4a70-a1d2-356eae7c335b"
        ],
        "accept-language": [
          "en-US"
        ],
        "User-Agent": [
          "FxVersion/4.7.2600.0",
          "OSName/Windows10Enterprise",
          "OSVersion/6.3.16299",
          "Microsoft.Azure.Management.Network.NetworkManagementClient/15.1.0.0"
        ]
      },
      "ResponseBody": "{\r\n  \"value\": []\r\n}",
      "ResponseHeaders": {
        "Content-Length": [
          "19"
        ],
        "Content-Type": [
          "application/json; charset=utf-8"
        ],
        "Expires": [
          "-1"
        ],
        "Pragma": [
          "no-cache"
        ],
        "x-ms-request-id": [
          "6fc4ed15-fb81-4bb2-823b-e3269ee0caae"
        ],
        "Strict-Transport-Security": [
          "max-age=31536000; includeSubDomains"
        ],
        "Cache-Control": [
          "no-cache"
        ],
        "Server": [
          "Microsoft-HTTPAPI/2.0",
          "Microsoft-HTTPAPI/2.0"
        ],
        "x-ms-ratelimit-remaining-subscription-reads": [
          "14982"
        ],
        "x-ms-correlation-request-id": [
          "e12abf6e-4fe6-42a4-8280-0f17320544df"
        ],
        "x-ms-routing-request-id": [
          "WESTUS2:20180212T234414Z:e12abf6e-4fe6-42a4-8280-0f17320544df"
        ],
        "Date": [
          "Mon, 12 Feb 2018 23:44:14 GMT"
        ]
      },
      "StatusCode": 200
    },
    {
      "RequestUri": "/subscriptions/c9cbd920-c00c-427c-852b-8aaf38badaeb/resourcegroups/ps2013?api-version=2016-02-01",
      "EncodedRequestUri": "L3N1YnNjcmlwdGlvbnMvYzljYmQ5MjAtYzAwYy00MjdjLTg1MmItOGFhZjM4YmFkYWViL3Jlc291cmNlZ3JvdXBzL3BzMjAxMz9hcGktdmVyc2lvbj0yMDE2LTAyLTAx",
      "RequestMethod": "DELETE",
      "RequestBody": "",
      "RequestHeaders": {
        "User-Agent": [
          "Microsoft.Azure.Management.Resources.ResourceManagementClient/2.0.0.0"
        ]
      },
      "ResponseBody": "",
      "ResponseHeaders": {
        "Content-Length": [
          "0"
        ],
        "Expires": [
          "-1"
        ],
        "Pragma": [
          "no-cache"
        ],
        "Retry-After": [
          "15"
        ],
        "x-ms-ratelimit-remaining-subscription-writes": [
          "1198"
        ],
        "x-ms-request-id": [
          "000124cb-5f5e-4e90-af64-2f2e84473fbb"
        ],
        "x-ms-correlation-request-id": [
          "000124cb-5f5e-4e90-af64-2f2e84473fbb"
        ],
        "x-ms-routing-request-id": [
          "WESTUS2:20180212T234416Z:000124cb-5f5e-4e90-af64-2f2e84473fbb"
        ],
        "Strict-Transport-Security": [
          "max-age=31536000; includeSubDomains"
        ],
        "Cache-Control": [
          "no-cache"
        ],
        "Date": [
          "Mon, 12 Feb 2018 23:44:16 GMT"
        ],
        "Location": [
          "https://management.azure.com/subscriptions/c9cbd920-c00c-427c-852b-8aaf38badaeb/operationresults/eyJqb2JJZCI6IlJFU09VUkNFR1JPVVBERUxFVElPTkpPQi1QUzIwMTMtV0VTVFVTIiwiam9iTG9jYXRpb24iOiJ3ZXN0dXMifQ?api-version=2016-02-01"
        ]
      },
      "StatusCode": 202
    },
    {
      "RequestUri": "/subscriptions/c9cbd920-c00c-427c-852b-8aaf38badaeb/operationresults/eyJqb2JJZCI6IlJFU09VUkNFR1JPVVBERUxFVElPTkpPQi1QUzIwMTMtV0VTVFVTIiwiam9iTG9jYXRpb24iOiJ3ZXN0dXMifQ?api-version=2016-02-01",
      "EncodedRequestUri": "L3N1YnNjcmlwdGlvbnMvYzljYmQ5MjAtYzAwYy00MjdjLTg1MmItOGFhZjM4YmFkYWViL29wZXJhdGlvbnJlc3VsdHMvZXlKcWIySkpaQ0k2SWxKRlUwOVZVa05GUjFKUFZWQkVSVXhGVkVsUFRrcFBRaTFRVXpJd01UTXRWMFZUVkZWVElpd2lhbTlpVEc5allYUnBiMjRpT2lKM1pYTjBkWE1pZlE/YXBpLXZlcnNpb249MjAxNi0wMi0wMQ==",
      "RequestMethod": "GET",
      "RequestBody": "",
      "RequestHeaders": {
        "x-ms-version": [
          "2016-02-01"
        ],
        "User-Agent": [
          "Microsoft.Azure.Management.Resources.ResourceManagementClient/2.0.0.0"
        ]
      },
      "ResponseBody": "",
      "ResponseHeaders": {
        "Content-Length": [
          "0"
        ],
        "Expires": [
          "-1"
        ],
        "Pragma": [
          "no-cache"
        ],
        "Retry-After": [
          "15"
        ],
        "x-ms-ratelimit-remaining-subscription-reads": [
          "14997"
        ],
        "x-ms-request-id": [
          "f48c9c55-b00a-48db-b76d-287c0021e556"
        ],
        "x-ms-correlation-request-id": [
          "f48c9c55-b00a-48db-b76d-287c0021e556"
        ],
        "x-ms-routing-request-id": [
          "WESTUS2:20180212T234417Z:f48c9c55-b00a-48db-b76d-287c0021e556"
        ],
        "Strict-Transport-Security": [
          "max-age=31536000; includeSubDomains"
        ],
        "Cache-Control": [
          "no-cache"
        ],
        "Date": [
          "Mon, 12 Feb 2018 23:44:16 GMT"
        ],
        "Location": [
          "https://management.azure.com/subscriptions/c9cbd920-c00c-427c-852b-8aaf38badaeb/operationresults/eyJqb2JJZCI6IlJFU09VUkNFR1JPVVBERUxFVElPTkpPQi1QUzIwMTMtV0VTVFVTIiwiam9iTG9jYXRpb24iOiJ3ZXN0dXMifQ?api-version=2016-02-01"
        ]
      },
      "StatusCode": 202
    },
    {
      "RequestUri": "/subscriptions/c9cbd920-c00c-427c-852b-8aaf38badaeb/operationresults/eyJqb2JJZCI6IlJFU09VUkNFR1JPVVBERUxFVElPTkpPQi1QUzIwMTMtV0VTVFVTIiwiam9iTG9jYXRpb24iOiJ3ZXN0dXMifQ?api-version=2016-02-01",
      "EncodedRequestUri": "L3N1YnNjcmlwdGlvbnMvYzljYmQ5MjAtYzAwYy00MjdjLTg1MmItOGFhZjM4YmFkYWViL29wZXJhdGlvbnJlc3VsdHMvZXlKcWIySkpaQ0k2SWxKRlUwOVZVa05GUjFKUFZWQkVSVXhGVkVsUFRrcFBRaTFRVXpJd01UTXRWMFZUVkZWVElpd2lhbTlpVEc5allYUnBiMjRpT2lKM1pYTjBkWE1pZlE/YXBpLXZlcnNpb249MjAxNi0wMi0wMQ==",
      "RequestMethod": "GET",
      "RequestBody": "",
      "RequestHeaders": {
        "x-ms-version": [
          "2016-02-01"
        ],
        "User-Agent": [
          "Microsoft.Azure.Management.Resources.ResourceManagementClient/2.0.0.0"
        ]
      },
      "ResponseBody": "",
      "ResponseHeaders": {
        "Content-Length": [
          "0"
        ],
        "Expires": [
          "-1"
        ],
        "Pragma": [
          "no-cache"
        ],
        "Retry-After": [
          "15"
        ],
        "x-ms-ratelimit-remaining-subscription-reads": [
          "14996"
        ],
        "x-ms-request-id": [
          "b2595afc-a589-4285-a55e-bc78698b7a39"
        ],
        "x-ms-correlation-request-id": [
          "b2595afc-a589-4285-a55e-bc78698b7a39"
        ],
        "x-ms-routing-request-id": [
          "WESTUS2:20180212T234432Z:b2595afc-a589-4285-a55e-bc78698b7a39"
        ],
        "Strict-Transport-Security": [
          "max-age=31536000; includeSubDomains"
        ],
        "Cache-Control": [
          "no-cache"
        ],
        "Date": [
          "Mon, 12 Feb 2018 23:44:31 GMT"
        ],
        "Location": [
          "https://management.azure.com/subscriptions/c9cbd920-c00c-427c-852b-8aaf38badaeb/operationresults/eyJqb2JJZCI6IlJFU09VUkNFR1JPVVBERUxFVElPTkpPQi1QUzIwMTMtV0VTVFVTIiwiam9iTG9jYXRpb24iOiJ3ZXN0dXMifQ?api-version=2016-02-01"
        ]
      },
      "StatusCode": 202
    },
    {
      "RequestUri": "/subscriptions/c9cbd920-c00c-427c-852b-8aaf38badaeb/operationresults/eyJqb2JJZCI6IlJFU09VUkNFR1JPVVBERUxFVElPTkpPQi1QUzIwMTMtV0VTVFVTIiwiam9iTG9jYXRpb24iOiJ3ZXN0dXMifQ?api-version=2016-02-01",
      "EncodedRequestUri": "L3N1YnNjcmlwdGlvbnMvYzljYmQ5MjAtYzAwYy00MjdjLTg1MmItOGFhZjM4YmFkYWViL29wZXJhdGlvbnJlc3VsdHMvZXlKcWIySkpaQ0k2SWxKRlUwOVZVa05GUjFKUFZWQkVSVXhGVkVsUFRrcFBRaTFRVXpJd01UTXRWMFZUVkZWVElpd2lhbTlpVEc5allYUnBiMjRpT2lKM1pYTjBkWE1pZlE/YXBpLXZlcnNpb249MjAxNi0wMi0wMQ==",
      "RequestMethod": "GET",
      "RequestBody": "",
      "RequestHeaders": {
        "x-ms-version": [
          "2016-02-01"
        ],
        "User-Agent": [
          "Microsoft.Azure.Management.Resources.ResourceManagementClient/2.0.0.0"
        ]
      },
      "ResponseBody": "",
      "ResponseHeaders": {
        "Content-Length": [
          "0"
        ],
        "Expires": [
          "-1"
        ],
        "Pragma": [
          "no-cache"
        ],
        "Retry-After": [
          "15"
        ],
        "x-ms-ratelimit-remaining-subscription-reads": [
          "14995"
        ],
        "x-ms-request-id": [
          "67064917-f7be-48fb-87fc-0bae0f61ef33"
        ],
        "x-ms-correlation-request-id": [
          "67064917-f7be-48fb-87fc-0bae0f61ef33"
        ],
        "x-ms-routing-request-id": [
          "WESTUS2:20180212T234447Z:67064917-f7be-48fb-87fc-0bae0f61ef33"
        ],
        "Strict-Transport-Security": [
          "max-age=31536000; includeSubDomains"
        ],
        "Cache-Control": [
          "no-cache"
        ],
        "Date": [
          "Mon, 12 Feb 2018 23:44:46 GMT"
        ],
        "Location": [
          "https://management.azure.com/subscriptions/c9cbd920-c00c-427c-852b-8aaf38badaeb/operationresults/eyJqb2JJZCI6IlJFU09VUkNFR1JPVVBERUxFVElPTkpPQi1QUzIwMTMtV0VTVFVTIiwiam9iTG9jYXRpb24iOiJ3ZXN0dXMifQ?api-version=2016-02-01"
        ]
      },
      "StatusCode": 202
    },
    {
      "RequestUri": "/subscriptions/c9cbd920-c00c-427c-852b-8aaf38badaeb/operationresults/eyJqb2JJZCI6IlJFU09VUkNFR1JPVVBERUxFVElPTkpPQi1QUzIwMTMtV0VTVFVTIiwiam9iTG9jYXRpb24iOiJ3ZXN0dXMifQ?api-version=2016-02-01",
      "EncodedRequestUri": "L3N1YnNjcmlwdGlvbnMvYzljYmQ5MjAtYzAwYy00MjdjLTg1MmItOGFhZjM4YmFkYWViL29wZXJhdGlvbnJlc3VsdHMvZXlKcWIySkpaQ0k2SWxKRlUwOVZVa05GUjFKUFZWQkVSVXhGVkVsUFRrcFBRaTFRVXpJd01UTXRWMFZUVkZWVElpd2lhbTlpVEc5allYUnBiMjRpT2lKM1pYTjBkWE1pZlE/YXBpLXZlcnNpb249MjAxNi0wMi0wMQ==",
      "RequestMethod": "GET",
      "RequestBody": "",
      "RequestHeaders": {
        "x-ms-version": [
          "2016-02-01"
        ],
        "User-Agent": [
          "Microsoft.Azure.Management.Resources.ResourceManagementClient/2.0.0.0"
        ]
      },
      "ResponseBody": "",
      "ResponseHeaders": {
        "Content-Length": [
          "0"
        ],
        "Expires": [
          "-1"
        ],
        "Pragma": [
          "no-cache"
        ],
        "Retry-After": [
          "15"
        ],
        "x-ms-ratelimit-remaining-subscription-reads": [
          "14994"
        ],
        "x-ms-request-id": [
          "e988e8da-7858-42d5-aa91-a41405ad781b"
        ],
        "x-ms-correlation-request-id": [
          "e988e8da-7858-42d5-aa91-a41405ad781b"
        ],
        "x-ms-routing-request-id": [
          "WESTUS2:20180212T234502Z:e988e8da-7858-42d5-aa91-a41405ad781b"
        ],
        "Strict-Transport-Security": [
          "max-age=31536000; includeSubDomains"
        ],
        "Cache-Control": [
          "no-cache"
        ],
        "Date": [
          "Mon, 12 Feb 2018 23:45:01 GMT"
        ],
        "Location": [
          "https://management.azure.com/subscriptions/c9cbd920-c00c-427c-852b-8aaf38badaeb/operationresults/eyJqb2JJZCI6IlJFU09VUkNFR1JPVVBERUxFVElPTkpPQi1QUzIwMTMtV0VTVFVTIiwiam9iTG9jYXRpb24iOiJ3ZXN0dXMifQ?api-version=2016-02-01"
        ]
      },
      "StatusCode": 202
    },
    {
      "RequestUri": "/subscriptions/c9cbd920-c00c-427c-852b-8aaf38badaeb/operationresults/eyJqb2JJZCI6IlJFU09VUkNFR1JPVVBERUxFVElPTkpPQi1QUzIwMTMtV0VTVFVTIiwiam9iTG9jYXRpb24iOiJ3ZXN0dXMifQ?api-version=2016-02-01",
      "EncodedRequestUri": "L3N1YnNjcmlwdGlvbnMvYzljYmQ5MjAtYzAwYy00MjdjLTg1MmItOGFhZjM4YmFkYWViL29wZXJhdGlvbnJlc3VsdHMvZXlKcWIySkpaQ0k2SWxKRlUwOVZVa05GUjFKUFZWQkVSVXhGVkVsUFRrcFBRaTFRVXpJd01UTXRWMFZUVkZWVElpd2lhbTlpVEc5allYUnBiMjRpT2lKM1pYTjBkWE1pZlE/YXBpLXZlcnNpb249MjAxNi0wMi0wMQ==",
      "RequestMethod": "GET",
      "RequestBody": "",
      "RequestHeaders": {
        "x-ms-version": [
          "2016-02-01"
        ],
        "User-Agent": [
          "Microsoft.Azure.Management.Resources.ResourceManagementClient/2.0.0.0"
        ]
      },
      "ResponseBody": "",
      "ResponseHeaders": {
        "Content-Length": [
          "0"
        ],
        "Expires": [
          "-1"
        ],
        "Pragma": [
          "no-cache"
        ],
        "Retry-After": [
          "15"
        ],
        "x-ms-ratelimit-remaining-subscription-reads": [
          "14993"
        ],
        "x-ms-request-id": [
          "f5389743-d6da-4710-b34b-b185f1d15d3c"
        ],
        "x-ms-correlation-request-id": [
          "f5389743-d6da-4710-b34b-b185f1d15d3c"
        ],
        "x-ms-routing-request-id": [
          "WESTUS2:20180212T234517Z:f5389743-d6da-4710-b34b-b185f1d15d3c"
        ],
        "Strict-Transport-Security": [
          "max-age=31536000; includeSubDomains"
        ],
        "Cache-Control": [
          "no-cache"
        ],
        "Date": [
          "Mon, 12 Feb 2018 23:45:16 GMT"
        ],
        "Location": [
          "https://management.azure.com/subscriptions/c9cbd920-c00c-427c-852b-8aaf38badaeb/operationresults/eyJqb2JJZCI6IlJFU09VUkNFR1JPVVBERUxFVElPTkpPQi1QUzIwMTMtV0VTVFVTIiwiam9iTG9jYXRpb24iOiJ3ZXN0dXMifQ?api-version=2016-02-01"
        ]
      },
      "StatusCode": 202
    },
    {
      "RequestUri": "/subscriptions/c9cbd920-c00c-427c-852b-8aaf38badaeb/operationresults/eyJqb2JJZCI6IlJFU09VUkNFR1JPVVBERUxFVElPTkpPQi1QUzIwMTMtV0VTVFVTIiwiam9iTG9jYXRpb24iOiJ3ZXN0dXMifQ?api-version=2016-02-01",
      "EncodedRequestUri": "L3N1YnNjcmlwdGlvbnMvYzljYmQ5MjAtYzAwYy00MjdjLTg1MmItOGFhZjM4YmFkYWViL29wZXJhdGlvbnJlc3VsdHMvZXlKcWIySkpaQ0k2SWxKRlUwOVZVa05GUjFKUFZWQkVSVXhGVkVsUFRrcFBRaTFRVXpJd01UTXRWMFZUVkZWVElpd2lhbTlpVEc5allYUnBiMjRpT2lKM1pYTjBkWE1pZlE/YXBpLXZlcnNpb249MjAxNi0wMi0wMQ==",
      "RequestMethod": "GET",
      "RequestBody": "",
      "RequestHeaders": {
        "x-ms-version": [
          "2016-02-01"
        ],
        "User-Agent": [
          "Microsoft.Azure.Management.Resources.ResourceManagementClient/2.0.0.0"
        ]
      },
      "ResponseBody": "",
      "ResponseHeaders": {
        "Content-Length": [
          "0"
        ],
        "Expires": [
          "-1"
        ],
        "Pragma": [
          "no-cache"
        ],
        "Retry-After": [
          "15"
        ],
        "x-ms-ratelimit-remaining-subscription-reads": [
          "14992"
        ],
        "x-ms-request-id": [
          "0096a605-a2df-4d3e-ba3b-76779a3e3002"
        ],
        "x-ms-correlation-request-id": [
          "0096a605-a2df-4d3e-ba3b-76779a3e3002"
        ],
        "x-ms-routing-request-id": [
          "WESTUS2:20180212T234532Z:0096a605-a2df-4d3e-ba3b-76779a3e3002"
        ],
        "Strict-Transport-Security": [
          "max-age=31536000; includeSubDomains"
        ],
        "Cache-Control": [
          "no-cache"
        ],
        "Date": [
          "Mon, 12 Feb 2018 23:45:31 GMT"
        ],
        "Location": [
          "https://management.azure.com/subscriptions/c9cbd920-c00c-427c-852b-8aaf38badaeb/operationresults/eyJqb2JJZCI6IlJFU09VUkNFR1JPVVBERUxFVElPTkpPQi1QUzIwMTMtV0VTVFVTIiwiam9iTG9jYXRpb24iOiJ3ZXN0dXMifQ?api-version=2016-02-01"
        ]
      },
      "StatusCode": 202
    },
    {
      "RequestUri": "/subscriptions/c9cbd920-c00c-427c-852b-8aaf38badaeb/operationresults/eyJqb2JJZCI6IlJFU09VUkNFR1JPVVBERUxFVElPTkpPQi1QUzIwMTMtV0VTVFVTIiwiam9iTG9jYXRpb24iOiJ3ZXN0dXMifQ?api-version=2016-02-01",
      "EncodedRequestUri": "L3N1YnNjcmlwdGlvbnMvYzljYmQ5MjAtYzAwYy00MjdjLTg1MmItOGFhZjM4YmFkYWViL29wZXJhdGlvbnJlc3VsdHMvZXlKcWIySkpaQ0k2SWxKRlUwOVZVa05GUjFKUFZWQkVSVXhGVkVsUFRrcFBRaTFRVXpJd01UTXRWMFZUVkZWVElpd2lhbTlpVEc5allYUnBiMjRpT2lKM1pYTjBkWE1pZlE/YXBpLXZlcnNpb249MjAxNi0wMi0wMQ==",
      "RequestMethod": "GET",
      "RequestBody": "",
      "RequestHeaders": {
        "x-ms-version": [
          "2016-02-01"
        ],
        "User-Agent": [
          "Microsoft.Azure.Management.Resources.ResourceManagementClient/2.0.0.0"
        ]
      },
      "ResponseBody": "",
      "ResponseHeaders": {
        "Content-Length": [
          "0"
        ],
        "Expires": [
          "-1"
        ],
        "Pragma": [
          "no-cache"
        ],
        "Retry-After": [
          "15"
        ],
        "x-ms-ratelimit-remaining-subscription-reads": [
          "14991"
        ],
        "x-ms-request-id": [
          "5242b32c-4683-4496-bca3-78456e130445"
        ],
        "x-ms-correlation-request-id": [
          "5242b32c-4683-4496-bca3-78456e130445"
        ],
        "x-ms-routing-request-id": [
          "WESTUS2:20180212T234547Z:5242b32c-4683-4496-bca3-78456e130445"
        ],
        "Strict-Transport-Security": [
          "max-age=31536000; includeSubDomains"
        ],
        "Cache-Control": [
          "no-cache"
        ],
        "Date": [
          "Mon, 12 Feb 2018 23:45:46 GMT"
        ],
        "Location": [
          "https://management.azure.com/subscriptions/c9cbd920-c00c-427c-852b-8aaf38badaeb/operationresults/eyJqb2JJZCI6IlJFU09VUkNFR1JPVVBERUxFVElPTkpPQi1QUzIwMTMtV0VTVFVTIiwiam9iTG9jYXRpb24iOiJ3ZXN0dXMifQ?api-version=2016-02-01"
        ]
      },
      "StatusCode": 202
    },
    {
      "RequestUri": "/subscriptions/c9cbd920-c00c-427c-852b-8aaf38badaeb/operationresults/eyJqb2JJZCI6IlJFU09VUkNFR1JPVVBERUxFVElPTkpPQi1QUzIwMTMtV0VTVFVTIiwiam9iTG9jYXRpb24iOiJ3ZXN0dXMifQ?api-version=2016-02-01",
      "EncodedRequestUri": "L3N1YnNjcmlwdGlvbnMvYzljYmQ5MjAtYzAwYy00MjdjLTg1MmItOGFhZjM4YmFkYWViL29wZXJhdGlvbnJlc3VsdHMvZXlKcWIySkpaQ0k2SWxKRlUwOVZVa05GUjFKUFZWQkVSVXhGVkVsUFRrcFBRaTFRVXpJd01UTXRWMFZUVkZWVElpd2lhbTlpVEc5allYUnBiMjRpT2lKM1pYTjBkWE1pZlE/YXBpLXZlcnNpb249MjAxNi0wMi0wMQ==",
      "RequestMethod": "GET",
      "RequestBody": "",
      "RequestHeaders": {
        "x-ms-version": [
          "2016-02-01"
        ],
        "User-Agent": [
          "Microsoft.Azure.Management.Resources.ResourceManagementClient/2.0.0.0"
        ]
      },
      "ResponseBody": "",
      "ResponseHeaders": {
        "Content-Length": [
          "0"
        ],
        "Expires": [
          "-1"
        ],
        "Pragma": [
          "no-cache"
        ],
        "x-ms-ratelimit-remaining-subscription-reads": [
          "14990"
        ],
        "x-ms-request-id": [
          "e49381f1-b52f-4e49-b63e-b0c765a805ef"
        ],
        "x-ms-correlation-request-id": [
          "e49381f1-b52f-4e49-b63e-b0c765a805ef"
        ],
        "x-ms-routing-request-id": [
          "WESTUS2:20180212T234602Z:e49381f1-b52f-4e49-b63e-b0c765a805ef"
        ],
        "Strict-Transport-Security": [
          "max-age=31536000; includeSubDomains"
        ],
        "Cache-Control": [
          "no-cache"
        ],
        "Date": [
          "Mon, 12 Feb 2018 23:46:02 GMT"
        ]
      },
      "StatusCode": 200
    }
  ],
  "Names": {
    "Test-LoadBalancerCRUD-InternalHighlyAvailableBasicSku": [
      "ps2013",
      "ps5312",
      "ps5009",
      "ps4644",
      "ps7270",
      "ps5643",
      "ps5664",
      "ps3595",
      "ps4176",
      "ps3387",
      "ps3346"
    ]
  },
  "Variables": {
    "SubscriptionId": "c9cbd920-c00c-427c-852b-8aaf38badaeb"
  }
}